Component: ARM Compiler 5.06 update 7 (build 960) Tool: armlink [4d3601]

==============================================================================

Section Cross References

    startup_stm32f407xx.o(STACK) refers (Special) to heapauxi.o(.text) for __use_two_region_memory
    startup_stm32f407xx.o(HEAP) refers (Special) to heapauxi.o(.text) for __use_two_region_memory
    startup_stm32f407xx.o(RESET) refers (Special) to heapauxi.o(.text) for __use_two_region_memory
    startup_stm32f407xx.o(RESET) refers to startup_stm32f407xx.o(STACK) for __initial_sp
    startup_stm32f407xx.o(RESET) refers to startup_stm32f407xx.o(.text) for Reset_Handler
    startup_stm32f407xx.o(RESET) refers to stm32f4xx_it.o(i.NMI_Handler) for NMI_Handler
    startup_stm32f407xx.o(RESET) refers to stm32f4xx_it.o(i.HardFault_Handler) for HardFault_Handler
    startup_stm32f407xx.o(RESET) refers to stm32f4xx_it.o(i.MemManage_Handler) for MemManage_Handler
    startup_stm32f407xx.o(RESET) refers to stm32f4xx_it.o(i.BusFault_Handler) for BusFault_Handler
    startup_stm32f407xx.o(RESET) refers to stm32f4xx_it.o(i.UsageFault_Handler) for UsageFault_Handler
    startup_stm32f407xx.o(RESET) refers to stm32f4xx_it.o(i.SVC_Handler) for SVC_Handler
    startup_stm32f407xx.o(RESET) refers to stm32f4xx_it.o(i.DebugMon_Handler) for DebugMon_Handler
    startup_stm32f407xx.o(RESET) refers to stm32f4xx_it.o(i.PendSV_Handler) for PendSV_Handler
    startup_stm32f407xx.o(RESET) refers to stm32f4xx_it.o(i.SysTick_Handler) for SysTick_Handler
    startup_stm32f407xx.o(RESET) refers to stm32f4xx_it.o(i.USART1_IRQHandler) for USART1_IRQHandler
    startup_stm32f407xx.o(RESET) refers to stm32f4xx_it.o(i.DMA2_Stream2_IRQHandler) for DMA2_Stream2_IRQHandler
    startup_stm32f407xx.o(RESET) refers to stm32f4xx_it.o(i.DMA2_Stream6_IRQHandler) for DMA2_Stream6_IRQHandler
    startup_stm32f407xx.o(.text) refers (Special) to heapauxi.o(.text) for __use_two_region_memory
    startup_stm32f407xx.o(.text) refers to system_stm32f4xx.o(i.SystemInit) for SystemInit
    startup_stm32f407xx.o(.text) refers to __main.o(!!!main) for __main
    startup_stm32f407xx.o(.text) refers to startup_stm32f407xx.o(HEAP) for Heap_Mem
    startup_stm32f407xx.o(.text) refers to startup_stm32f407xx.o(STACK) for Stack_Mem
    main.o(i.SystemClock_Config) refers to rt_memclr_w.o(.text) for __aeabi_memclr4
    main.o(i.SystemClock_Config) refers to stm32f4xx_hal_rcc.o(i.HAL_RCC_OscConfig) for HAL_RCC_OscConfig
    main.o(i.SystemClock_Config) refers to stm32f4xx_hal_rcc.o(i.HAL_RCC_ClockConfig) for HAL_RCC_ClockConfig
    main.o(i.main) refers to stm32f4xx_hal.o(i.HAL_Init) for HAL_Init
    main.o(i.main) refers to main.o(i.SystemClock_Config) for SystemClock_Config
    main.o(i.main) refers to gpio.o(i.MX_GPIO_Init) for MX_GPIO_Init
    main.o(i.main) refers to dma.o(i.MX_DMA_Init) for MX_DMA_Init
    main.o(i.main) refers to usart.o(i.MX_USART1_UART_Init) for MX_USART1_UART_Init
    main.o(i.main) refers to usart.o(i.MX_USART3_UART_Init) for MX_USART3_UART_Init
    main.o(i.main) refers to tim.o(i.MX_TIM1_Init) for MX_TIM1_Init
    main.o(i.main) refers to dac.o(i.MX_DAC_Init) for MX_DAC_Init
    main.o(i.main) refers to bsp_ad603.o(i.bsp_ad603_init) for bsp_ad603_init
    main.o(i.main) refers to bsp_ad9220.o(i.bsp_ad9220_init) for bsp_ad9220_init
    main.o(i.main) refers to app_process.o(i.HMI_Process_Init) for HMI_Process_Init
    main.o(i.main) refers to app_process.o(i.Debug_printf) for Debug_printf
    main.o(i.main) refers to app_process.o(i.App_Main_Process_Poll) for App_Main_Process_Poll
    gpio.o(i.MX_GPIO_Init) refers to rt_memclr_w.o(.text) for __aeabi_memclr4
    gpio.o(i.MX_GPIO_Init) refers to stm32f4xx_hal_gpio.o(i.HAL_GPIO_WritePin) for HAL_GPIO_WritePin
    gpio.o(i.MX_GPIO_Init) refers to stm32f4xx_hal_gpio.o(i.HAL_GPIO_Init) for HAL_GPIO_Init
    dac.o(i.HAL_DAC_MspDeInit) refers to stm32f4xx_hal_gpio.o(i.HAL_GPIO_DeInit) for HAL_GPIO_DeInit
    dac.o(i.HAL_DAC_MspInit) refers to rt_memclr_w.o(.text) for __aeabi_memclr4
    dac.o(i.HAL_DAC_MspInit) refers to stm32f4xx_hal_gpio.o(i.HAL_GPIO_Init) for HAL_GPIO_Init
    dac.o(i.MX_DAC_Init) refers to stm32f4xx_hal_dac.o(i.HAL_DAC_Init) for HAL_DAC_Init
    dac.o(i.MX_DAC_Init) refers to main.o(i.Error_Handler) for Error_Handler
    dac.o(i.MX_DAC_Init) refers to stm32f4xx_hal_dac.o(i.HAL_DAC_ConfigChannel) for HAL_DAC_ConfigChannel
    dac.o(i.MX_DAC_Init) refers to dac.o(.bss) for .bss
    dma.o(i.MX_DMA_Init) refers to stm32f4xx_hal_cortex.o(i.HAL_NVIC_SetPriority) for HAL_NVIC_SetPriority
    dma.o(i.MX_DMA_Init) refers to stm32f4xx_hal_cortex.o(i.HAL_NVIC_EnableIRQ) for HAL_NVIC_EnableIRQ
    tim.o(i.HAL_TIM_Base_MspDeInit) refers to stm32f4xx_hal_dma.o(i.HAL_DMA_DeInit) for HAL_DMA_DeInit
    tim.o(i.HAL_TIM_Base_MspInit) refers to stm32f4xx_hal_dma.o(i.HAL_DMA_Init) for HAL_DMA_Init
    tim.o(i.HAL_TIM_Base_MspInit) refers to main.o(i.Error_Handler) for Error_Handler
[...]
    i.HAL_InitTick                           0x080024d0   Section        0  stm32f4xx_hal.o(i.HAL_InitTick)
    i.HAL_MspInit                            0x08002510   Section        0  stm32f4xx_hal_msp.o(i.HAL_MspInit)
    i.HAL_NVIC_EnableIRQ                     0x08002540   Section        0  stm32f4xx_hal_cortex.o(i.HAL_NVIC_EnableIRQ)
    i.HAL_NVIC_SetPriority                   0x0800255c   Section        0  stm32f4xx_hal_cortex.o(i.HAL_NVIC_SetPriority)
    i.HAL_NVIC_SetPriorityGrouping           0x0800259c   Section        0  stm32f4xx_hal_cortex.o(i.HAL_NVIC_SetPriorityGrouping)
    i.HAL_RCC_ClockConfig                    0x080025c0   Section        0  stm32f4xx_hal_rcc.o(i.HAL_RCC_ClockConfig)
    i.HAL_RCC_GetPCLK1Freq                   0x080026f4   Section        0  stm32f4xx_hal_rcc.o(i.HAL_RCC_GetPCLK1Freq)
    i.HAL_RCC_GetPCLK2Freq                   0x08002714   Section        0  stm32f4xx_hal_rcc.o(i.HAL_RCC_GetPCLK2Freq)
    i.HAL_RCC_GetSysClockFreq                0x08002734   Section        0  stm32f4xx_hal_rcc.o(i.HAL_RCC_GetSysClockFreq)
    i.HAL_RCC_OscConfig                      0x08002794   Section        0  stm32f4xx_hal_rcc.o(i.HAL_RCC_OscConfig)
    i.HAL_SYSTICK_Config                     0x08002b00   Section        0  stm32f4xx_hal_cortex.o(i.HAL_SYSTICK_Config)
    i.HAL_TIMEx_ConfigBreakDeadTime          0x08002b28   Section        0  stm32f4xx_hal_tim_ex.o(i.HAL_TIMEx_ConfigBreakDeadTime)
    i.HAL_TIMEx_MasterConfigSynchronization  0x08002b7c   Section        0  stm32f4xx_hal_tim_ex.o(i.HAL_TIMEx_MasterConfigSynchronization)
    i.HAL_TIM_Base_Init                      0x08002c0c   Section        0  stm32f4xx_hal_tim.o(i.HAL_TIM_Base_Init)
    i.HAL_TIM_Base_MspInit                   0x08002c68   Section        0  tim.o(i.HAL_TIM_Base_MspInit)
    i.HAL_TIM_ConfigClockSource              0x08002cd4   Section        0  stm32f4xx_hal_tim.o(i.HAL_TIM_ConfigClockSource)
    i.HAL_TIM_MspPostInit                    0x08002db0   Section        0  tim.o(i.HAL_TIM_MspPostInit)
    i.HAL_TIM_PWM_ConfigChannel              0x08002e30   Section        0  stm32f4xx_hal_tim.o(i.HAL_TIM_PWM_ConfigChannel)
    i.HAL_TIM_PWM_Init                       0x08002efc   Section        0  stm32f4xx_hal_tim.o(i.HAL_TIM_PWM_Init)
    i.HAL_TIM_PWM_MspInit                    0x08002f56   Section        0  stm32f4xx_hal_tim.o(i.HAL_TIM_PWM_MspInit)
    i.HAL_TIM_PWM_Start                      0x08002f58   Section        0  stm32f4xx_hal_tim.o(i.HAL_TIM_PWM_Start)
    i.HAL_TIM_PWM_Stop                       0x08003020   Section        0  stm32f4xx_hal_tim.o(i.HAL_TIM_PWM_Stop)
    i.HAL_UARTEx_RxEventCallback             0x0800309c   Section        0  stm32f4xx_hal_uart.o(i.HAL_UARTEx_RxEventCallback)
    i.HAL_UART_ErrorCallback                 0x0800309e   Section        0  stm32f4xx_hal_uart.o(i.HAL_UART_ErrorCallback)
    i.HAL_UART_IRQHandler                    0x080030a0   Section        0  stm32f4xx_hal_uart.o(i.HAL_UART_IRQHandler)
    i.HAL_UART_Init                          0x08003320   Section        0  stm32f4xx_hal_uart.o(i.HAL_UART_Init)
    i.HAL_UART_MspInit                       0x08003384   Section        0  usart.o(i.HAL_UART_MspInit)
    i.HAL_UART_Receive_IT                    0x08003478   Section        0  stm32f4xx_hal_uart.o(i.HAL_UART_Receive_IT)
    i.HAL_UART_RxCpltCallback                0x08003494   Section        0  app_process.o(i.HAL_UART_RxCpltCallback)
    i.HAL_UART_Transmit                      0x080034b8   Section        0  stm32f4xx_hal_uart.o(i.HAL_UART_Transmit)
    i.HAL_UART_TxCpltCallback                0x08003558   Section        0  stm32f4xx_hal_uart.o(i.HAL_UART_TxCpltCallback)
    i.HMI_Process_Init                       0x0800355c   Section        0  app_process.o(i.HMI_Process_Init)
    i.HardFault_Handler                      0x08003570   Section        0  stm32f4xx_it.o(i.HardFault_Handler)
    i.MX_DAC_Init                            0x08003574   Section        0  dac.o(i.MX_DAC_Init)
    i.MX_DMA_Init                            0x080035b0   Section        0  dma.o(i.MX_DMA_Init)
    i.MX_GPIO_Init                           0x080035ec   Section        0  gpio.o(i.MX_GPIO_Init)
    i.MX_TIM1_Init                           0x0800368c   Section        0  tim.o(i.MX_TIM1_Init)
    i.MX_USART1_UART_Init                    0x08003768   Section        0  usart.o(i.MX_USART1_UART_Init)
    i.MX_USART3_UART_Init                    0x080037a0   Section        0  usart.o(i.MX_USART3_UART_Init)
    i.MemManage_Handler                      0x080037d8   Section        0  stm32f4xx_it.o(i.MemManage_Handler)
    i.NMI_Handler                            0x080037da   Section        0  stm32f4xx_it.o(i.NMI_Handler)
    i.PendSV_Handler                         0x080037dc   Section        0  stm32f4xx_it.o(i.PendSV_Handler)
    i.SVC_Handler                            0x080037de   Section        0  stm32f4xx_it.o(i.SVC_Handler)
    i.SysTick_Handler                        0x080037e0   Section        0  stm32f4xx_it.o(i.SysTick_Handler)
    i.SystemClock_Config                     0x080037e4   Section        0  main.o(i.SystemClock_Config)
    i.SystemInit                             0x0800387c   Section        0  system_stm32f4xx.o(i.SystemInit)
    i.TIM_Base_SetConfig                     0x0800388c   Section        0  stm32f4xx_hal_tim.o(i.TIM_Base_SetConfig)
    i.TIM_CCxChannelCmd                      0x0800395c   Section        0  stm32f4xx_hal_tim.o(i.TIM_CCxChannelCmd)
    i.TIM_ETR_SetConfig                      0x08003976   Section        0  stm32f4xx_hal_tim.o(i.TIM_ETR_SetConfig)
    i.TIM_ITRx_SetConfig                     0x0800398a   Section        0  stm32f4xx_hal_tim.o(i.TIM_ITRx_SetConfig)
    TIM_ITRx_SetConfig                       0x0800398b   Thumb Code    16  stm32f4xx_hal_tim.o(i.TIM_ITRx_SetConfig)
    i.TIM_OC1_SetConfig                      0x0800399c   Section        0  stm32f4xx_hal_tim.o(i.TIM_OC1_SetConfig)
    TIM_OC1_SetConfig                        0x0800399d   Thumb Code    88  stm32f4xx_hal_tim.o(i.TIM_OC1_SetConfig)
    i.TIM_OC2_SetConfig                      0x080039fc   Section        0  stm32f4xx_hal_tim.o(i.TIM_OC2_SetConfig)
    i.TIM_OC3_SetConfig                      0x08003a68   Section        0  stm32f4xx_hal_tim.o(i.TIM_OC3_SetConfig)
    TIM_OC3_SetConfig                        0x08003a69   Thumb Code    96  stm32f4xx_hal_tim.o(i.TIM_OC3_SetConfig)
    i.TIM_OC4_SetConfig                      0x08003ad0   Section        0  stm32f4xx_hal_tim.o(i.TIM_OC4_SetConfig)
    TIM_OC4_SetConfig                        0x08003ad1   Thumb Code    70  stm32f4xx_hal_tim.o(i.TIM_OC4_SetConfig)
    i.TIM_TI1_ConfigInputStage               0x08003b20   Section        0  stm32f4xx_hal_tim.o(i.TIM_TI1_ConfigInputStage)
    TIM_TI1_ConfigInputStage                 0x08003b21   Thumb Code    34  stm32f4xx_hal_tim.o(i.TIM_TI1_ConfigInputStage)
    i.TIM_TI2_ConfigInputStage               0x08003b42   Section        0  stm32f4xx_hal_tim.o(i.TIM_TI2_ConfigInputStage)
    TIM_TI2_ConfigInputStage                 0x08003b43   Thumb Code    36  stm32f4xx_hal_tim.o(i.TIM_TI2_ConfigInputStage)
    i.Task_Button_Response                   0x08003b68   Section        0  app_process.o(i.Task_Button_Response)
    Task_Button_Response                     0x08003b69   Thumb Code    66  app_process.o(i.Task_Button_Response)
    i.UART_DMAAbortOnError                   0x08003c70   Section        0  stm32f4xx_hal_uart.o(i.UART_DMAAbortOnError)
    UART_DMAAbortOnError                     0x08003c71   Thumb Code    14  stm32f4xx_hal_uart.o(i.UART_DMAAbortOnError)
    i.UART_EndRxTransfer                     0x08003c7e   Section        0  stm32f4xx_hal_uart.o(i.UART_EndRxTransfer)
    UART_EndRxTransfer                       0x08003c7f   Thumb Code    78  stm32f4xx_hal_uart.o(i.UART_EndRxTransfer)
    i.UART_Receive_IT                        0x08003ccc   Section        0  stm32f4xx_hal_uart.o(i.UART_Receive_IT)
    UART_Receive_IT                          0x08003ccd   Thumb Code   194  stm32f4xx_hal_uart.o(i.UART_Receive_IT)
    i.UART_SetConfig                         0x08003d90   Section        0  stm32f4xx_hal_uart.o(i.UART_SetConfig)
    UART_SetConfig                           0x08003d91   Thumb Code   258  stm32f4xx_hal_uart.o(i.UART_SetConfig)
    i.UART_Start_Receive_IT                  0x08003e9c   Section        0  stm32f4xx_hal_uart.o(i.UART_Start_Receive_IT)
    i.UART_WaitOnFlagUntilTimeout            0x08003ed2   Section        0  stm32f4xx_hal_uart.o(i.UART_WaitOnFlagUntilTimeout)
    UART_WaitOnFlagUntilTimeout              0x08003ed3   Thumb Code   114  stm32f4xx_hal_uart.o(i.UART_WaitOnFlagUntilTimeout)
    i.USART1_IRQHandler                      0x08003f44   Section        0  stm32f4xx_it.o(i.USART1_IRQHandler)
    i.UsageFault_Handler                     0x08003f50   Section        0  stm32f4xx_it.o(i.UsageFault_Handler)
    i.__ARM_fpclassify                       0x08003f52   Section        0  fpclassify.o(i.__ARM_fpclassify)
    i.__NVIC_SetPriority                     0x08003f82   Section        0  stm32f4xx_hal_cortex.o(i.__NVIC_SetPriority)
    __NVIC_SetPriority                       0x08003f83   Thumb Code    32  stm32f4xx_hal_cortex.o(i.__NVIC_SetPriority)
    i._is_digit                              0x08003fa2   Section        0  __printf_wp.o(i._is_digit)
    i.bsp_ad603_init                         0x08003fb0   Section        0  bsp_ad603.o(i.bsp_ad603_init)
    i.bsp_ad603_set_gain                     0x08003fdc   Section        0  bsp_ad603.o(i.bsp_ad603_set_gain)
    i.bsp_ad9220_init                        0x08004028   Section        0  bsp_ad9220.o(i.bsp_ad9220_init)
    i.main                                   0x08004088   Section        0  main.o(i.main)
    locale$$code                             0x080040e0   Section       44  lc_numeric_c.o(locale$$code)
    locale$$code                             0x0800410c   Section       44  lc_ctype_c.o(locale$$code)
    x$fpl$fpinit                             0x08004138   Section       10  fpinit.o(x$fpl$fpinit)
    $v0                                      0x08004138   Number         0  fpinit.o(x$fpl$fpinit)
    x$fpl$printf1                            0x08004142   Section        4  printf1.o(x$fpl$printf1)
    $v0                                      0x08004142   Number         0  printf1.o(x$fpl$printf1)
    x$fpl$printf2                            0x08004146   Section        4  printf2.o(x$fpl$printf2)
    $v0                                      0x08004146   Number         0  printf2.o(x$fpl$printf2)
    .constdata                               0x0800414a   Section        8  stm32f4xx_hal_dma.o(.constdata)
    x$fpl$usenofp                            0x0800414a   Section        0  usenofp.o(x$fpl$usenofp)
    flagBitshiftOffset                       0x0800414a   Data           8  stm32f4xx_hal_dma.o(.constdata)
    .constdata                               0x08004152   Section       16  system_stm32f4xx.o(.constdata)
    .constdata                               0x08004162   Section        8  system_stm32f4xx.o(.constdata)
    .constdata                               0x0800416a   Section       17  __printf_flags_ss_wp.o(.constdata)
    maptable                                 0x0800416a   Data          17  __printf_flags_ss_wp.o(.constdata)
    .constdata                               0x0800417c   Section        8  _printf_wctomb.o(.constdata)
    initial_mbstate                          0x0800417c   Data           8  _printf_wctomb.o(.constdata)
    .constdata                               0x08004184   Section       40  _printf_hex_int_ll_ptr.o(.constdata)
    uc_hextab                                0x08004184   Data          20  _printf_hex_int_ll_ptr.o(.constdata)
    lc_hextab                                0x08004198   Data          20  _printf_hex_int_ll_ptr.o(.constdata)
    .constdata                               0x080041ac   Section       38  _printf_fp_hex.o(.constdata)
    lc_hextab                                0x080041ac   Data          19  _printf_fp_hex.o(.constdata)
    uc_hextab                                0x080041bf   Data          19  _printf_fp_hex.o(.constdata)
    .constdata                               0x080041d4   Section      148  bigflt0.o(.constdata)
    tenpwrs_x                                0x080041d4   Data          60  bigflt0.o(.constdata)
    tenpwrs_i                                0x08004210   Data          64  bigflt0.o(.constdata)
    locale$$data                             0x08004288   Section       28  lc_numeric_c.o(locale$$data)
    __lcnum_c_name                           0x0800428c   Data           2  lc_numeric_c.o(locale$$data)
    __lcnum_c_start                          0x08004294   Data           0  lc_numeric_c.o(locale$$data)
    __lcnum_c_point                          0x080042a0   Data           0  lc_numeric_c.o(locale$$data)
    __lcnum_c_thousands                      0x080042a2   Data           0  lc_numeric_c.o(locale$$data)
    __lcnum_c_grouping                       0x080042a3   Data           0  lc_numeric_c.o(locale$$data)
    locale$$data                             0x080042a4   Section      272  lc_ctype_c.o(locale$$data)
    __lcnum_c_end                            0x080042a4   Data           0  lc_numeric_c.o(locale$$data)
    __lcctype_c_name                         0x080042a8   Data           2  lc_ctype_c.o(locale$$data)
    __lcctype_c_start                        0x080042b0   Data           0  lc_ctype_c.o(locale$$data)
    __lcctype_c_end                          0x080043b4   Data           0  lc_ctype_c.o(locale$$data)
    .data                                    0x20000000   Section       12  stm32f4xx_hal.o(.data)
    .data                                    0x2000000c   Section        4  system_stm32f4xx.o(.data)
    .data                                    0x20000010   Section        3  app_process.o(.data)
    hmi_cmd_flag                             0x20000010   Data           1  app_process.o(.data)
    hmi_cmd_data                             0x20000011   Data           1  app_process.o(.data)
    hmi_rx_buffer                            0x20000012   Data           1  app_process.o(.data)
    .data                                    0x20000014   Section        4  bsp_ad603.o(.data)
    current_gain                             0x20000014   Data           1  bsp_ad603.o(.data)
    current_dac_code                         0x20000016   Data           2  bsp_ad603.o(.data)
    .bss                                     0x20000018   Section       20  dac.o(.bss)
    .bss                                     0x2000002c   Section      168  tim.o(.bss)
    .bss                                     0x200000d4   Section      240  usart.o(.bss)
    .bss                                     0x200001c4   Section      160  app_process.o(.bss)
    debug_buffer                             0x200001c4   Data         160  app_process.o(.bss)
    .bss                                     0x20000264   Section       96  libspace.o(.bss)
    HEAP                                     0x200002c8   Section      512  startup_stm32f407xx.o(HEAP)
    Heap_Mem                                 0x200002c8   Data         512  startup_stm32f407xx.o(HEAP)
    STACK                                    0x200004c8   Section     1024  startup_stm32f407xx.o(STACK)
    Stack_Mem                                0x200004c8   Data        1024  startup_stm32f407xx.o(STACK)
    __initial_sp                             0x200008c8   Data           0  startup_stm32f407xx.o(STACK)

    Global Symbols

    Symbol Name                              Value     Ov Type        Size  Object(Section)

    BuildAttributes$$THM_ISAv4$E$P$D$K$B$S$7EM$VFPi3$EXTD16$VFPS$VFMA$PE$A:L22UL41UL21$X:L11$S22US41US21$IEEE1$IW$USESV6$~STKCKD$USESV7$~SHL$OTIME$ROPI$IEEEJ$EBA8$UX$STANDARDLIB$REQ8$PRES8$EABIv2 0x00000000   Number         0  anon$$obj.o ABSOLUTE
    __ARM_use_no_argv                        0x00000000   Number         0  main.o ABSOLUTE
    _printf_flags                            0x00000000   Number         0  printf_stubs.o ABSOLUTE
    _printf_return_value                     0x00000000   Number         0  printf_stubs.o ABSOLUTE
    _printf_sizespec                         0x00000000   Number         0  printf_stubs.o ABSOLUTE
    _printf_widthprec                        0x00000000   Number         0  printf_stubs.o ABSOLUTE
    __ARM_exceptions_init                     - Undefined Weak Reference
    __alloca_initialize                       - Undefined Weak Reference
    __arm_fini_                               - Undefined Weak Reference
    __arm_preinit_                            - Undefined Weak Reference
    __cpp_initialize__aeabi_                  - Undefined Weak Reference
    __cxa_finalize                            - Undefined Weak Reference
    __sigvec_lookup                           - Undefined Weak Reference
    _atexit_init                              - Undefined Weak Reference
    _call_atexit_fns                          - Undefined Weak Reference
    _clock_init                               - Undefined Weak Reference
    _fp_trap_init                             - Undefined Weak Reference
    _fp_trap_shutdown                         - Undefined Weak Reference
    _get_lc_collate                           - Undefined Weak Reference
    _get_lc_monetary                          - Undefined Weak Reference
    _get_lc_time                              - Undefined Weak Reference
    _getenv_init                              - Undefined Weak Reference
    _handle_redirection                       - Undefined Weak Reference
    _init_alloc                               - Undefined Weak Reference
    _init_user_alloc                          - Undefined Weak Reference
    _initio                                   - Undefined Weak Reference
    _printf_mbtowc                            - Undefined Weak Reference
    _printf_wc                                - Undefined Weak Reference
    _rand_init                                - Undefined Weak Reference
    _signal_finish                            - Undefined Weak Reference
    _signal_init                              - Undefined Weak Reference
    _terminate_alloc                          - Undefined Weak Reference
    _terminate_user_alloc                     - Undefined Weak Reference
    _terminateio                              - Undefined Weak Reference
    __Vectors_Size                           0x00000188   Number         0  startup_stm32f407xx.o ABSOLUTE
    __Vectors                                0x08000000   Data           4  startup_stm32f407xx.o(RESET)
    __Vectors_End                            0x08000188   Data           0  startup_stm32f407xx.o(RESET)
    __main                                   0x08000189   Thumb Code     8  __main.o(!!!main)
    __scatterload                            0x08000191   Thumb Code     0  __scatter.o(!!!scatter)
    __scatterload_rt2                        0x08000191   Thumb Code    44  __scatter.o(!!!scatter)
    __scatterload_rt2_thumb_only             0x08000191   Thumb Code     0  __scatter.o(!!!scatter)
    __scatterload_null                       0x0800019f   Thumb Code     0  __scatter.o(!!!scatter)
    __scatterload_copy                       0x080001c5   Thumb Code    26  __scatter_copy.o(!!handler_copy)
    __scatterload_zeroinit                   0x080001e1   Thumb Code    28  __scatter_zi.o(!!handler_zi)
    _printf_n                                0x080001fd   Thumb Code     0  _printf_n.o(.ARM.Collect$$_printf_percent$$00000001)
    _printf_percent                          0x080001fd   Thumb Code     0  _printf_percent.o(.ARM.Collect$$_printf_percent$$00000000)
    _printf_p                                0x08000203   Thumb Code     0  _printf_p.o(.ARM.Collect$$_printf_percent$$00000002)
    _printf_f                                0x08000209   Thumb Code     0  _printf_f.o(.ARM.Collect$$_printf_percent$$00000003)
    _printf_e                                0x0800020f   Thumb Code     0  _printf_e.o(.ARM.Collect$$_printf_percent$$00000004)
    _printf_g                                0x08000215   Thumb Code     0  _printf_g.o(.ARM.Collect$$_printf_percent$$00000005)
    _printf_a                                0x0800021b   Thumb Code     0  _printf_a.o(.ARM.Collect$$_printf_percent$$00000006)
    _printf_ll                               0x08000221   Thumb Code     0  _printf_ll.o(.ARM.Collect$$_printf_percent$$00000007)
    _printf_i                                0x0800022b   Thumb Code     0  _printf_i.o(.ARM.Collect$$_printf_percent$$00000008)
    _printf_d                                0x08000231   Thumb Code     0  _printf_d.o(.ARM.Collect$$_printf_percent$$00000009)
    _printf_u                                0x08000237   Thumb Code     0  _printf_u.o(.ARM.Collect$$_printf_percent$$0000000A)
    _printf_o                                0x0800023d   Thumb Code     0  _printf_o.o(.ARM.Collect$$_printf_percent$$0000000B)
    _printf_x                                0x08000243   Thumb Code     0  _printf_x.o(.ARM.Collect$$_printf_percent$$0000000C)
    _printf_lli                              0x08000249   Thumb Code     0  _printf_lli.o(.ARM.Collect$$_printf_percent$$0000000D)
    _printf_lld                              0x0800024f   Thumb Code     0  _printf_lld.o(.ARM.Collect$$_printf_percent$$0000000E)
    _printf_llu                              0x08000255   Thumb Code     0  _printf_llu.o(.ARM.Collect$$_printf_percent$$0000000F)
    _printf_llo                              0x0800025b   Thumb Code     0  _printf_llo.o(.ARM.Collect$$_printf_percent$$00000010)
    _printf_llx                              0x08000261   Thumb Code     0  _printf_llx.o(.ARM.Collect$$_printf_percent$$00000011)
    _printf_l                                0x08000267   Thumb Code     0  _printf_l.o(.ARM.Collect$$_printf_percent$$00000012)
    _printf_c                                0x08000271   Thumb Code     0  _printf_c.o(.ARM.Collect$$_printf_percent$$00000013)
    _printf_s                                0x08000277   Thumb Code     0  _printf_s.o(.ARM.Collect$$_printf_percent$$00000014)
    _printf_lc                               0x0800027d   Thumb Code     0  _printf_lc.o(.ARM.Collect$$_printf_percent$$00000015)
    _printf_ls                               0x08000283   Thumb Code     0  _printf_ls.o(.ARM.Collect$$_printf_percent$$00000016)
    _printf_percent_end                      0x08000289   Thumb Code     0  _printf_percent_end.o(.ARM.Collect$$_printf_percent$$00000017)
    __rt_lib_init                            0x0800028d   Thumb Code     0  libinit.o(.ARM.Collect$$libinit$$00000000)
    __rt_lib_init_fp_1                       0x0800028f   Thumb Code     0  libinit2.o(.ARM.Collect$$libinit$$00000001)
    __rt_lib_init_heap_1                     0x08000293   Thumb Code     0  libinit2.o(.ARM.Collect$$libinit$$0000000A)
    __rt_lib_init_lc_common                  0x08000293   Thumb Code     0  libinit2.o(.ARM.Collect$$libinit$$0000000F)
    __rt_lib_init_preinit_1                  0x08000293   Thumb Code     0  libinit2.o(.ARM.Collect$$libinit$$00000004)
    __rt_lib_init_rand_1                     0x08000293   Thumb Code     0  libinit2.o(.ARM.Collect$$libinit$$0000000E)
    __rt_lib_init_user_alloc_1               0x08000293   Thumb Code     0  libinit2.o(.ARM.Collect$$libinit$$0000000C)
    __rt_lib_init_lc_collate_1               0x08000299   Thumb Code     0  libinit2.o(.ARM.Collect$$libinit$$00000011)
    __rt_lib_init_lc_ctype_2                 0x08000299   Thumb Code     0  libinit2.o(.ARM.Collect$$libinit$$00000012)
    __rt_lib_init_lc_ctype_1                 0x080002a5   Thumb Code     0  libinit2.o(.ARM.Collect$$libinit$$00000013)
    __rt_lib_init_lc_monetary_1              0x080002a5   Thumb Code     0  libinit2.o(.ARM.Collect$$libinit$$00000015)
    __rt_lib_init_lc_numeric_2               0x080002a5   Thumb Code     0  libinit2.o(.ARM.Collect$$libinit$$00000016)
    __rt_lib_init_alloca_1                   0x080002af   Thumb Code     0  libinit2.o(.ARM.Collect$$libinit$$0000002E)
    __rt_lib_init_argv_1                     0x080002af   Thumb Code     0  libinit2.o(.ARM.Collect$$libinit$$0000002C)
    __rt_lib_init_atexit_1                   0x080002af   Thumb Code     0  libinit2.o(.ARM.Collect$$libinit$$0000001B)
    __rt_lib_init_clock_1                    0x080002af   Thumb Code     0  libinit2.o(.ARM.Collect$$libinit$$00000021)
    __rt_lib_init_cpp_1                      0x080002af   Thumb Code     0  libinit2.o(.ARM.Collect$$libinit$$00000032)
    __rt_lib_init_exceptions_1               0x080002af   Thumb Code     0  libinit2.o(.ARM.Collect$$libinit$$00000030)
    __rt_lib_init_fp_trap_1                  0x080002af   Thumb Code     0  libinit2.o(.ARM.Collect$$libinit$$0000001F)
    __rt_lib_init_getenv_1                   0x080002af   Thumb Code     0  libinit2.o(.ARM.Collect$$libinit$$00000023)
    __rt_lib_init_lc_numeric_1               0x080002af   Thumb Code     0  libinit2.o(.ARM.Collect$$libinit$$00000017)
    __rt_lib_init_lc_time_1                  0x080002af   Thumb Code     0  libinit2.o(.ARM.Collect$$libinit$$00000019)
    __rt_lib_init_return                     0x080002af   Thumb Code     0  libinit2.o(.ARM.Collect$$libinit$$00000033)
    __rt_lib_init_signal_1                   0x080002af   Thumb Code     0  libinit2.o(.ARM.Collect$$libinit$$0000001D)
    __rt_lib_init_stdio_1                    0x080002af   Thumb Code     0  libinit2.o(.ARM.Collect$$libinit$$00000025)
    __rt_lib_shutdown                        0x080002b1   Thumb Code     0  libshutdown.o(.ARM.Collect$$libshutdown$$00000000)
    __rt_lib_shutdown_cpp_1                  0x080002b3   Thumb Code     0  libshutdown2.o(.ARM.Collect$$libshutdown$$00000004)
    __rt_lib_shutdown_fini_1                 0x080002b3   Thumb Code     0  libshutdown2.o(.ARM.Collect$$libshutdown$$00000002)
    __rt_lib_shutdown_fp_trap_1              0x080002b3   Thumb Code     0  libshutdown2.o(.ARM.Collect$$libshutdown$$00000009)
    __rt_lib_shutdown_heap_1                 0x080002b3   Thumb Code     0  libshutdown2.o(.ARM.Collect$$libshutdown$$00000011)
    __rt_lib_shutdown_return                 0x080002b3   Thumb Code     0  libshutdown2.o(.ARM.Collect$$libshutdown$$00000012)
    __rt_lib_shutdown_signal_1               0x080002b3   Thumb Code     0  libshutdown2.o(.ARM.Collect$$libshutdown$$0000000C)
    __rt_lib_shutdown_stdio_1                0x080002b3   Thumb Code     0  libshutdown2.o(.ARM.Collect$$libshutdown$$00000006)
    __rt_lib_shutdown_user_alloc_1           0x080002b3   Thumb Code     0  libshutdown2.o(.ARM.Collect$$libshutdown$$0000000E)
    __rt_entry                               0x080002b5   Thumb Code     0  __rtentry.o(.ARM.Collect$$rtentry$$00000000)
    __rt_entry_presh_1                       0x080002b5   Thumb Code     0  __rtentry2.o(.ARM.Collect$$rtentry$$00000002)
    __rt_entry_sh                            0x080002b5   Thumb Code     0  __rtentry4.o(.ARM.Collect$$rtentry$$00000004)
    __rt_entry_li                            0x080002bb   Thumb Code     0  __rtentry2.o(.ARM.Collect$$rtentry$$0000000A)
    __rt_entry_postsh_1                      0x080002bb   Thumb Code     0  __rtentry2.o(.ARM.Collect$$rtentry$$00000009)
    __rt_entry_main                          0x080002bf   Thumb Code     0  __rtentry2.o(.ARM.Collect$$rtentry$$0000000D)
    __rt_entry_postli_1                      0x080002bf   Thumb Code     0  __rtentry2.o(.ARM.Collect$$rtentry$$0000000C)
    __rt_exit                                0x080002c7   Thumb Code     0  rtexit.o(.ARM.Collect$$rtexit$$00000000)
    __rt_exit_ls                             0x080002c9   Thumb Code     0  rtexit2.o(.ARM.Collect$$rtexit$$00000003)
    __rt_exit_prels_1                        0x080002c9   Thumb Code     0  rtexit2.o(.ARM.Collect$$rtexit$$00000002)
    __rt_exit_exit                           0x080002cd   Thumb Code     0  rtexit2.o(.ARM.Collect$$rtexit$$00000004)
    Reset_Handler                            0x080002d5   Thumb Code     8  startup_stm32f407xx.o(.text)
    ADC_IRQHandler                           0x080002ef   Thumb Code     0  startup_stm32f407xx.o(.text)
    CAN1_RX0_IRQHandler                      0x080002ef   Thumb Code     0  startup_stm32f407xx.o(.text)
    CAN1_RX1_IRQHandler                      0x080002ef   Thumb Code     0  startup_stm32f407xx.o(.text)
    CAN1_SCE_IRQHandler                      0x080002ef   Thumb Code     0  startup_stm32f407xx.o(.text)
    CAN1_TX_IRQHandler                       0x080002ef   Thumb Code     0  startup_stm32f407xx.o(.text)
    CAN2_RX0_IRQHandler                      0x080002ef   Thumb Code     0  startup_stm32f407xx.o(.text)
    CAN2_RX1_IRQHandler                      0x080002ef   Thumb Code     0  startup_stm32f407xx.o(.text)
    CAN2_SCE_IRQHandler                      0x080002ef   Thumb Code     0  startup_stm32f407xx.o(.text)
    CAN2_TX_IRQHandler                       0x080002ef   Thumb Code     0  startup_stm32f407xx.o(.text)
    DCMI_IRQHandler                          0x080002ef   Thumb Code     0  startup_stm32f407xx.o(.text)
    DMA1_Stream0_IRQHandler                  0x080002ef   Thumb Code     0  startup_stm32f407xx.o(.text)
    DMA1_Stream1_IRQHandler                  0x080002ef   Thumb Code     0  startup_stm32f407xx.o(.text)
    DMA1_Stream2_IRQHandler                  0x080002ef   Thumb Code     0  startup_stm32f407xx.o(.text)
    DMA1_Stream3_IRQHandler                  0x080002ef   Thumb Code     0  startup_stm32f407xx.o(.text)
    DMA1_Stream4_IRQHandler                  0x080002ef   Thumb Code     0  startup_stm32f407xx.o(.text)
    DMA1_Stream5_IRQHandler                  0x080002ef   Thumb Code     0  startup_stm32f407xx.o(.text)
    DMA1_Stream6_IRQHandler                  0x080002ef   Thumb Code     0  startup_stm32f407xx.o(.text)
    DMA1_Stream7_IRQHandler                  0x080002ef   Thumb Code     0  startup_stm32f407xx.o(.text)
    DMA2_Stream0_IRQHandler                  0x080002ef   Thumb Code     0  startup_stm32f407xx.o(.text)
    DMA2_Stream1_IRQHandler                  0x080002ef   Thumb Code     0  startup_stm32f407xx.o(.text)
    DMA2_Stream3_IRQHandler                  0x080002ef   Thumb Code     0  startup_stm32f407xx.o(.text)
    DMA2_Stream4_IRQHandler                  0x080002ef   Thumb Code     0  startup_stm32f407xx.o(.text)
    DMA2_Stream5_IRQHandler                  0x080002ef   Thumb Code     0  startup_stm32f407xx.o(.text)
    DMA2_Stream7_IRQHandler                  0x080002ef   Thumb Code     0  startup_stm32f407xx.o(.text)
    ETH_IRQHandler                           0x080002ef   Thumb Code     0  startup_stm32f407xx.o(.text)
    ETH_WKUP_IRQHandler                      0x080002ef   Thumb Code     0  startup_stm32f407xx.o(.text)
    EXTI0_IRQHandler                         0x080002ef   Thumb Code     0  startup_stm32f407xx.o(.text)
    EXTI15_10_IRQHandler                     0x080002ef   Thumb Code     0  startup_stm32f407xx.o(.text)
    EXTI1_IRQHandler                         0x080002ef   Thumb Code     0  startup_stm32f407xx.o(.text)
    EXTI2_IRQHandler                         0x080002ef   Thumb Code     0  startup_stm32f407xx.o(.text)
    EXTI3_IRQHandler                         0x080002ef   Thumb Code     0  startup_stm32f407xx.o(.text)
    EXTI4_IRQHandler                         0x080002ef   Thumb Code     0  startup_stm32f407xx.o(.text)
    EXTI9_5_IRQHandler                       0x080002ef   Thumb Code     0  startup_stm32f407xx.o(.text)
    FLASH_IRQHandler                         0x080002ef   Thumb Code     0  startup_stm32f407xx.o(.text)
    FMC_IRQHandler                           0x080002ef   Thumb Code     0  startup_stm32f407xx.o(.text)
    FPU_IRQHandler                           0x080002ef   Thumb Code     0  startup_stm32f407xx.o(.text)
    HASH_RNG_IRQHandler                      0x080002ef   Thumb Code     0  startup_stm32f407xx.o(.text)
    I2C1_ER_IRQHandler                       0x080002ef   Thumb Code     0  startup_stm32f407xx.o(.text)
    I2C1_EV_IRQHandler                       0x080002ef   Thumb Code     0  startup_stm32f407xx.o(.text)
    I2C2_ER_IRQHandler                       0x080002ef   Thumb Code     0  startup_stm32f407xx.o(.text)
    I2C2_EV_IRQHandler                       0x080002ef   Thumb Code     0  startup_stm32f407xx.o(.text)
    I2C3_ER_IRQHandler                       0x080002ef   Thumb Code     0  startup_stm32f407xx.o(.text)
    I2C3_EV_IRQHandler                       0x080002ef   Thumb Code     0  startup_stm32f407xx.o(.text)
    OTG_FS_IRQHandler                        0x080002ef   Thumb Code     0  startup_stm32f407xx.o(.text)
    OTG_FS_WKUP_IRQHandler                   0x080002ef   Thumb Code     0  startup_stm32f407xx.o(.text)
    OTG_HS_EP1_IN_IRQHandler                 0x080002ef   Thumb Code     0  startup_stm32f407xx.o(.text)
    OTG_HS_EP1_OUT_IRQHandler                0x080002ef   Thumb Code     0  startup_stm32f407xx.o(.text)
    OTG_HS_IRQHandler                        0x080002ef   Thumb Code     0  startup_stm32f407xx.o(.text)
    OTG_HS_WKUP_IRQHandler                   0x080002ef   Thumb Code     0  startup_stm32f407xx.o(.text)
    PVD_IRQHandler                           0x080002ef   Thumb Code     0  startup_stm32f407xx.o(.text)
    RCC_IRQHandler                           0x080002ef   Thumb Code     0  startup_stm32f407xx.o(.text)
    RTC_Alarm_IRQHandler                     0x080002ef   Thumb Code     0  startup_stm32f407xx.o(.text)
    RTC_WKUP_IRQHandler                      0x080002ef   Thumb Code     0  startup_stm32f407xx.o(.text)
    SDIO_IRQHandler                          0x080002ef   Thumb Code     0  startup_stm32f407xx.o(.text)
    SPI1_IRQHandler                          0x080002ef   Thumb Code     0  startup_stm32f407xx.o(.text)
    SPI2_IRQHandler                          0x080002ef   Thumb Code     0  startup_stm32f407xx.o(.text)
    SPI3_IRQHandler                          0x080002ef   Thumb Code     0  startup_stm32f407xx.o(.text)
    TAMP_STAMP_IRQHandler                    0x080002ef   Thumb Code     0  startup_stm32f407xx.o(.text)
    TIM1_BRK_TIM9_IRQHandler                 0x080002ef   Thumb Code     0  startup_stm32f407xx.o(.text)
    TIM1_CC_IRQHandler                       0x080002ef   Thumb Code     0  startup_stm32f407xx.o(.text)
    TIM1_TRG_COM_TIM11_IRQHandler            0x080002ef   Thumb Code     0  startup_stm32f407xx.o(.text)
    TIM1_UP_TIM10_IRQHandler                 0x080002ef   Thumb Code     0  startup_stm32f407xx.o(.text)
    TIM2_IRQHandler                          0x080002ef   Thumb Code     0  startup_stm32f407xx.o(.text)
    TIM3_IRQHandler                          0x080002ef   Thumb Code     0  startup_stm32f407xx.o(.text)
    TIM4_IRQHandler                          0x080002ef   Thumb Code     0  startup_stm32f407xx.o(.text)
    TIM5_IRQHandler                          0x080002ef   Thumb Code     0  startup_stm32f407xx.o(.text)
    TIM6_DAC_IRQHandler                      0x080002ef   Thumb Code     0  startup_stm32f407xx.o(.text)
    TIM7_IRQHandler                          0x080002ef   Thumb Code     0  startup_stm32f407xx.o(.text)
    TIM8_BRK_TIM12_IRQHandler                0x080002ef   Thumb Code     0  startup_stm32f407xx.o(.text)
    TIM8_CC_IRQHandler                       0x080002ef   Thumb Code     0  startup_stm32f407xx.o(.text)
    TIM8_TRG_COM_TIM14_IRQHandler            0x080002ef   Thumb Code     0  startup_stm32f407xx.o(.text)
    TIM8_UP_TIM13_IRQHandler                 0x080002ef   Thumb Code     0  startup_stm32f407xx.o(.text)
    UART4_IRQHandler                         0x080002ef   Thumb Code     0  startup_stm32f407xx.o(.text)
    UART5_IRQHandler                         0x080002ef   Thumb Code     0  startup_stm32f407xx.o(.text)
    USART2_IRQHandler                        0x080002ef   Thumb Code     0  startup_stm32f407xx.o(.text)
    USART3_IRQHandler                        0x080002ef   Thumb Code     0  startup_stm32f407xx.o(.text)
    USART6_IRQHandler                        0x080002ef   Thumb Code     0  startup_stm32f407xx.o(.text)
    WWDG_IRQHandler                          0x080002ef   Thumb Code     0  startup_stm32f407xx.o(.text)
    __user_initial_stackheap                 0x080002f1   Thumb Code     0  startup_stm32f407xx.o(.text)
    __aeabi_uldivmod                         0x08000315   Thumb Code     0  lludivv7m.o(.text)
    _ll_udiv                                 0x08000315   Thumb Code   238  lludivv7m.o(.text)
    vsnprintf                                0x08000405   Thumb Code    48  vsnprintf.o(.text)
    _printf_str                              0x08000439   Thumb Code    82  _printf_str.o(.text)
    __printf                                 0x0800048d   Thumb Code   388  __printf_flags_ss_wp.o(.text)
    __aeabi_memclr4                          0x08000615   Thumb Code     0  rt_memclr_w.o(.text)
    __aeabi_memclr8                          0x08000615   Thumb Code     0  rt_memclr_w.o(.text)
    __rt_memclr_w                            0x08000615   Thumb Code    78  rt_memclr_w.o(.text)
    _memset_w                                0x08000619   Thumb Code     0  rt_memclr_w.o(.text)
    __use_two_region_memory                  0x08000663   Thumb Code     2  heapauxi.o(.text)
    __rt_heap_escrow$2region                 0x08000665   Thumb Code     2  heapauxi.o(.text)
    __rt_heap_expand$2region                 0x08000667   Thumb Code     2  heapauxi.o(.text)
    _printf_pre_padding                      0x08000669   Thumb Code    44  _printf_pad.o(.text)
    _printf_post_padding                     0x08000695   Thumb Code    34  _printf_pad.o(.text)
    _printf_truncate_signed                  0x080006b7   Thumb Code    18  _printf_truncate.o(.text)
    _printf_truncate_unsigned                0x080006c9   Thumb Code    18  _printf_truncate.o(.text)
    _printf_int_dec                          0x080006dd   Thumb Code   104  _printf_dec.o(.text)
    _printf_charcount                        0x08000755   Thumb Code    40  _printf_charcount.o(.text)
    _printf_char_common                      0x08000787   Thumb Code    32  _printf_char_common.o(.text)
    _sputc                                   0x080007ad   Thumb Code    10  _sputc.o(.text)
    _snputc                                  0x080007b7   Thumb Code    16  _snputc.o(.text)
    _printf_cs_common                        0x080007c7   Thumb Code    20  _printf_char.o(.text)
    _printf_char                             0x080007db   Thumb Code    16  _printf_char.o(.text)
    _printf_string                           0x080007eb   Thumb Code     8  _printf_char.o(.text)
    _printf_wctomb                           0x080007f5   Thumb Code   182  _printf_wctomb.o(.text)
    _printf_longlong_dec                     0x080008b1   Thumb Code   108  _printf_longlong_dec.o(.text)
    _printf_longlong_oct                     0x0800092d   Thumb Code    66  _printf_oct_int_ll.o(.text)
    _printf_int_oct                          0x0800096f   Thumb Code    24  _printf_oct_int_ll.o(.text)
    _printf_ll_oct                           0x08000987   Thumb Code    12  _printf_oct_int_ll.o(.text)
    _printf_longlong_hex                     0x0800099d   Thumb Code    86  _printf_hex_int_ll_ptr.o(.text)
    _printf_int_hex                          0x080009f3   Thumb Code    28  _printf_hex_int_ll_ptr.o(.text)
    _printf_ll_hex                           0x08000a0f   Thumb Code    12  _printf_hex_int_ll_ptr.o(.text)
    _printf_hex_ptr                          0x08000a1b   Thumb Code    18  _printf_hex_int_ll_ptr.o(.text)
    _ll_udiv10                               0x08000a31   Thumb Code   138  lludiv10.o(.text)
    _printf_int_common                       0x08000abb   Thumb Code   178  _printf_intcommon.o(.text)
    __lib_sel_fp_printf                      0x08000b6d   Thumb Code     2  _printf_fp_dec.o(.text)
    _printf_fp_dec_real                      0x08000d1f   Thumb Code   620  _printf_fp_dec.o(.text)
    _printf_fp_hex_real                      0x08000f8d   Thumb Code   756  _printf_fp_hex.o(.text)
    _printf_lcs_common                       0x08001289   Thumb Code    20  _printf_wchar.o(.text)
    _printf_wchar                            0x0800129d   Thumb Code    16  _printf_wchar.o(.text)
    _printf_wstring                          0x080012ad   Thumb Code     8  _printf_wchar.o(.text)
    _wcrtomb                                 0x080012b5   Thumb Code    64  _wcrtomb.o(.text)
    __user_setup_stackheap                   0x080012f5   Thumb Code    74  sys_stackheap_outer.o(.text)
    __rt_ctype_table                         0x08001341   Thumb Code    16  rt_ctype_table.o(.text)
    __rt_locale                              0x08001351   Thumb Code     8  rt_locale_intlibspace.o(.text)
    _printf_fp_infnan                        0x08001359   Thumb Code   112  _printf_fp_infnan.o(.text)
    _btod_etento                             0x080013d9   Thumb Code   224  bigflt0.o(.text)
    exit                                     0x080014bd   Thumb Code    18  exit.o(.text)
    __user_libspace                          0x080014d1   Thumb Code     8  libspace.o(.text)
    __user_perproc_libspace                  0x080014d1   Thumb Code     0  libspace.o(.text)
    __user_perthread_libspace                0x080014d1   Thumb Code     0  libspace.o(.text)
    strcmp                                   0x080014d9   Thumb Code   128  strcmpv7m.o(.text)
    _sys_exit                                0x08001559   Thumb Code     8  sys_exit.o(.text)
    __I$use$semihosting                      0x08001565   Thumb Code     0  use_no_semi.o(.text)
    __use_no_semihosting_swi                 0x08001565   Thumb Code     2  use_no_semi.o(.text)
    __semihosting_library_function           0x08001567   Thumb Code     0  indicate_semi.o(.text)
    _btod_d2e                                0x08001567   Thumb Code    62  btod.o(CL$$btod_d2e)
    _d2e_denorm_low                          0x080015a5   Thumb Code    70  btod.o(CL$$btod_d2e_denorm_low)
    _d2e_norm_op1                            0x080015eb   Thumb Code    96  btod.o(CL$$btod_d2e_norm_op1)
    __btod_div_common                        0x0800164b   Thumb Code   696  btod.o(CL$$btod_div_common)
    _e2e                                     0x08001983   Thumb Code   220  btod.o(CL$$btod_e2e)
    _btod_ediv                               0x08001a5f   Thumb Code    42  btod.o(CL$$btod_ediv)
    _btod_emul                               0x08001a89   Thumb Code    42  btod.o(CL$$btod_emul)
    __btod_mult_common                       0x08001ab3   Thumb Code   580  btod.o(CL$$btod_mult_common)
    App_Main_Process_Poll                    0x08001cf7   Thumb Code     4  app_process.o(i.App_Main_Process_Poll)
    BusFault_Handler                         0x08001cfb   Thumb Code     2  stm32f4xx_it.o(i.BusFault_Handler)
    DMA2_Stream2_IRQHandler                  0x08001cfd   Thumb Code     6  stm32f4xx_it.o(i.DMA2_Stream2_IRQHandler)
    DMA2_Stream6_IRQHandler                  0x08001d09   Thumb Code     6  stm32f4xx_it.o(i.DMA2_Stream6_IRQHandler)
    DebugMon_Handler                         0x08001d91   Thumb Code     2  stm32f4xx_it.o(i.DebugMon_Handler)
    Debug_printf                             0x08001d95   Thumb Code    38  app_process.o(i.Debug_printf)
    Error_Handler                            0x08001dc5   Thumb Code     4  main.o(i.Error_Handler)
    HAL_DAC_ConfigChannel                    0x08001dc9   Thumb Code    78  stm32f4xx_hal_dac.o(i.HAL_DAC_ConfigChannel)
    HAL_DAC_Init                             0x08001e17   Thumb Code    40  stm32f4xx_hal_dac.o(i.HAL_DAC_Init)
    HAL_DAC_MspInit                          0x08001e41   Thumb Code    84  dac.o(i.HAL_DAC_MspInit)
    HAL_DAC_SetValue                         0x08001ea1   Thumb Code    34  stm32f4xx_hal_dac.o(i.HAL_DAC_SetValue)
    HAL_DAC_Start                            0x08001ec3   Thumb Code    98  stm32f4xx_hal_dac.o(i.HAL_DAC_Start)
    HAL_DMA_Abort                            0x08001f25   Thumb Code   146  stm32f4xx_hal_dma.o(i.HAL_DMA_Abort)
    HAL_DMA_Abort_IT                         0x08001fb7   Thumb Code    36  stm32f4xx_hal_dma.o(i.HAL_DMA_Abort_IT)
    HAL_DMA_IRQHandler                       0x08001fdd   Thumb Code   412  stm32f4xx_hal_dma.o(i.HAL_DMA_IRQHandler)
    HAL_DMA_Init                             0x0800217d   Thumb Code   206  stm32f4xx_hal_dma.o(i.HAL_DMA_Init)
    HAL_Delay                                0x08002251   Thumb Code    32  stm32f4xx_hal.o(i.HAL_Delay)
    HAL_GPIO_Init                            0x08002275   Thumb Code   450  stm32f4xx_hal_gpio.o(i.HAL_GPIO_Init)
    HAL_GPIO_TogglePin                       0x08002465   Thumb Code    16  stm32f4xx_hal_gpio.o(i.HAL_GPIO_TogglePin)
    HAL_GPIO_WritePin                        0x08002475   Thumb Code    10  stm32f4xx_hal_gpio.o(i.HAL_GPIO_WritePin)
    HAL_GetTick                              0x08002481   Thumb Code     6  stm32f4xx_hal.o(i.HAL_GetTick)
    HAL_IncTick                              0x0800248d   Thumb Code    12  stm32f4xx_hal.o(i.HAL_IncTick)
    HAL_Init                                 0x0800249d   Thumb Code    48  stm32f4xx_hal.o(i.HAL_Init)
    HAL_InitTick                             0x080024d1   Thumb Code    54  stm32f4xx_hal.o(i.HAL_InitTick)
    HAL_MspInit                              0x08002511   Thumb Code    42  stm32f4xx_hal_msp.o(i.HAL_MspInit)
    HAL_NVIC_EnableIRQ                       0x08002541   Thumb Code    26  stm32f4xx_hal_cortex.o(i.HAL_NVIC_EnableIRQ)
    HAL_NVIC_SetPriority                     0x0800255d   Thumb Code    60  stm32f4xx_hal_cortex.o(i.HAL_NVIC_SetPriority)
    HAL_NVIC_SetPriorityGrouping             0x0800259d   Thumb Code    26  stm32f4xx_hal_cortex.o(i.HAL_NVIC_SetPriorityGrouping)
    HAL_RCC_ClockConfig                      0x080025c1   Thumb Code   288  stm32f4xx_hal_rcc.o(i.HAL_RCC_ClockConfig)
    HAL_RCC_GetPCLK1Freq                     0x080026f5   Thumb Code    20  stm32f4xx_hal_rcc.o(i.HAL_RCC_GetPCLK1Freq)
    HAL_RCC_GetPCLK2Freq                     0x08002715   Thumb Code    20  stm32f4xx_hal_rcc.o(i.HAL_RCC_GetPCLK2Freq)
    HAL_RCC_GetSysClockFreq                  0x08002735   Thumb Code    88  stm32f4xx_hal_rcc.o(i.HAL_RCC_GetSysClockFreq)
    HAL_RCC_OscConfig                        0x08002795   Thumb Code   856  stm32f4xx_hal_rcc.o(i.HAL_RCC_OscConfig)
    HAL_SYSTICK_Config                       0x08002b01   Thumb Code    40  stm32f4xx_hal_cortex.o(i.HAL_SYSTICK_Config)
    HAL_TIMEx_ConfigBreakDeadTime            0x08002b29   Thumb Code    84  stm32f4xx_hal_tim_ex.o(i.HAL_TIMEx_ConfigBreakDeadTime)
    HAL_TIMEx_MasterConfigSynchronization    0x08002b7d   Thumb Code   116  stm32f4xx_hal_tim_ex.o(i.HAL_TIMEx_MasterConfigSynchronization)
    HAL_TIM_Base_Init                        0x08002c0d   Thumb Code    90  stm32f4xx_hal_tim.o(i.HAL_TIM_Base_Init)
    HAL_TIM_Base_MspInit                     0x08002c69   Thumb Code    90  tim.o(i.HAL_TIM_Base_MspInit)
    HAL_TIM_ConfigClockSource                0x08002cd5   Thumb Code   220  stm32f4xx_hal_tim.o(i.HAL_TIM_ConfigClockSource)
    HAL_TIM_MspPostInit                      0x08002db1   Thumb Code   110  tim.o(i.HAL_TIM_MspPostInit)
    HAL_TIM_PWM_ConfigChannel                0x08002e31   Thumb Code   204  stm32f4xx_hal_tim.o(i.HAL_TIM_PWM_ConfigChannel)
    HAL_TIM_PWM_Init                         0x08002efd   Thumb Code    90  stm32f4xx_hal_tim.o(i.HAL_TIM_PWM_Init)
    HAL_TIM_PWM_MspInit                      0x08002f57   Thumb Code     2  stm32f4xx_hal_tim.o(i.HAL_TIM_PWM_MspInit)
    HAL_TIM_PWM_Start                        0x08002f59   Thumb Code   172  stm32f4xx_hal_tim.o(i.HAL_TIM_PWM_Start)
    HAL_TIM_PWM_Stop                         0x08003021   Thumb Code   114  stm32f4xx_hal_tim.o(i.HAL_TIM_PWM_Stop)
    HAL_UARTEx_RxEventCallback               0x0800309d   Thumb Code     2  stm32f4xx_hal_uart.o(i.HAL_UARTEx_RxEventCallback)
    HAL_UART_ErrorCallback                   0x0800309f   Thumb Code     2  stm32f4xx_hal_uart.o(i.HAL_UART_ErrorCallback)
    HAL_UART_IRQHandler                      0x080030a1   Thumb Code   636  stm32f4xx_hal_uart.o(i.HAL_UART_IRQHandler)
    HAL_UART_Init                            0x08003321   Thumb Code   100  stm32f4xx_hal_uart.o(i.HAL_UART_Init)
    HAL_UART_MspInit                         0x08003385   Thumb Code   216  usart.o(i.HAL_UART_MspInit)
    HAL_UART_Receive_IT                      0x08003479   Thumb Code    28  stm32f4xx_hal_uart.o(i.HAL_UART_Receive_IT)
    HAL_UART_RxCpltCallback                  0x08003495   Thumb Code    28  app_process.o(i.HAL_UART_RxCpltCallback)
    HAL_UART_Transmit                        0x080034b9   Thumb Code   160  stm32f4xx_hal_uart.o(i.HAL_UART_Transmit)
    HAL_UART_TxCpltCallback                  0x08003559   Thumb Code     2  stm32f4xx_hal_uart.o(i.HAL_UART_TxCpltCallback)
    HMI_Process_Init                         0x0800355d   Thumb Code    10  app_process.o(i.HMI_Process_Init)
    HardFault_Handler                        0x08003571   Thumb Code     2  stm32f4xx_it.o(i.HardFault_Handler)
    MX_DAC_Init                              0x08003575   Thumb Code    50  dac.o(i.MX_DAC_Init)
    MX_DMA_Init                              0x080035b1   Thumb Code    56  dma.o(i.MX_DMA_Init)
    MX_GPIO_Init                             0x080035ed   Thumb Code   148  gpio.o(i.MX_GPIO_Init)
    MX_TIM1_Init                             0x0800368d   Thumb Code   210  tim.o(i.MX_TIM1_Init)
    MX_USART1_UART_Init                      0x08003769   Thumb Code    48  usart.o(i.MX_USART1_UART_Init)
    MX_USART3_UART_Init                      0x080037a1   Thumb Code    48  usart.o(i.MX_USART3_UART_Init)
    MemManage_Handler                        0x080037d9   Thumb Code     2  stm32f4xx_it.o(i.MemManage_Handler)
    NMI_Handler                              0x080037db   Thumb Code     2  stm32f4xx_it.o(i.NMI_Handler)
    PendSV_Handler                           0x080037dd   Thumb Code     2  stm32f4xx_it.o(i.PendSV_Handler)
    SVC_Handler                              0x080037df   Thumb Code     2  stm32f4xx_it.o(i.SVC_Handler)
    SysTick_Handler                          0x080037e1   Thumb Code     4  stm32f4xx_it.o(i.SysTick_Handler)
    SystemClock_Config                       0x080037e5   Thumb Code   142  main.o(i.SystemClock_Config)
    SystemInit                               0x0800387d   Thumb Code    12  system_stm32f4xx.o(i.SystemInit)
    TIM_Base_SetConfig                       0x0800388d   Thumb Code   164  stm32f4xx_hal_tim.o(i.TIM_Base_SetConfig)
    TIM_CCxChannelCmd                        0x0800395d   Thumb Code    26  stm32f4xx_hal_tim.o(i.TIM_CCxChannelCmd)
    TIM_ETR_SetConfig                        0x08003977   Thumb Code    20  stm32f4xx_hal_tim.o(i.TIM_ETR_SetConfig)
    TIM_OC2_SetConfig                        0x080039fd   Thumb Code    98  stm32f4xx_hal_tim.o(i.TIM_OC2_SetConfig)
    UART_Start_Receive_IT                    0x08003e9d   Thumb Code    54  stm32f4xx_hal_uart.o(i.UART_Start_Receive_IT)
    USART1_IRQHandler                        0x08003f45   Thumb Code     6  stm32f4xx_it.o(i.USART1_IRQHandler)
    UsageFault_Handler                       0x08003f51   Thumb Code     2  stm32f4xx_it.o(i.UsageFault_Handler)
    __ARM_fpclassify                         0x08003f53   Thumb Code    48  fpclassify.o(i.__ARM_fpclassify)
    _is_digit                                0x08003fa3   Thumb Code    14  __printf_wp.o(i._is_digit)
    bsp_ad603_init                           0x08003fb1   Thumb Code    36  bsp_ad603.o(i.bsp_ad603_init)
    bsp_ad603_set_gain                       0x08003fdd   Thumb Code    66  bsp_ad603.o(i.bsp_ad603_set_gain)
    bsp_ad9220_init                          0x08004029   Thumb Code    80  bsp_ad9220.o(i.bsp_ad9220_init)
    main                                     0x08004089   Thumb Code    58  main.o(i.main)
    _get_lc_numeric                          0x080040e1   Thumb Code    44  lc_numeric_c.o(locale$$code)
    _get_lc_ctype                            0x0800410d   Thumb Code    44  lc_ctype_c.o(locale$$code)
    _fp_init                                 0x08004139   Thumb Code    10  fpinit.o(x$fpl$fpinit)
    __fplib_config_fpu_vfp                   0x08004141   Thumb Code     0  fpinit.o(x$fpl$fpinit)
    __fplib_config_pureend_doubles           0x08004141   Thumb Code     0  fpinit.o(x$fpl$fpinit)
    _printf_fp_dec                           0x08004143   Thumb Code     4  printf1.o(x$fpl$printf1)
    _printf_fp_hex                           0x08004147   Thumb Code     4  printf2.o(x$fpl$printf2)
    __I$use$fp                               0x0800414a   Number         0  usenofp.o(x$fpl$usenofp)
    AHBPrescTable                            0x08004152   Data          16  system_stm32f4xx.o(.constdata)
    APBPrescTable                            0x08004162   Data           8  system_stm32f4xx.o(.constdata)
    Region$$Table$$Base                      0x08004268   Number         0  anon$$obj.o(Region$$Table)
    Region$$Table$$Limit                     0x08004288   Number         0  anon$$obj.o(Region$$Table)
    __ctype                                  0x080042b1   Data           0  lc_ctype_c.o(locale$$data)
    uwTickFreq                               0x20000000   Data           1  stm32f4xx_hal.o(.data)
    uwTickPrio                               0x20000004   Data           4  stm32f4xx_hal.o(.data)
    uwTick                                   0x20000008   Data           4  stm32f4xx_hal.o(.data)
    SystemCoreClock                          0x2000000c   Data           4  system_stm32f4xx.o(.data)
    hdac                                     0x20000018   Data          20  dac.o(.bss)
    htim1                                    0x2000002c   Data          72  tim.o(.bss)
    hdma_tim1_ch3                            0x20000074   Data          96  tim.o(.bss)
    huart1                                   0x200000d4   Data          72  usart.o(.bss)
    huart3                                   0x2000011c   Data          72  usart.o(.bss)
    hdma_usart1_rx                           0x20000164   Data          96  usart.o(.bss)
    __libspace_start                         0x20000264   Data          96  libspace.o(.bss)
    __temporary_stack_top$libspace           0x200002c4   Data           0  libspace.o(.bss)



==============================================================================

Memory Map of the image

  Image Entry point : 0x08000189

  Load Region LR_IROM1 (Base: 0x08000000, Size: 0x000043cc, Max: 0x00100000, ABSOLUTE)

    Execution Region ER_IROM1 (Exec base: 0x08000000, Load base: 0x08000000, Size: 0x000043b4, Max: 0x00100000, ABSOLUTE)

    Exec Addr    Load Addr    Size         Type   Attr      Idx    E Section Name        Object

    0x08000000   0x08000000   0x00000188   Data   RO            3    RESET               startup_stm32f407xx.o
    0x08000188   0x08000188   0x00000008   Code   RO         3888  * !!!main             c_w.l(__main.o)
    0x08000190   0x08000190   0x00000034   Code   RO         4209    !!!scatter          c_w.l(__scatter.o)
    0x080001c4   0x080001c4   0x0000001a   Code   RO         4211    !!handler_copy      c_w.l(__scatter_copy.o)
    0x080001de   0x080001de   0x00000002   PAD
    0x080001e0   0x080001e0   0x0000001c   Code   RO         4213    !!handler_zi        c_w.l(__scatter_zi.o)
    0x080001fc   0x080001fc   0x00000000   Code   RO         3883    .ARM.Collect$$_printf_percent$$00000000  c_w.l(_printf_percent.o)
    0x080001fc   0x080001fc   0x00000006   Code   RO         3956    .ARM.Collect$$_printf_percent$$00000001  c_w.l(_printf_n.o)
    0x08000202   0x08000202   0x00000006   Code   RO         3958    .ARM.Collect$$_printf_percent$$00000002  c_w.l(_printf_p.o)
    0x08000208   0x08000208   0x00000006   Code   RO         3963    .ARM.Collect$$_printf_percent$$00000003  c_w.l(_printf_f.o)
    0x0800020e   0x0800020e   0x00000006   Code   RO         3964    .ARM.Collect$$_printf_percent$$00000004  c_w.l(_printf_e.o)
    0x08000214   0x08000214   0x00000006   Code   RO         3965    .ARM.Collect$$_printf_percent$$00000005  c_w.l(_printf_g.o)
    0x0800021a   0x0800021a   0x00000006   Code   RO         3966    .ARM.Collect$$_printf_percent$$00000006  c_w.l(_printf_a.o)
    0x08000220   0x08000220   0x0000000a   Code   RO         3971    .ARM.Collect$$_printf_percent$$00000007  c_w.l(_printf_ll.o)
    0x0800022a   0x0800022a   0x00000006   Code   RO         3960    .ARM.Collect$$_printf_percent$$00000008  c_w.l(_printf_i.o)
    0x08000230   0x08000230   0x00000006   Code   RO         3961    .ARM.Collect$$_printf_percent$$00000009  c_w.l(_printf_d.o)
    0x08000236   0x08000236   0x00000006   Code   RO         3962    .ARM.Collect$$_printf_percent$$0000000A  c_w.l(_printf_u.o)
    0x0800023c   0x0800023c   0x00000006   Code   RO         3959    .ARM.Collect$$_printf_percent$$0000000B  c_w.l(_printf_o.o)
    0x08000242   0x08000242   0x00000006   Code   RO         3957    .ARM.Collect$$_printf_percent$$0000000C  c_w.l(_printf_x.o)
    0x08000248   0x08000248   0x00000006   Code   RO         3968    .ARM.Collect$$_printf_percent$$0000000D  c_w.l(_printf_lli.o)
    0x0800024e   0x0800024e   0x00000006   Code   RO         3969    .ARM.Collect$$_printf_percent$$0000000E  c_w.l(_printf_lld.o)
    0x08000254   0x08000254   0x00000006   Code   RO         3970    .ARM.Collect$$_printf_percent$$0000000F  c_w.l(_printf_llu.o)
    0x0800025a   0x0800025a   0x00000006   Code   RO         3975    .ARM.Collect$$_printf_percent$$00000010  c_w.l(_printf_llo.o)
    0x08000260   0x08000260   0x00000006   Code   RO         3976    .ARM.Collect$$_printf_percent$$00000011  c_w.l(_printf_llx.o)
    0x08000266   0x08000266   0x0000000a   Code   RO         3972    .ARM.Collect$$_printf_percent$$00000012  c_w.l(_printf_l.o)
    0x08000270   0x08000270   0x00000006   Code   RO         3955    .ARM.Collect$$_printf_percent$$00000013  c_w.l(_printf_c.o)
    0x08000276   0x08000276   0x00000006   Code   RO         3882    .ARM.Collect$$_printf_percent$$00000014  c_w.l(_printf_s.o)
    0x0800027c   0x0800027c   0x00000006   Code   RO         3973    .ARM.Collect$$_printf_percent$$00000015  c_w.l(_printf_lc.o)
    0x08000282   0x08000282   0x00000006   Code   RO         3974    .ARM.Collect$$_printf_percent$$00000016  c_w.l(_printf_ls.o)
    0x08000288   0x08000288   0x00000004   Code   RO         3967    .ARM.Collect$$_printf_percent$$00000017  c_w.l(_printf_percent_end.o)
    0x0800028c   0x0800028c   0x00000002   Code   RO         4068    .ARM.Collect$$libinit$$00000000  c_w.l(libinit.o)
    0x0800028e   0x0800028e   0x00000004   Code   RO         4089    .ARM.Collect$$libinit$$00000001  c_w.l(libinit2.o)
    0x08000292   0x08000292   0x00000000   Code   RO         4092    .ARM.Collect$$libinit$$00000004  c_w.l(libinit2.o)
    0x08000292   0x08000292   0x00000000   Code   RO         4095    .ARM.Collect$$libinit$$0000000A  c_w.l(libinit2.o)
    0x08000292   0x08000292   0x00000000   Code   RO         4097    .ARM.Collect$$libinit$$0000000C  c_w.l(libinit2.o)
    0x08000292   0x08000292   0x00000000   Code   RO         4099    .ARM.Collect$$libinit$$0000000E  c_w.l(libinit2.o)
    0x08000292   0x08000292   0x00000006   Code   RO         4100    .ARM.Collect$$libinit$$0000000F  c_w.l(libinit2.o)
    0x08000298   0x08000298   0x00000000   Code   RO         4102    .ARM.Collect$$libinit$$00000011  c_w.l(libinit2.o)
    0x08000298   0x08000298   0x0000000c   Code   RO         4103    .ARM.Collect$$libinit$$00000012  c_w.l(libinit2.o)
    0x080002a4   0x080002a4   0x00000000   Code   RO         4104    .ARM.Collect$$libinit$$00000013  c_w.l(libinit2.o)
    0x080002a4   0x080002a4   0x00000000   Code   RO         4106    .ARM.Collect$$libinit$$00000015  c_w.l(libinit2.o)
    0x080002a4   0x080002a4   0x0000000a   Code   RO         4107    .ARM.Collect$$libinit$$00000016  c_w.l(libinit2.o)
    0x080002ae   0x080002ae   0x00000000   Code   RO         4108    .ARM.Collect$$libinit$$00000017  c_w.l(libinit2.o)
    0x080002ae   0x080002ae   0x00000000   Code   RO         4110    .ARM.Collect$$libinit$$00000019  c_w.l(libinit2.o)
    0x080002ae   0x080002ae   0x00000000   Code   RO         4112    .ARM.Collect$$libinit$$0000001B  c_w.l(libinit2.o)
    0x080002ae   0x080002ae   0x00000000   Code   RO         4114    .ARM.Collect$$libinit$$0000001D  c_w.l(libinit2.o)
    0x080002ae   0x080002ae   0x00000000   Code   RO         4116    .ARM.Collect$$libinit$$0000001F  c_w.l(libinit2.o)
    0x080002ae   0x080002ae   0x00000000   Code   RO         4118    .ARM.Collect$$libinit$$00000021  c_w.l(libinit2.o)
    0x080002ae   0x080002ae   0x00000000   Code   RO         4120    .ARM.Collect$$libinit$$00000023  c_w.l(libinit2.o)
    0x080002ae   0x080002ae   0x00000000   Code   RO         4122    .ARM.Collect$$libinit$$00000025  c_w.l(libinit2.o)
    0x080002ae   0x080002ae   0x00000000   Code   RO         4126    .ARM.Collect$$libinit$$0000002C  c_w.l(libinit2.o)
    0x080002ae   0x080002ae   0x00000000   Code   RO         4128    .ARM.Collect$$libinit$$0000002E  c_w.l(libinit2.o)
    0x080002ae   0x080002ae   0x00000000   Code   RO         4130    .ARM.Collect$$libinit$$00000030  c_w.l(libinit2.o)
    0x080002ae   0x080002ae   0x00000000   Code   RO         4132    .ARM.Collect$$libinit$$00000032  c_w.l(libinit2.o)
    0x080002ae   0x080002ae   0x00000002   Code   RO         4133    .ARM.Collect$$libinit$$00000033  c_w.l(libinit2.o)
    0x080002b0   0x080002b0   0x00000002   Code   RO         4164    .ARM.Collect$$libshutdown$$00000000  c_w.l(libshutdown.o)
    0x080002b2   0x080002b2   0x00000000   Code   RO         4190    .ARM.Collect$$libshutdown$$00000002  c_w.l(libshutdown2.o)
    0x080002b2   0x080002b2   0x00000000   Code   RO         4192    .ARM.Collect$$libshutdown$$00000004  c_w.l(libshutdown2.o)
    0x080002b2   0x080002b2   0x00000000   Code   RO         4194    .ARM.Collect$$libshutdown$$00000006  c_w.l(libshutdown2.o)
    0x080002b2   0x080002b2   0x00000000   Code   RO         4197    .ARM.Collect$$libshutdown$$00000009  c_w.l(libshutdown2.o)
    0x080002b2   0x080002b2   0x00000000   Code   RO         4200    .ARM.Collect$$libshutdown$$0000000C  c_w.l(libshutdown2.o)
    0x080002b2   0x080002b2   0x00000000   Code   RO         4202    .ARM.Collect$$libshutdown$$0000000E  c_w.l(libshutdown2.o)
    0x080002b2   0x080002b2   0x00000000   Code   RO         4205    .ARM.Collect$$libshutdown$$00000011  c_w.l(libshutdown2.o)
    0x080002b2   0x080002b2   0x00000002   Code   RO         4206    .ARM.Collect$$libshutdown$$00000012  c_w.l(libshutdown2.o)
    0x080002b4   0x080002b4   0x00000000   Code   RO         3902    .ARM.Collect$$rtentry$$00000000  c_w.l(__rtentry.o)
    0x080002b4   0x080002b4   0x00000000   Code   RO         3987    .ARM.Collect$$rtentry$$00000002  c_w.l(__rtentry2.o)
    0x080002b4   0x080002b4   0x00000006   Code   RO         3999    .ARM.Collect$$rtentry$$00000004  c_w.l(__rtentry4.o)
    0x080002ba   0x080002ba   0x00000000   Code   RO         3989    .ARM.Collect$$rtentry$$00000009  c_w.l(__rtentry2.o)
    0x080002ba   0x080002ba   0x00000004   Code   RO         3990    .ARM.Collect$$rtentry$$0000000A  c_w.l(__rtentry2.o)
    0x080002be   0x080002be   0x00000000   Code   RO         3992    .ARM.Collect$$rtentry$$0000000C  c_w.l(__rtentry2.o)
    0x080002be   0x080002be   0x00000008   Code   RO         3993    .ARM.Collect$$rtentry$$0000000D  c_w.l(__rtentry2.o)
    0x080002c6   0x080002c6   0x00000002   Code   RO         4076    .ARM.Collect$$rtexit$$00000000  c_w.l(rtexit.o)
    0x080002c8   0x080002c8   0x00000000   Code   RO         4137    .ARM.Collect$$rtexit$$00000002  c_w.l(rtexit2.o)
    0x080002c8   0x080002c8   0x00000004   Code   RO         4138    .ARM.Collect$$rtexit$$00000003  c_w.l(rtexit2.o)
    0x080002cc   0x080002cc   0x00000006   Code   RO         4139    .ARM.Collect$$rtexit$$00000004  c_w.l(rtexit2.o)
    0x080002d2   0x080002d2   0x00000002   PAD
    0x080002d4   0x080002d4   0x00000040   Code   RO            4    .text               startup_stm32f407xx.o
    0x08000314   0x08000314   0x000000ee   Code   RO         3850    .text               c_w.l(lludivv7m.o)
    0x08000402   0x08000402   0x00000002   PAD
    0x08000404   0x08000404   0x00000034   Code   RO         3852    .text               c_w.l(vsnprintf.o)
    0x08000438   0x08000438   0x00000052   Code   RO         3860    .text               c_w.l(_printf_str.o)
    0x0800048a   0x0800048a   0x00000002   PAD
    0x0800048c   0x0800048c   0x00000188   Code   RO         3879    .text               c_w.l(__printf_flags_ss_wp.o)
    0x08000614   0x08000614   0x0000004e   Code   RO         3884    .text               c_w.l(rt_memclr_w.o)
    0x08000662   0x08000662   0x00000006   Code   RO         3886    .text               c_w.l(heapauxi.o)
    0x08000668   0x08000668   0x0000004e   Code   RO         3907    .text               c_w.l(_printf_pad.o)
    0x080006b6   0x080006b6   0x00000024   Code   RO         3909    .text               c_w.l(_printf_truncate.o)
    0x080006da   0x080006da   0x00000002   PAD
    0x080006dc   0x080006dc   0x00000078   Code   RO         3911    .text               c_w.l(_printf_dec.o)
    0x08000754   0x08000754   0x00000028   Code   RO         3913    .text               c_w.l(_printf_charcount.o)
    0x0800077c   0x0800077c   0x00000030   Code   RO         3915    .text               c_w.l(_printf_char_common.o)
    0x080007ac   0x080007ac   0x0000000a   Code   RO         3917    .text               c_w.l(_sputc.o)
    0x080007b6   0x080007b6   0x00000010   Code   RO         3919    .text               c_w.l(_snputc.o)
    0x080007c6   0x080007c6   0x0000002c   Code   RO         3921    .text               c_w.l(_printf_char.o)
    0x080007f2   0x080007f2   0x00000002   PAD
    0x080007f4   0x080007f4   0x000000bc   Code   RO         3923    .text               c_w.l(_printf_wctomb.o)
    0x080008b0   0x080008b0   0x0000007c   Code   RO         3926    .text               c_w.l(_printf_longlong_dec.o)
    0x0800092c   0x0800092c   0x00000070   Code   RO         3932    .text               c_w.l(_printf_oct_int_ll.o)
    0x0800099c   0x0800099c   0x00000094   Code   RO         3952    .text               c_w.l(_printf_hex_int_ll_ptr.o)
    0x08000a30   0x08000a30   0x0000008a   Code   RO         4003    .text               c_w.l(lludiv10.o)
    0x08000aba   0x08000aba   0x000000b2   Code   RO         4005    .text               c_w.l(_printf_intcommon.o)
    0x08000b6c   0x08000b6c   0x0000041e   Code   RO         4007    .text               c_w.l(_printf_fp_dec.o)
    0x08000f8a   0x08000f8a   0x00000002   PAD
    0x08000f8c   0x08000f8c   0x000002fc   Code   RO         4009    .text               c_w.l(_printf_fp_hex.o)
    0x08001288   0x08001288   0x0000002c   Code   RO         4014    .text               c_w.l(_printf_wchar.o)
    0x080012b4   0x080012b4   0x00000040   Code   RO         4016    .text               c_w.l(_wcrtomb.o)
    0x080012f4   0x080012f4   0x0000004a   Code   RO         4018    .text               c_w.l(sys_stackheap_outer.o)
    0x0800133e   0x0800133e   0x00000002   PAD
    0x08001340   0x08001340   0x00000010   Code   RO         4020    .text               c_w.l(rt_ctype_table.o)
    0x08001350   0x08001350   0x00000008   Code   RO         4025    .text               c_w.l(rt_locale_intlibspace.o)
    0x08001358   0x08001358   0x00000080   Code   RO         4027    .text               c_w.l(_printf_fp_infnan.o)
    0x080013d8   0x080013d8   0x000000e4   Code   RO         4029    .text               c_w.l(bigflt0.o)
    0x080014bc   0x080014bc   0x00000012   Code   RO         4057    .text               c_w.l(exit.o)
    0x080014ce   0x080014ce   0x00000002   PAD
    0x080014d0   0x080014d0   0x00000008   Code   RO         4073    .text               c_w.l(libspace.o)
    0x080014d8   0x080014d8   0x00000080   Code   RO         4087    .text               c_w.l(strcmpv7m.o)
    0x08001558   0x08001558   0x0000000c   Code   RO         4134    .text               c_w.l(sys_exit.o)
    0x08001564   0x08001564   0x00000002   Code   RO         4153    .text               c_w.l(use_no_semi.o)
    0x08001566   0x08001566   0x00000000   Code   RO         4155    .text               c_w.l(indicate_semi.o)
    0x08001566   0x08001566   0x0000003e   Code   RO         4032    CL$$btod_d2e        c_w.l(btod.o)
    0x080015a4   0x080015a4   0x00000046   Code   RO         4034    CL$$btod_d2e_denorm_low  c_w.l(btod.o)
    0x080015ea   0x080015ea   0x00000060   Code   RO         4033    CL$$btod_d2e_norm_op1  c_w.l(btod.o)
    0x0800164a   0x0800164a   0x00000338   Code   RO         4042    CL$$btod_div_common  c_w.l(btod.o)
    0x08001982   0x08001982   0x000000dc   Code   RO         4039    CL$$btod_e2e        c_w.l(btod.o)
    0x08001a5e   0x08001a5e   0x0000002a   Code   RO         4036    CL$$btod_ediv       c_w.l(btod.o)
    0x08001a88   0x08001a88   0x0000002a   Code   RO         4035    CL$$btod_emul       c_w.l(btod.o)
    0x08001ab2   0x08001ab2   0x00000244   Code   RO         4041    CL$$btod_mult_common  c_w.l(btod.o)
    0x08001cf6   0x08001cf6   0x00000004   Code   RO         3263    i.App_Main_Process_Poll  app_process.o
    0x08001cfa   0x08001cfa   0x00000002   Code   RO          381    i.BusFault_Handler  stm32f4xx_it.o
    0x08001cfc   0x08001cfc   0x0000000c   Code   RO          382    i.DMA2_Stream2_IRQHandler  stm32f4xx_it.o
    0x08001d08   0x08001d08   0x0000000c   Code   RO          383    i.DMA2_Stream6_IRQHandler  stm32f4xx_it.o
    0x08001d14   0x08001d14   0x00000028   Code   RO         1198    i.DMA_CalcBaseAndBitshift  stm32f4xx_hal_dma.o
    0x08001d3c   0x08001d3c   0x00000054   Code   RO         1199    i.DMA_CheckFifoParam  stm32f4xx_hal_dma.o
    0x08001d90   0x08001d90   0x00000002   Code   RO          384    i.DebugMon_Handler  stm32f4xx_it.o
    0x08001d92   0x08001d92   0x00000002   PAD
    0x08001d94   0x08001d94   0x00000030   Code   RO         3264    i.Debug_printf      app_process.o
    0x08001dc4   0x08001dc4   0x00000004   Code   RO           13    i.Error_Handler     main.o
    0x08001dc8   0x08001dc8   0x0000004e   Code   RO          502    i.HAL_DAC_ConfigChannel  stm32f4xx_hal_dac.o
    0x08001e16   0x08001e16   0x00000028   Code   RO          512    i.HAL_DAC_Init      stm32f4xx_hal_dac.o
    0x08001e3e   0x08001e3e   0x00000002   PAD
    0x08001e40   0x08001e40   0x00000060   Code   RO          220    i.HAL_DAC_MspInit   dac.o
    0x08001ea0   0x08001ea0   0x00000022   Code   RO          515    i.HAL_DAC_SetValue  stm32f4xx_hal_dac.o
    0x08001ec2   0x08001ec2   0x00000062   Code   RO          516    i.HAL_DAC_Start     stm32f4xx_hal_dac.o
    0x08001f24   0x08001f24   0x00000092   Code   RO         1201    i.HAL_DMA_Abort     stm32f4xx_hal_dma.o
    0x08001fb6   0x08001fb6   0x00000024   Code   RO         1202    i.HAL_DMA_Abort_IT  stm32f4xx_hal_dma.o
    0x08001fda   0x08001fda   0x00000002   PAD
    0x08001fdc   0x08001fdc   0x000001a0   Code   RO         1206    i.HAL_DMA_IRQHandler  stm32f4xx_hal_dma.o
    0x0800217c   0x0800217c   0x000000d4   Code   RO         1207    i.HAL_DMA_Init      stm32f4xx_hal_dma.o
    0x08002250   0x08002250   0x00000024   Code   RO         1638    i.HAL_Delay         stm32f4xx_hal.o
    0x08002274   0x08002274   0x000001f0   Code   RO         1094    i.HAL_GPIO_Init     stm32f4xx_hal_gpio.o
    0x08002464   0x08002464   0x00000010   Code   RO         1097    i.HAL_GPIO_TogglePin  stm32f4xx_hal_gpio.o
    0x08002474   0x08002474   0x0000000a   Code   RO         1098    i.HAL_GPIO_WritePin  stm32f4xx_hal_gpio.o
    0x0800247e   0x0800247e   0x00000002   PAD
    0x08002480   0x08002480   0x0000000c   Code   RO         1644    i.HAL_GetTick       stm32f4xx_hal.o
    0x0800248c   0x0800248c   0x00000010   Code   RO         1650    i.HAL_IncTick       stm32f4xx_hal.o
    0x0800249c   0x0800249c   0x00000034   Code   RO         1651    i.HAL_Init          stm32f4xx_hal.o
    0x080024d0   0x080024d0   0x00000040   Code   RO         1652    i.HAL_InitTick      stm32f4xx_hal.o
    0x08002510   0x08002510   0x00000030   Code   RO          475    i.HAL_MspInit       stm32f4xx_hal_msp.o
    0x08002540   0x08002540   0x0000001a   Code   RO         1486    i.HAL_NVIC_EnableIRQ  stm32f4xx_hal_cortex.o
    0x0800255a   0x0800255a   0x00000002   PAD
    0x0800255c   0x0800255c   0x00000040   Code   RO         1492    i.HAL_NVIC_SetPriority  stm32f4xx_hal_cortex.o
    0x0800259c   0x0800259c   0x00000024   Code   RO         1493    i.HAL_NVIC_SetPriorityGrouping  stm32f4xx_hal_cortex.o
    0x080025c0   0x080025c0   0x00000134   Code   RO          740    i.HAL_RCC_ClockConfig  stm32f4xx_hal_rcc.o
    0x080026f4   0x080026f4   0x00000020   Code   RO          747    i.HAL_RCC_GetPCLK1Freq  stm32f4xx_hal_rcc.o
    0x08002714   0x08002714   0x00000020   Code   RO          748    i.HAL_RCC_GetPCLK2Freq  stm32f4xx_hal_rcc.o
    0x08002734   0x08002734   0x00000060   Code   RO          749    i.HAL_RCC_GetSysClockFreq  stm32f4xx_hal_rcc.o
    0x08002794   0x08002794   0x0000036c   Code   RO          752    i.HAL_RCC_OscConfig  stm32f4xx_hal_rcc.o
    0x08002b00   0x08002b00   0x00000028   Code   RO         1497    i.HAL_SYSTICK_Config  stm32f4xx_hal_cortex.o
    0x08002b28   0x08002b28   0x00000054   Code   RO         2598    i.HAL_TIMEx_ConfigBreakDeadTime  stm32f4xx_hal_tim_ex.o
    0x08002b7c   0x08002b7c   0x00000090   Code   RO         2614    i.HAL_TIMEx_MasterConfigSynchronization  stm32f4xx_hal_tim_ex.o
    0x08002c0c   0x08002c0c   0x0000005a   Code   RO         1891    i.HAL_TIM_Base_Init  stm32f4xx_hal_tim.o
    0x08002c66   0x08002c66   0x00000002   PAD
    0x08002c68   0x08002c68   0x0000006c   Code   RO          286    i.HAL_TIM_Base_MspInit  tim.o
    0x08002cd4   0x08002cd4   0x000000dc   Code   RO         1900    i.HAL_TIM_ConfigClockSource  stm32f4xx_hal_tim.o
    0x08002db0   0x08002db0   0x00000080   Code   RO          287    i.HAL_TIM_MspPostInit  tim.o
    0x08002e30   0x08002e30   0x000000cc   Code   RO         1963    i.HAL_TIM_PWM_ConfigChannel  stm32f4xx_hal_tim.o
    0x08002efc   0x08002efc   0x0000005a   Code   RO         1966    i.HAL_TIM_PWM_Init  stm32f4xx_hal_tim.o
    0x08002f56   0x08002f56   0x00000002   Code   RO         1968    i.HAL_TIM_PWM_MspInit  stm32f4xx_hal_tim.o
    0x08002f58   0x08002f58   0x000000c8   Code   RO         1971    i.HAL_TIM_PWM_Start  stm32f4xx_hal_tim.o
    0x08003020   0x08003020   0x0000007c   Code   RO         1974    i.HAL_TIM_PWM_Stop  stm32f4xx_hal_tim.o
    0x0800309c   0x0800309c   0x00000002   Code   RO         2874    i.HAL_UARTEx_RxEventCallback  stm32f4xx_hal_uart.o
    0x0800309e   0x0800309e   0x00000002   Code   RO         2888    i.HAL_UART_ErrorCallback  stm32f4xx_hal_uart.o
    0x080030a0   0x080030a0   0x00000280   Code   RO         2891    i.HAL_UART_IRQHandler  stm32f4xx_hal_uart.o
    0x08003320   0x08003320   0x00000064   Code   RO         2892    i.HAL_UART_Init     stm32f4xx_hal_uart.o
    0x08003384   0x08003384   0x000000f4   Code   RO          334    i.HAL_UART_MspInit  usart.o
    0x08003478   0x08003478   0x0000001c   Code   RO         2897    i.HAL_UART_Receive_IT  stm32f4xx_hal_uart.o
    0x08003494   0x08003494   0x00000024   Code   RO         3265    i.HAL_UART_RxCpltCallback  app_process.o
    0x080034b8   0x080034b8   0x000000a0   Code   RO         2900    i.HAL_UART_Transmit  stm32f4xx_hal_uart.o
    0x08003558   0x08003558   0x00000002   Code   RO         2903    i.HAL_UART_TxCpltCallback  stm32f4xx_hal_uart.o
    0x0800355a   0x0800355a   0x00000002   PAD
    0x0800355c   0x0800355c   0x00000014   Code   RO         3266    i.HMI_Process_Init  app_process.o
    0x08003570   0x08003570   0x00000002   Code   RO          385    i.HardFault_Handler  stm32f4xx_it.o
    0x08003572   0x08003572   0x00000002   PAD
    0x08003574   0x08003574   0x0000003c   Code   RO          221    i.MX_DAC_Init       dac.o
    0x080035b0   0x080035b0   0x0000003c   Code   RO          261    i.MX_DMA_Init       dma.o
    0x080035ec   0x080035ec   0x000000a0   Code   RO          195    i.MX_GPIO_Init      gpio.o
    0x0800368c   0x0800368c   0x000000dc   Code   RO          288    i.MX_TIM1_Init      tim.o
    0x08003768   0x08003768   0x00000038   Code   RO          335    i.MX_USART1_UART_Init  usart.o
    0x080037a0   0x080037a0   0x00000038   Code   RO          336    i.MX_USART3_UART_Init  usart.o
    0x080037d8   0x080037d8   0x00000002   Code   RO          386    i.MemManage_Handler  stm32f4xx_it.o
    0x080037da   0x080037da   0x00000002   Code   RO          387    i.NMI_Handler       stm32f4xx_it.o
    0x080037dc   0x080037dc   0x00000002   Code   RO          388    i.PendSV_Handler    stm32f4xx_it.o
    0x080037de   0x080037de   0x00000002   Code   RO          389    i.SVC_Handler       stm32f4xx_it.o
    0x080037e0   0x080037e0   0x00000004   Code   RO          390    i.SysTick_Handler   stm32f4xx_it.o
    0x080037e4   0x080037e4   0x00000098   Code   RO           14    i.SystemClock_Config  main.o
    0x0800387c   0x0800387c   0x00000010   Code   RO         3226    i.SystemInit        system_stm32f4xx.o
    0x0800388c   0x0800388c   0x000000d0   Code   RO         1984    i.TIM_Base_SetConfig  stm32f4xx_hal_tim.o
    0x0800395c   0x0800395c   0x0000001a   Code   RO         1985    i.TIM_CCxChannelCmd  stm32f4xx_hal_tim.o
    0x08003976   0x08003976   0x00000014   Code   RO         1995    i.TIM_ETR_SetConfig  stm32f4xx_hal_tim.o
    0x0800398a   0x0800398a   0x00000010   Code   RO         1996    i.TIM_ITRx_SetConfig  stm32f4xx_hal_tim.o
    0x0800399a   0x0800399a   0x00000002   PAD
    0x0800399c   0x0800399c   0x00000060   Code   RO         1997    i.TIM_OC1_SetConfig  stm32f4xx_hal_tim.o
    0x080039fc   0x080039fc   0x0000006c   Code   RO         1998    i.TIM_OC2_SetConfig  stm32f4xx_hal_tim.o
    0x08003a68   0x08003a68   0x00000068   Code   RO         1999    i.TIM_OC3_SetConfig  stm32f4xx_hal_tim.o
    0x08003ad0   0x08003ad0   0x00000050   Code   RO         2000    i.TIM_OC4_SetConfig  stm32f4xx_hal_tim.o
    0x08003b20   0x08003b20   0x00000022   Code   RO         2002    i.TIM_TI1_ConfigInputStage  stm32f4xx_hal_tim.o
    0x08003b42   0x08003b42   0x00000024   Code   RO         2004    i.TIM_TI2_ConfigInputStage  stm32f4xx_hal_tim.o
    0x08003b66   0x08003b66   0x00000002   PAD
    0x08003b68   0x08003b68   0x00000108   Code   RO         3268    i.Task_Button_Response  app_process.o
    0x08003c70   0x08003c70   0x0000000e   Code   RO         2905    i.UART_DMAAbortOnError  stm32f4xx_hal_uart.o
    0x08003c7e   0x08003c7e   0x0000004e   Code   RO         2915    i.UART_EndRxTransfer  stm32f4xx_hal_uart.o
    0x08003ccc   0x08003ccc   0x000000c2   Code   RO         2917    i.UART_Receive_IT   stm32f4xx_hal_uart.o
    0x08003d8e   0x08003d8e   0x00000002   PAD
    0x08003d90   0x08003d90   0x0000010c   Code   RO         2918    i.UART_SetConfig    stm32f4xx_hal_uart.o
    0x08003e9c   0x08003e9c   0x00000036   Code   RO         2920    i.UART_Start_Receive_IT  stm32f4xx_hal_uart.o
    0x08003ed2   0x08003ed2   0x00000072   Code   RO         2921    i.UART_WaitOnFlagUntilTimeout  stm32f4xx_hal_uart.o
    0x08003f44   0x08003f44   0x0000000c   Code   RO          391    i.USART1_IRQHandler  stm32f4xx_it.o
    0x08003f50   0x08003f50   0x00000002   Code   RO          392    i.UsageFault_Handler  stm32f4xx_it.o
    0x08003f52   0x08003f52   0x00000030   Code   RO         4071    i.__ARM_fpclassify  m_wm.l(fpclassify.o)
    0x08003f82   0x08003f82   0x00000020   Code   RO         1499    i.__NVIC_SetPriority  stm32f4xx_hal_cortex.o
    0x08003fa2   0x08003fa2   0x0000000e   Code   RO         3872    i._is_digit         c_w.l(__printf_wp.o)
    0x08003fb0   0x08003fb0   0x0000002c   Code   RO         3399    i.bsp_ad603_init    bsp_ad603.o
    0x08003fdc   0x08003fdc   0x0000004c   Code   RO         3400    i.bsp_ad603_set_gain  bsp_ad603.o
    0x08004028   0x08004028   0x00000060   Code   RO         3343    i.bsp_ad9220_init   bsp_ad9220.o
    0x08004088   0x08004088   0x00000058   Code   RO           15    i.main              main.o
    0x080040e0   0x080040e0   0x0000002c   Code   RO         4055    locale$$code        c_w.l(lc_numeric_c.o)
    0x0800410c   0x0800410c   0x0000002c   Code   RO         4081    locale$$code        c_w.l(lc_ctype_c.o)
    0x08004138   0x08004138   0x0000000a   Code   RO         4149    x$fpl$fpinit        fz_wm.l(fpinit.o)
    0x08004142   0x08004142   0x00000004   Code   RO         3977    x$fpl$printf1       fz_wm.l(printf1.o)
    0x08004146   0x08004146   0x00000004   Code   RO         3979    x$fpl$printf2       fz_wm.l(printf2.o)
    0x0800414a   0x0800414a   0x00000000   Code   RO         3985    x$fpl$usenofp       fz_wm.l(usenofp.o)
    0x0800414a   0x0800414a   0x00000008   Data   RO         1213    .constdata          stm32f4xx_hal_dma.o
    0x08004152   0x08004152   0x00000010   Data   RO         3227    .constdata          system_stm32f4xx.o
    0x08004162   0x08004162   0x00000008   Data   RO         3228    .constdata          system_stm32f4xx.o
    0x0800416a   0x0800416a   0x00000011   Data   RO         3880    .constdata          c_w.l(__printf_flags_ss_wp.o)
    0x0800417b   0x0800417b   0x00000001   PAD
    0x0800417c   0x0800417c   0x00000008   Data   RO         3924    .constdata          c_w.l(_printf_wctomb.o)
    0x08004184   0x08004184   0x00000028   Data   RO         3953    .constdata          c_w.l(_printf_hex_int_ll_ptr.o)
    0x080041ac   0x080041ac   0x00000026   Data   RO         4010    .constdata          c_w.l(_printf_fp_hex.o)
    0x080041d2   0x080041d2   0x00000002   PAD
    0x080041d4   0x080041d4   0x00000094   Data   RO         4030    .constdata          c_w.l(bigflt0.o)
    0x08004268   0x08004268   0x00000020   Data   RO         4207    Region$$Table       anon$$obj.o
    0x08004288   0x08004288   0x0000001c   Data   RO         4054    locale$$data        c_w.l(lc_numeric_c.o)
    0x080042a4   0x080042a4   0x00000110   Data   RO         4080    locale$$data        c_w.l(lc_ctype_c.o)


    Execution Region RW_IRAM1 (Exec base: 0x20000000, Load base: 0x080043b4, Size: 0x000008c8, Max: 0x0001c000, ABSOLUTE)

    Exec Addr    Load Addr    Size         Type   Attr      Idx    E Section Name        Object

    0x20000000   0x080043b4   0x0000000c   Data   RW         1658    .data               stm32f4xx_hal.o
    0x2000000c   0x080043c0   0x00000004   Data   RW         3229    .data               system_stm32f4xx.o
    0x20000010   0x080043c4   0x00000003   Data   RW         3270    .data               app_process.o
    0x20000013   0x080043c7   0x00000001   PAD
    0x20000014   0x080043c8   0x00000004   Data   RW         3402    .data               bsp_ad603.o
    0x20000018        -       0x00000014   Zero   RW          222    .bss                dac.o
    0x2000002c        -       0x000000a8   Zero   RW          289    .bss                tim.o
    0x200000d4        -       0x000000f0   Zero   RW          337    .bss                usart.o
    0x200001c4        -       0x000000a0   Zero   RW         3269    .bss                app_process.o
    0x20000264        -       0x00000060   Zero   RW         4074    .bss                c_w.l(libspace.o)
    0x200002c4   0x080043cc   0x00000004   PAD
    0x200002c8        -       0x00000200   Zero   RW            2    HEAP                startup_stm32f407xx.o
    0x200004c8        -       0x00000400   Zero   RW            1    STACK               startup_stm32f407xx.o


    Execution Region RW_IRAM2 (Exec base: 0x2001c000, Load base: 0x080043cc, Size: 0x00000000, Max: 0x00004000, ABSOLUTE)

    **** No section assigned to this execution region ****


==============================================================================

Image component sizes


      Code (inc. data)   RO Data    RW Data    ZI Data      Debug   Object Name

       372        226          0          3        160       4072   app_process.o
       120         18          0          4          0       2438   bsp_ad603.o
        96         16          0          0          0        626   bsp_ad9220.o
       156         22          0          0         20       1727   dac.o
        60          4          0          0          0        810   dma.o
       160         12          0          0          0       1027   gpio.o
       244         40          0          0          0     696448   main.o
        64         26        392          0       1536        856   startup_stm32f407xx.o
       180         28          0         12          0       9517   stm32f4xx_hal.o
       198         14          0          0          0      33919   stm32f4xx_hal_cortex.o
       250          0          0          0          0       3654   stm32f4xx_hal_dac.o
       934         16          8          0          0       5715   stm32f4xx_hal_dma.o
       522         46          0          0          0       2893   stm32f4xx_hal_gpio.o
        48          6          0          0          0        886   stm32f4xx_hal_msp.o
      1344         72          0          0          0       5344   stm32f4xx_hal_rcc.o
      1658        118          0          0          0      14099   stm32f4xx_hal_tim.o
       228         28          0          0          0       2240   stm32f4xx_hal_tim_ex.o
      1656         14          0          0          0      11620   stm32f4xx_hal_uart.o
        56         18          0          0          0       5766   stm32f4xx_it.o
        16          4         24          4          0       1171   system_stm32f4xx.o
       456         46          0          0        168       2674   tim.o
       356         44          0          0        240       2582   usart.o

    ----------------------------------------------------------------------
      9196        818        456         24       2124     810084   Object Totals
         0          0         32          0          0          0   (incl. Generated)
        22          0          0          1          0          0   (incl. Padding)

    ----------------------------------------------------------------------

      Code (inc. data)   RO Data    RW Data    ZI Data      Debug   Library Member Name

         8          0          0          0          0         68   __main.o
       392          4         17          0          0         92   __printf_flags_ss_wp.o
        14          0          0          0          0         68   __printf_wp.o
         0          0          0          0          0          0   __rtentry.o
        12          0          0          0          0          0   __rtentry2.o
         6          0          0          0          0          0   __rtentry4.o
        52          8          0          0          0          0   __scatter.o
        26          0          0          0          0          0   __scatter_copy.o
        28          0          0          0          0          0   __scatter_zi.o
         6          0          0          0          0          0   _printf_a.o
         6          0          0          0          0          0   _printf_c.o
        44          0          0          0          0        108   _printf_char.o
        48          6          0          0          0         96   _printf_char_common.o
        40          0          0          0          0         68   _printf_charcount.o
         6          0          0          0          0          0   _printf_d.o
       120         16          0          0          0         92   _printf_dec.o
         6          0          0          0          0          0   _printf_e.o
         6          0          0          0          0          0   _printf_f.o
      1054          0          0          0          0        216   _printf_fp_dec.o
       764          8         38          0          0        100   _printf_fp_hex.o
       128         16          0          0          0         84   _printf_fp_infnan.o
         6          0          0          0          0          0   _printf_g.o
       148          4         40          0          0        160   _printf_hex_int_ll_ptr.o
         6          0          0          0          0          0   _printf_i.o
       178          0          0          0          0         88   _printf_intcommon.o
        10          0          0          0          0          0   _printf_l.o
         6          0          0          0          0          0   _printf_lc.o
        10          0          0          0          0          0   _printf_ll.o
         6          0          0          0          0          0   _printf_lld.o
         6          0          0          0          0          0   _printf_lli.o
         6          0          0          0          0          0   _printf_llo.o
         6          0          0          0          0          0   _printf_llu.o
         6          0          0          0          0          0   _printf_llx.o
       124         16          0          0          0         92   _printf_longlong_dec.o
         6          0          0          0          0          0   _printf_ls.o
         6          0          0          0          0          0   _printf_n.o
         6          0          0          0          0          0   _printf_o.o
       112         10          0          0          0        124   _printf_oct_int_ll.o
         6          0          0          0          0          0   _printf_p.o
        78          0          0          0          0        108   _printf_pad.o
         0          0          0          0          0          0   _printf_percent.o
         4          0          0          0          0          0   _printf_percent_end.o
         6          0          0          0          0          0   _printf_s.o
        82          0          0          0          0         80   _printf_str.o
        36          0          0          0          0         84   _printf_truncate.o
         6          0          0          0          0          0   _printf_u.o
        44          0          0          0          0        108   _printf_wchar.o
       188          6          8          0          0         92   _printf_wctomb.o
         6          0          0          0          0          0   _printf_x.o
        16          0          0          0          0         68   _snputc.o
        10          0          0          0          0         68   _sputc.o
        64          0          0          0          0         92   _wcrtomb.o
       228          4        148          0          0         96   bigflt0.o
      1936        128          0          0          0        672   btod.o
        18          0          0          0          0         80   exit.o
         6          0          0          0          0        152   heapauxi.o
         0          0          0          0          0          0   indicate_semi.o
        44         10        272          0          0         76   lc_ctype_c.o
        44         10         28          0          0         76   lc_numeric_c.o
         2          0          0          0          0          0   libinit.o
        34          0          0          0          0          0   libinit2.o
         2          0          0          0          0          0   libshutdown.o
         2          0          0          0          0          0   libshutdown2.o
         8          4          0          0         96         68   libspace.o
       138          0          0          0          0         80   lludiv10.o
       238          0          0          0          0        100   lludivv7m.o
        16          4          0          0          0         76   rt_ctype_table.o
         8          4          0          0          0         68   rt_locale_intlibspace.o
        78          0          0          0          0         80   rt_memclr_w.o
         2          0          0          0          0          0   rtexit.o
        10          0          0          0          0          0   rtexit2.o
       128          0          0          0          0         68   strcmpv7m.o
        12          4          0          0          0         68   sys_exit.o
        74          0          0          0          0         80   sys_stackheap_outer.o
         2          0          0          0          0         68   use_no_semi.o
        52          4          0          0          0         80   vsnprintf.o
        10          0          0          0          0        116   fpinit.o
         4          0          0          0          0        116   printf1.o
         4          0          0          0          0        116   printf2.o
         0          0          0          0          0          0   usenofp.o
        48          0          0          0          0        124   fpclassify.o

    ----------------------------------------------------------------------
      7126        266        554          0        100       4616   Library Totals
        18          0          3          0          4          0   (incl. Padding)

    ----------------------------------------------------------------------

      Code (inc. data)   RO Data    RW Data    ZI Data      Debug   Library Name

      7042        266        551          0         96       4144   c_w.l
        18          0          0          0          0        348   fz_wm.l
        48          0          0          0          0        124   m_wm.l

    ----------------------------------------------------------------------
      7126        266        554          0        100       4616   Library Totals

    ----------------------------------------------------------------------

==============================================================================


      Code (inc. data)   RO Data    RW Data    ZI Data      Debug   

     16322       1084       1010         24       2224     803364   Grand Totals
     16322       1084       1010         24       2224     803364   ELF Image Totals
     16322       1084       1010         24          0          0   ROM Totals

==============================================================================

    Total RO  Size (Code + RO Data)                17332 (  16.93kB)
    Total RW  Size (RW Data + ZI Data)              2248 (   2.20kB)
    Total ROM Size (Code + RO Data + RW Data)      17356 (  16.95kB)

==============================================================================

