Component: ARM Compiler 5.06 update 7 (build 960) Tool: armlink [4d3601]

==============================================================================

Section Cross References

    startup_stm32f407xx.o(STACK) refers (Special) to heapauxi.o(.text) for __use_two_region_memory
    startup_stm32f407xx.o(HEAP) refers (Special) to heapauxi.o(.text) for __use_two_region_memory
    startup_stm32f407xx.o(RESET) refers (Special) to heapauxi.o(.text) for __use_two_region_memory
    startup_stm32f407xx.o(RESET) refers to startup_stm32f407xx.o(STACK) for __initial_sp
    startup_stm32f407xx.o(RESET) refers to startup_stm32f407xx.o(.text) for Reset_Handler
    startup_stm32f407xx.o(RESET) refers to stm32f4xx_it.o(i.NMI_Handler) for NMI_Handler
    startup_stm32f407xx.o(RESET) refers to stm32f4xx_it.o(i.HardFault_Handler) for HardFault_Handler
    startup_stm32f407xx.o(RESET) refers to stm32f4xx_it.o(i.MemManage_Handler) for MemManage_Handler
    startup_stm32f407xx.o(RESET) refers to stm32f4xx_it.o(i.BusFault_Handler) for BusFault_Handler
    startup_stm32f407xx.o(RESET) refers to stm32f4xx_it.o(i.UsageFault_Handler) for UsageFault_Handler
    startup_stm32f407xx.o(RESET) refers to stm32f4xx_it.o(i.SVC_Handler) for SVC_Handler
    startup_stm32f407xx.o(RESET) refers to stm32f4xx_it.o(i.DebugMon_Handler) for DebugMon_Handler
    startup_stm32f407xx.o(RESET) refers to stm32f4xx_it.o(i.PendSV_Handler) for PendSV_Handler
    startup_stm32f407xx.o(RESET) refers to stm32f4xx_it.o(i.SysTick_Handler) for SysTick_Handler
    startup_stm32f407xx.o(RESET) refers to stm32f4xx_it.o(i.USART1_IRQHandler) for USART1_IRQHandler
    startup_stm32f407xx.o(RESET) refers to stm32f4xx_it.o(i.DMA2_Stream2_IRQHandler) for DMA2_Stream2_IRQHandler
    startup_stm32f407xx.o(RESET) refers to stm32f4xx_it.o(i.DMA2_Stream6_IRQHandler) for DMA2_Stream6_IRQHandler
    startup_stm32f407xx.o(.text) refers (Special) to heapauxi.o(.text) for __use_two_region_memory
    startup_stm32f407xx.o(.text) refers to system_stm32f4xx.o(i.SystemInit) for SystemInit
    startup_stm32f407xx.o(.text) refers to __main.o(!!!main) for __main
    startup_stm32f407xx.o(.text) refers to startup_stm32f407xx.o(HEAP) for Heap_Mem
    startup_stm32f407xx.o(.text) refers to startup_stm32f407xx.o(STACK) for Stack_Mem
    main.o(i.SystemClock_Config) refers to rt_memclr_w.o(.text) for __aeabi_memclr4
    main.o(i.SystemClock_Config) refers to stm32f4xx_hal_rcc.o(i.HAL_RCC_OscConfig) for HAL_RCC_OscConfig
    main.o(i.SystemClock_Config) refers to stm32f4xx_hal_rcc.o(i.HAL_RCC_ClockConfig) for HAL_RCC_ClockConfig
    main.o(i.main) refers to stm32f4xx_hal.o(i.HAL_Init) for HAL_Init
    main.o(i.main) refers to main.o(i.SystemClock_Config) for SystemClock_Config
    main.o(i.main) refers to gpio.o(i.MX_GPIO_Init) for MX_GPIO_Init
    main.o(i.main) refers to dma.o(i.MX_DMA_Init) for MX_DMA_Init
    main.o(i.main) refers to usart.o(i.MX_USART1_UART_Init) for MX_USART1_UART_Init
    main.o(i.main) refers to usart.o(i.MX_USART3_UART_Init) for MX_USART3_UART_Init
    main.o(i.main) refers to tim.o(i.MX_TIM1_Init) for MX_TIM1_Init
    main.o(i.main) refers to dac.o(i.MX_DAC_Init) for MX_DAC_Init
    main.o(i.main) refers to bsp_ad9220.o(i.bsp_ad9220_init) for bsp_ad9220_init
    main.o(i.main) refers to alog_signal.o(i.alog_init) for alog_init
    main.o(i.main) refers to app_process.o(i.HMI_Process_Init) for HMI_Process_Init
    main.o(i.main) refers to app_process.o(i.Debug_printf) for Debug_printf
    main.o(i.main) refers to app_process.o(i.App_Main_Process_Poll) for App_Main_Process_Poll
    gpio.o(i.MX_GPIO_Init) refers to rt_memclr_w.o(.text) for __aeabi_memclr4
    gpio.o(i.MX_GPIO_Init) refers to stm32f4xx_hal_gpio.o(i.HAL_GPIO_WritePin) for HAL_GPIO_WritePin
    gpio.o(i.MX_GPIO_Init) refers to stm32f4xx_hal_gpio.o(i.HAL_GPIO_Init) for HAL_GPIO_Init
    dac.o(i.HAL_DAC_MspDeInit) refers to stm32f4xx_hal_gpio.o(i.HAL_GPIO_DeInit) for HAL_GPIO_DeInit
    dac.o(i.HAL_DAC_MspInit) refers to rt_memclr_w.o(.text) for __aeabi_memclr4
    dac.o(i.HAL_DAC_MspInit) refers to stm32f4xx_hal_gpio.o(i.HAL_GPIO_Init) for HAL_GPIO_Init
    dac.o(i.MX_DAC_Init) refers to stm32f4xx_hal_dac.o(i.HAL_DAC_Init) for HAL_DAC_Init
    dac.o(i.MX_DAC_Init) refers to main.o(i.Error_Handler) for Error_Handler
    dac.o(i.MX_DAC_Init) refers to stm32f4xx_hal_dac.o(i.HAL_DAC_ConfigChannel) for HAL_DAC_ConfigChannel
    dac.o(i.MX_DAC_Init) refers to dac.o(.bss) for .bss
    dma.o(i.MX_DMA_Init) refers to stm32f4xx_hal_cortex.o(i.HAL_NVIC_SetPriority) for HAL_NVIC_SetPriority
    dma.o(i.MX_DMA_Init) refers to stm32f4xx_hal_cortex.o(i.HAL_NVIC_EnableIRQ) for HAL_NVIC_EnableIRQ
    tim.o(i.HAL_TIM_Base_MspDeInit) refers to stm32f4xx_hal_dma.o(i.HAL_DMA_DeInit) for HAL_DMA_DeInit
    tim.o(i.HAL_TIM_Base_MspInit) refers to stm32f4xx_hal_dma.o(i.HAL_DMA_Init) for HAL_DMA_Init
    tim.o(i.HAL_TIM_Base_MspInit) refers to main.o(i.Error_Handler) for Error_Handler
[...]
    __rt_lib_init_lc_ctype_2                 0x08000299   Thumb Code     0  libinit2.o(.ARM.Collect$$libinit$$00000012)
    __rt_lib_init_lc_ctype_1                 0x080002a5   Thumb Code     0  libinit2.o(.ARM.Collect$$libinit$$00000013)
    __rt_lib_init_lc_monetary_1              0x080002a5   Thumb Code     0  libinit2.o(.ARM.Collect$$libinit$$00000015)
    __rt_lib_init_lc_numeric_2               0x080002a5   Thumb Code     0  libinit2.o(.ARM.Collect$$libinit$$00000016)
    __rt_lib_init_alloca_1                   0x080002af   Thumb Code     0  libinit2.o(.ARM.Collect$$libinit$$0000002E)
    __rt_lib_init_argv_1                     0x080002af   Thumb Code     0  libinit2.o(.ARM.Collect$$libinit$$0000002C)
    __rt_lib_init_atexit_1                   0x080002af   Thumb Code     0  libinit2.o(.ARM.Collect$$libinit$$0000001B)
    __rt_lib_init_clock_1                    0x080002af   Thumb Code     0  libinit2.o(.ARM.Collect$$libinit$$00000021)
    __rt_lib_init_cpp_1                      0x080002af   Thumb Code     0  libinit2.o(.ARM.Collect$$libinit$$00000032)
    __rt_lib_init_exceptions_1               0x080002af   Thumb Code     0  libinit2.o(.ARM.Collect$$libinit$$00000030)
    __rt_lib_init_fp_trap_1                  0x080002af   Thumb Code     0  libinit2.o(.ARM.Collect$$libinit$$0000001F)
    __rt_lib_init_getenv_1                   0x080002af   Thumb Code     0  libinit2.o(.ARM.Collect$$libinit$$00000023)
    __rt_lib_init_lc_numeric_1               0x080002af   Thumb Code     0  libinit2.o(.ARM.Collect$$libinit$$00000017)
    __rt_lib_init_lc_time_1                  0x080002af   Thumb Code     0  libinit2.o(.ARM.Collect$$libinit$$00000019)
    __rt_lib_init_return                     0x080002af   Thumb Code     0  libinit2.o(.ARM.Collect$$libinit$$00000033)
    __rt_lib_init_signal_1                   0x080002af   Thumb Code     0  libinit2.o(.ARM.Collect$$libinit$$0000001D)
    __rt_lib_init_stdio_1                    0x080002af   Thumb Code     0  libinit2.o(.ARM.Collect$$libinit$$00000025)
    __rt_lib_shutdown                        0x080002b1   Thumb Code     0  libshutdown.o(.ARM.Collect$$libshutdown$$00000000)
    __rt_lib_shutdown_cpp_1                  0x080002b3   Thumb Code     0  libshutdown2.o(.ARM.Collect$$libshutdown$$00000004)
    __rt_lib_shutdown_fini_1                 0x080002b3   Thumb Code     0  libshutdown2.o(.ARM.Collect$$libshutdown$$00000002)
    __rt_lib_shutdown_fp_trap_1              0x080002b3   Thumb Code     0  libshutdown2.o(.ARM.Collect$$libshutdown$$00000009)
    __rt_lib_shutdown_heap_1                 0x080002b3   Thumb Code     0  libshutdown2.o(.ARM.Collect$$libshutdown$$00000011)
    __rt_lib_shutdown_return                 0x080002b3   Thumb Code     0  libshutdown2.o(.ARM.Collect$$libshutdown$$00000012)
    __rt_lib_shutdown_signal_1               0x080002b3   Thumb Code     0  libshutdown2.o(.ARM.Collect$$libshutdown$$0000000C)
    __rt_lib_shutdown_stdio_1                0x080002b3   Thumb Code     0  libshutdown2.o(.ARM.Collect$$libshutdown$$00000006)
    __rt_lib_shutdown_user_alloc_1           0x080002b3   Thumb Code     0  libshutdown2.o(.ARM.Collect$$libshutdown$$0000000E)
    __rt_entry                               0x080002b5   Thumb Code     0  __rtentry.o(.ARM.Collect$$rtentry$$00000000)
    __rt_entry_presh_1                       0x080002b5   Thumb Code     0  __rtentry2.o(.ARM.Collect$$rtentry$$00000002)
    __rt_entry_sh                            0x080002b5   Thumb Code     0  __rtentry4.o(.ARM.Collect$$rtentry$$00000004)
    __rt_entry_li                            0x080002bb   Thumb Code     0  __rtentry2.o(.ARM.Collect$$rtentry$$0000000A)
    __rt_entry_postsh_1                      0x080002bb   Thumb Code     0  __rtentry2.o(.ARM.Collect$$rtentry$$00000009)
    __rt_entry_main                          0x080002bf   Thumb Code     0  __rtentry2.o(.ARM.Collect$$rtentry$$0000000D)
    __rt_entry_postli_1                      0x080002bf   Thumb Code     0  __rtentry2.o(.ARM.Collect$$rtentry$$0000000C)
    __rt_exit                                0x080002c7   Thumb Code     0  rtexit.o(.ARM.Collect$$rtexit$$00000000)
    __rt_exit_ls                             0x080002c9   Thumb Code     0  rtexit2.o(.ARM.Collect$$rtexit$$00000003)
    __rt_exit_prels_1                        0x080002c9   Thumb Code     0  rtexit2.o(.ARM.Collect$$rtexit$$00000002)
    __rt_exit_exit                           0x080002cd   Thumb Code     0  rtexit2.o(.ARM.Collect$$rtexit$$00000004)
    Reset_Handler                            0x080002d5   Thumb Code     8  startup_stm32f407xx.o(.text)
    ADC_IRQHandler                           0x080002ef   Thumb Code     0  startup_stm32f407xx.o(.text)
    CAN1_RX0_IRQHandler                      0x080002ef   Thumb Code     0  startup_stm32f407xx.o(.text)
    CAN1_RX1_IRQHandler                      0x080002ef   Thumb Code     0  startup_stm32f407xx.o(.text)
    CAN1_SCE_IRQHandler                      0x080002ef   Thumb Code     0  startup_stm32f407xx.o(.text)
    CAN1_TX_IRQHandler                       0x080002ef   Thumb Code     0  startup_stm32f407xx.o(.text)
    CAN2_RX0_IRQHandler                      0x080002ef   Thumb Code     0  startup_stm32f407xx.o(.text)
    CAN2_RX1_IRQHandler                      0x080002ef   Thumb Code     0  startup_stm32f407xx.o(.text)
    CAN2_SCE_IRQHandler                      0x080002ef   Thumb Code     0  startup_stm32f407xx.o(.text)
    CAN2_TX_IRQHandler                       0x080002ef   Thumb Code     0  startup_stm32f407xx.o(.text)
    DCMI_IRQHandler                          0x080002ef   Thumb Code     0  startup_stm32f407xx.o(.text)
    DMA1_Stream0_IRQHandler                  0x080002ef   Thumb Code     0  startup_stm32f407xx.o(.text)
    DMA1_Stream1_IRQHandler                  0x080002ef   Thumb Code     0  startup_stm32f407xx.o(.text)
    DMA1_Stream2_IRQHandler                  0x080002ef   Thumb Code     0  startup_stm32f407xx.o(.text)
    DMA1_Stream3_IRQHandler                  0x080002ef   Thumb Code     0  startup_stm32f407xx.o(.text)
    DMA1_Stream4_IRQHandler                  0x080002ef   Thumb Code     0  startup_stm32f407xx.o(.text)
    DMA1_Stream5_IRQHandler                  0x080002ef   Thumb Code     0  startup_stm32f407xx.o(.text)
    DMA1_Stream6_IRQHandler                  0x080002ef   Thumb Code     0  startup_stm32f407xx.o(.text)
    DMA1_Stream7_IRQHandler                  0x080002ef   Thumb Code     0  startup_stm32f407xx.o(.text)
    DMA2_Stream0_IRQHandler                  0x080002ef   Thumb Code     0  startup_stm32f407xx.o(.text)
    DMA2_Stream1_IRQHandler                  0x080002ef   Thumb Code     0  startup_stm32f407xx.o(.text)
    DMA2_Stream3_IRQHandler                  0x080002ef   Thumb Code     0  startup_stm32f407xx.o(.text)
    DMA2_Stream4_IRQHandler                  0x080002ef   Thumb Code     0  startup_stm32f407xx.o(.text)
    DMA2_Stream5_IRQHandler                  0x080002ef   Thumb Code     0  startup_stm32f407xx.o(.text)
    DMA2_Stream7_IRQHandler                  0x080002ef   Thumb Code     0  startup_stm32f407xx.o(.text)
    ETH_IRQHandler                           0x080002ef   Thumb Code     0  startup_stm32f407xx.o(.text)
    ETH_WKUP_IRQHandler                      0x080002ef   Thumb Code     0  startup_stm32f407xx.o(.text)
    EXTI0_IRQHandler                         0x080002ef   Thumb Code     0  startup_stm32f407xx.o(.text)
    EXTI15_10_IRQHandler                     0x080002ef   Thumb Code     0  startup_stm32f407xx.o(.text)
    EXTI1_IRQHandler                         0x080002ef   Thumb Code     0  startup_stm32f407xx.o(.text)
    EXTI2_IRQHandler                         0x080002ef   Thumb Code     0  startup_stm32f407xx.o(.text)
    EXTI3_IRQHandler                         0x080002ef   Thumb Code     0  startup_stm32f407xx.o(.text)
    EXTI4_IRQHandler                         0x080002ef   Thumb Code     0  startup_stm32f407xx.o(.text)
    EXTI9_5_IRQHandler                       0x080002ef   Thumb Code     0  startup_stm32f407xx.o(.text)
    FLASH_IRQHandler                         0x080002ef   Thumb Code     0  startup_stm32f407xx.o(.text)
    FMC_IRQHandler                           0x080002ef   Thumb Code     0  startup_stm32f407xx.o(.text)
    FPU_IRQHandler                           0x080002ef   Thumb Code     0  startup_stm32f407xx.o(.text)
    HASH_RNG_IRQHandler                      0x080002ef   Thumb Code     0  startup_stm32f407xx.o(.text)
    I2C1_ER_IRQHandler                       0x080002ef   Thumb Code     0  startup_stm32f407xx.o(.text)
    I2C1_EV_IRQHandler                       0x080002ef   Thumb Code     0  startup_stm32f407xx.o(.text)
    I2C2_ER_IRQHandler                       0x080002ef   Thumb Code     0  startup_stm32f407xx.o(.text)
    I2C2_EV_IRQHandler                       0x080002ef   Thumb Code     0  startup_stm32f407xx.o(.text)
    I2C3_ER_IRQHandler                       0x080002ef   Thumb Code     0  startup_stm32f407xx.o(.text)
    I2C3_EV_IRQHandler                       0x080002ef   Thumb Code     0  startup_stm32f407xx.o(.text)
    OTG_FS_IRQHandler                        0x080002ef   Thumb Code     0  startup_stm32f407xx.o(.text)
    OTG_FS_WKUP_IRQHandler                   0x080002ef   Thumb Code     0  startup_stm32f407xx.o(.text)
    OTG_HS_EP1_IN_IRQHandler                 0x080002ef   Thumb Code     0  startup_stm32f407xx.o(.text)
    OTG_HS_EP1_OUT_IRQHandler                0x080002ef   Thumb Code     0  startup_stm32f407xx.o(.text)
    OTG_HS_IRQHandler                        0x080002ef   Thumb Code     0  startup_stm32f407xx.o(.text)
    OTG_HS_WKUP_IRQHandler                   0x080002ef   Thumb Code     0  startup_stm32f407xx.o(.text)
    PVD_IRQHandler                           0x080002ef   Thumb Code     0  startup_stm32f407xx.o(.text)
    RCC_IRQHandler                           0x080002ef   Thumb Code     0  startup_stm32f407xx.o(.text)
    RTC_Alarm_IRQHandler                     0x080002ef   Thumb Code     0  startup_stm32f407xx.o(.text)
    RTC_WKUP_IRQHandler                      0x080002ef   Thumb Code     0  startup_stm32f407xx.o(.text)
    SDIO_IRQHandler                          0x080002ef   Thumb Code     0  startup_stm32f407xx.o(.text)
    SPI1_IRQHandler                          0x080002ef   Thumb Code     0  startup_stm32f407xx.o(.text)
    SPI2_IRQHandler                          0x080002ef   Thumb Code     0  startup_stm32f407xx.o(.text)
    SPI3_IRQHandler                          0x080002ef   Thumb Code     0  startup_stm32f407xx.o(.text)
    TAMP_STAMP_IRQHandler                    0x080002ef   Thumb Code     0  startup_stm32f407xx.o(.text)
    TIM1_BRK_TIM9_IRQHandler                 0x080002ef   Thumb Code     0  startup_stm32f407xx.o(.text)
    TIM1_CC_IRQHandler                       0x080002ef   Thumb Code     0  startup_stm32f407xx.o(.text)
    TIM1_TRG_COM_TIM11_IRQHandler            0x080002ef   Thumb Code     0  startup_stm32f407xx.o(.text)
    TIM1_UP_TIM10_IRQHandler                 0x080002ef   Thumb Code     0  startup_stm32f407xx.o(.text)
    TIM2_IRQHandler                          0x080002ef   Thumb Code     0  startup_stm32f407xx.o(.text)
    TIM3_IRQHandler                          0x080002ef   Thumb Code     0  startup_stm32f407xx.o(.text)
    TIM4_IRQHandler                          0x080002ef   Thumb Code     0  startup_stm32f407xx.o(.text)
    TIM5_IRQHandler                          0x080002ef   Thumb Code     0  startup_stm32f407xx.o(.text)
    TIM6_DAC_IRQHandler                      0x080002ef   Thumb Code     0  startup_stm32f407xx.o(.text)
    TIM7_IRQHandler                          0x080002ef   Thumb Code     0  startup_stm32f407xx.o(.text)
    TIM8_BRK_TIM12_IRQHandler                0x080002ef   Thumb Code     0  startup_stm32f407xx.o(.text)
    TIM8_CC_IRQHandler                       0x080002ef   Thumb Code     0  startup_stm32f407xx.o(.text)
    TIM8_TRG_COM_TIM14_IRQHandler            0x080002ef   Thumb Code     0  startup_stm32f407xx.o(.text)
    TIM8_UP_TIM13_IRQHandler                 0x080002ef   Thumb Code     0  startup_stm32f407xx.o(.text)
    UART4_IRQHandler                         0x080002ef   Thumb Code     0  startup_stm32f407xx.o(.text)
    UART5_IRQHandler                         0x080002ef   Thumb Code     0  startup_stm32f407xx.o(.text)
    USART2_IRQHandler                        0x080002ef   Thumb Code     0  startup_stm32f407xx.o(.text)
    USART3_IRQHandler                        0x080002ef   Thumb Code     0  startup_stm32f407xx.o(.text)
    USART6_IRQHandler                        0x080002ef   Thumb Code     0  startup_stm32f407xx.o(.text)
    WWDG_IRQHandler                          0x080002ef   Thumb Code     0  startup_stm32f407xx.o(.text)
    __user_initial_stackheap                 0x080002f1   Thumb Code     0  startup_stm32f407xx.o(.text)
    __aeabi_uldivmod                         0x08000315   Thumb Code     0  lludivv7m.o(.text)
    _ll_udiv                                 0x08000315   Thumb Code   238  lludivv7m.o(.text)
    vsnprintf                                0x08000405   Thumb Code    48  vsnprintf.o(.text)
    __2snprintf                              0x08000439   Thumb Code    50  __2snprintf.o(.text)
    _printf_str                              0x08000471   Thumb Code    82  _printf_str.o(.text)
    _printf_int_dec                          0x080004c5   Thumb Code   104  _printf_dec.o(.text)
    __printf                                 0x0800053d   Thumb Code   388  __printf_flags_ss_wp.o(.text)
    __aeabi_memclr4                          0x080006c5   Thumb Code     0  rt_memclr_w.o(.text)
    __aeabi_memclr8                          0x080006c5   Thumb Code     0  rt_memclr_w.o(.text)
    __rt_memclr_w                            0x080006c5   Thumb Code    78  rt_memclr_w.o(.text)
    _memset_w                                0x080006c9   Thumb Code     0  rt_memclr_w.o(.text)
    __use_two_region_memory                  0x08000713   Thumb Code     2  heapauxi.o(.text)
    __rt_heap_escrow$2region                 0x08000715   Thumb Code     2  heapauxi.o(.text)
    __rt_heap_expand$2region                 0x08000717   Thumb Code     2  heapauxi.o(.text)
    __read_errno                             0x08000719   Thumb Code    10  _rserrno.o(.text)
    __set_errno                              0x08000723   Thumb Code    12  _rserrno.o(.text)
    _printf_pre_padding                      0x0800072f   Thumb Code    44  _printf_pad.o(.text)
    _printf_post_padding                     0x0800075b   Thumb Code    34  _printf_pad.o(.text)
    _printf_truncate_signed                  0x0800077d   Thumb Code    18  _printf_truncate.o(.text)
    _printf_truncate_unsigned                0x0800078f   Thumb Code    18  _printf_truncate.o(.text)
    _printf_int_common                       0x080007a1   Thumb Code   178  _printf_intcommon.o(.text)
    _printf_charcount                        0x08000853   Thumb Code    40  _printf_charcount.o(.text)
    __lib_sel_fp_printf                      0x0800087b   Thumb Code     2  _printf_fp_dec.o(.text)
    _printf_fp_dec_real                      0x08000a2d   Thumb Code   620  _printf_fp_dec.o(.text)
    _printf_char_common                      0x08000ca3   Thumb Code    32  _printf_char_common.o(.text)
    _sputc                                   0x08000cc9   Thumb Code    10  _sputc.o(.text)
    _snputc                                  0x08000cd3   Thumb Code    16  _snputc.o(.text)
    _printf_cs_common                        0x08000ce3   Thumb Code    20  _printf_char.o(.text)
    _printf_char                             0x08000cf7   Thumb Code    16  _printf_char.o(.text)
    _printf_string                           0x08000d07   Thumb Code     8  _printf_char.o(.text)
    _printf_wctomb                           0x08000d11   Thumb Code   182  _printf_wctomb.o(.text)
    _printf_longlong_dec                     0x08000dcd   Thumb Code   108  _printf_longlong_dec.o(.text)
    _printf_longlong_oct                     0x08000e49   Thumb Code    66  _printf_oct_int_ll.o(.text)
    _printf_int_oct                          0x08000e8b   Thumb Code    24  _printf_oct_int_ll.o(.text)
    _printf_ll_oct                           0x08000ea3   Thumb Code    12  _printf_oct_int_ll.o(.text)
    _printf_longlong_hex                     0x08000eb9   Thumb Code    86  _printf_hex_int_ll_ptr.o(.text)
    _printf_int_hex                          0x08000f0f   Thumb Code    28  _printf_hex_int_ll_ptr.o(.text)
    _printf_ll_hex                           0x08000f2b   Thumb Code    12  _printf_hex_int_ll_ptr.o(.text)
    _printf_hex_ptr                          0x08000f37   Thumb Code    18  _printf_hex_int_ll_ptr.o(.text)
    __rt_locale                              0x08000f4d   Thumb Code     8  rt_locale_intlibspace.o(.text)
    __aeabi_errno_addr                       0x08000f55   Thumb Code     8  rt_errno_addr_intlibspace.o(.text)
    __errno$intlibspace                      0x08000f55   Thumb Code     0  rt_errno_addr_intlibspace.o(.text)
    __rt_errno_addr$intlibspace              0x08000f55   Thumb Code     0  rt_errno_addr_intlibspace.o(.text)
    _ll_udiv10                               0x08000f5d   Thumb Code   138  lludiv10.o(.text)
    _printf_fp_hex_real                      0x08000fe9   Thumb Code   756  _printf_fp_hex.o(.text)
    _printf_fp_infnan                        0x080012e5   Thumb Code   112  _printf_fp_infnan.o(.text)
    _printf_lcs_common                       0x08001365   Thumb Code    20  _printf_wchar.o(.text)
    _printf_wchar                            0x08001379   Thumb Code    16  _printf_wchar.o(.text)
    _printf_wstring                          0x08001389   Thumb Code     8  _printf_wchar.o(.text)
    _btod_etento                             0x08001391   Thumb Code   224  bigflt0.o(.text)
    _wcrtomb                                 0x08001475   Thumb Code    64  _wcrtomb.o(.text)
    __user_libspace                          0x080014b5   Thumb Code     8  libspace.o(.text)
    __user_perproc_libspace                  0x080014b5   Thumb Code     0  libspace.o(.text)
    __user_perthread_libspace                0x080014b5   Thumb Code     0  libspace.o(.text)
    __user_setup_stackheap                   0x080014bd   Thumb Code    74  sys_stackheap_outer.o(.text)
    __rt_ctype_table                         0x08001509   Thumb Code    16  rt_ctype_table.o(.text)
    exit                                     0x08001519   Thumb Code    18  exit.o(.text)
    strcmp                                   0x0800152d   Thumb Code   128  strcmpv7m.o(.text)
    _sys_exit                                0x080015ad   Thumb Code     8  sys_exit.o(.text)
    __I$use$semihosting                      0x080015b9   Thumb Code     0  use_no_semi.o(.text)
    __use_no_semihosting_swi                 0x080015b9   Thumb Code     2  use_no_semi.o(.text)
    __semihosting_library_function           0x080015bb   Thumb Code     0  indicate_semi.o(.text)
    arm_bitreversal_32                       0x080015bd   Thumb Code    68  arm_bitreversal2.o(.text.arm_bitreversal_32)
    arm_cfft_f32                             0x08001601   Thumb Code   224  arm_cfft_f32.o(.text.arm_cfft_f32)
    arm_cfft_init_f32                        0x080016e1   Thumb Code   180  arm_cfft_init_f32.o(.text.arm_cfft_init_f32)
    arm_cfft_radix8by2_f32                   0x08001795   Thumb Code   408  arm_cfft_f32.o(.text.arm_cfft_radix8by2_f32)
    arm_cfft_radix8by4_f32                   0x0800192d   Thumb Code  1020  arm_cfft_f32.o(.text.arm_cfft_radix8by4_f32)
    arm_cos_f32                              0x08001d29   Thumb Code   152  arm_cos_f32.o(.text.arm_cos_f32)
    arm_radix8_butterfly_f32                 0x08001dc1   Thumb Code  1458  arm_cfft_radix8_f32.o(.text.arm_radix8_butterfly_f32)
    arm_rfft_fast_f32                        0x080024b5   Thumb Code    70  arm_rfft_fast_f32.o(.text.arm_rfft_fast_f32)
    arm_rfft_fast_init_f32                   0x080024fb   Thumb Code   144  arm_rfft_fast_init_f32.o(.text.arm_rfft_fast_init_f32)
    arm_sin_f32                              0x0800258d   Thumb Code   144  arm_sin_f32.o(.text.arm_sin_f32)
    merge_rfft_f32                           0x0800261d   Thumb Code   180  arm_rfft_fast_f32.o(.text.merge_rfft_f32)
    stage_rfft_f32                           0x080026d1   Thumb Code   180  arm_rfft_fast_f32.o(.text.stage_rfft_f32)
    _btod_d2e                                0x08002785   Thumb Code    62  btod.o(CL$$btod_d2e)
    _d2e_denorm_low                          0x080027c3   Thumb Code    70  btod.o(CL$$btod_d2e_denorm_low)
    _d2e_norm_op1                            0x08002809   Thumb Code    96  btod.o(CL$$btod_d2e_norm_op1)
    __btod_div_common                        0x08002869   Thumb Code   696  btod.o(CL$$btod_div_common)
    _e2e                                     0x08002ba1   Thumb Code   220  btod.o(CL$$btod_e2e)
    _btod_ediv                               0x08002c7d   Thumb Code    42  btod.o(CL$$btod_ediv)
    _btod_emul                               0x08002ca7   Thumb Code    42  btod.o(CL$$btod_emul)
    __btod_mult_common                       0x08002cd1   Thumb Code   580  btod.o(CL$$btod_mult_common)
    App_Main_Process_Poll                    0x08002f15   Thumb Code    58  app_process.o(i.App_Main_Process_Poll)
    BusFault_Handler                         0x08002f59   Thumb Code     2  stm32f4xx_it.o(i.BusFault_Handler)
    DMA2_Stream2_IRQHandler                  0x08002f5d   Thumb Code     6  stm32f4xx_it.o(i.DMA2_Stream2_IRQHandler)
    DMA2_Stream6_IRQHandler                  0x08002f69   Thumb Code     6  stm32f4xx_it.o(i.DMA2_Stream6_IRQHandler)
    DebugMon_Handler                         0x08003019   Thumb Code     2  stm32f4xx_it.o(i.DebugMon_Handler)
    Debug_printf                             0x0800301d   Thumb Code    48  app_process.o(i.Debug_printf)
    Error_Handler                            0x08003055   Thumb Code     4  main.o(i.Error_Handler)
    HAL_DAC_ConfigChannel                    0x08003059   Thumb Code    78  stm32f4xx_hal_dac.o(i.HAL_DAC_ConfigChannel)
    HAL_DAC_Init                             0x080030a7   Thumb Code    40  stm32f4xx_hal_dac.o(i.HAL_DAC_Init)
    HAL_DAC_MspInit                          0x080030d1   Thumb Code    84  dac.o(i.HAL_DAC_MspInit)
    HAL_DMA_Abort                            0x08003131   Thumb Code   146  stm32f4xx_hal_dma.o(i.HAL_DMA_Abort)
    HAL_DMA_Abort_IT                         0x080031c3   Thumb Code    36  stm32f4xx_hal_dma.o(i.HAL_DMA_Abort_IT)
    HAL_DMA_GetState                         0x080031e7   Thumb Code     6  stm32f4xx_hal_dma.o(i.HAL_DMA_GetState)
    HAL_DMA_IRQHandler                       0x080031ed   Thumb Code   412  stm32f4xx_hal_dma.o(i.HAL_DMA_IRQHandler)
    HAL_DMA_Init                             0x0800338d   Thumb Code   206  stm32f4xx_hal_dma.o(i.HAL_DMA_Init)
    HAL_DMA_PollForTransfer                  0x08003461   Thumb Code   288  stm32f4xx_hal_dma.o(i.HAL_DMA_PollForTransfer)
    HAL_DMA_Start                            0x08003581   Thumb Code    70  stm32f4xx_hal_dma.o(i.HAL_DMA_Start)
    HAL_Delay                                0x080035c9   Thumb Code    32  stm32f4xx_hal.o(i.HAL_Delay)
    HAL_GPIO_Init                            0x080035ed   Thumb Code   450  stm32f4xx_hal_gpio.o(i.HAL_GPIO_Init)
    HAL_GPIO_TogglePin                       0x080037dd   Thumb Code    16  stm32f4xx_hal_gpio.o(i.HAL_GPIO_TogglePin)
    HAL_GPIO_WritePin                        0x080037ed   Thumb Code    10  stm32f4xx_hal_gpio.o(i.HAL_GPIO_WritePin)
    HAL_GetTick                              0x080037f9   Thumb Code     6  stm32f4xx_hal.o(i.HAL_GetTick)
    HAL_IncTick                              0x08003805   Thumb Code    12  stm32f4xx_hal.o(i.HAL_IncTick)
    HAL_Init                                 0x08003815   Thumb Code    48  stm32f4xx_hal.o(i.HAL_Init)
    HAL_InitTick                             0x08003849   Thumb Code    54  stm32f4xx_hal.o(i.HAL_InitTick)
    HAL_MspInit                              0x08003889   Thumb Code    42  stm32f4xx_hal_msp.o(i.HAL_MspInit)
    HAL_NVIC_EnableIRQ                       0x080038b9   Thumb Code    26  stm32f4xx_hal_cortex.o(i.HAL_NVIC_EnableIRQ)
    HAL_NVIC_SetPriority                     0x080038d5   Thumb Code    60  stm32f4xx_hal_cortex.o(i.HAL_NVIC_SetPriority)
    HAL_NVIC_SetPriorityGrouping             0x08003915   Thumb Code    26  stm32f4xx_hal_cortex.o(i.HAL_NVIC_SetPriorityGrouping)
    HAL_RCC_ClockConfig                      0x08003939   Thumb Code   288  stm32f4xx_hal_rcc.o(i.HAL_RCC_ClockConfig)
    HAL_RCC_GetPCLK1Freq                     0x08003a6d   Thumb Code    20  stm32f4xx_hal_rcc.o(i.HAL_RCC_GetPCLK1Freq)
    HAL_RCC_GetPCLK2Freq                     0x08003a8d   Thumb Code    20  stm32f4xx_hal_rcc.o(i.HAL_RCC_GetPCLK2Freq)
    HAL_RCC_GetSysClockFreq                  0x08003aad   Thumb Code    88  stm32f4xx_hal_rcc.o(i.HAL_RCC_GetSysClockFreq)
    HAL_RCC_OscConfig                        0x08003b0d   Thumb Code   856  stm32f4xx_hal_rcc.o(i.HAL_RCC_OscConfig)
    HAL_SYSTICK_Config                       0x08003e79   Thumb Code    40  stm32f4xx_hal_cortex.o(i.HAL_SYSTICK_Config)
    HAL_TIMEx_ConfigBreakDeadTime            0x08003ea1   Thumb Code    84  stm32f4xx_hal_tim_ex.o(i.HAL_TIMEx_ConfigBreakDeadTime)
    HAL_TIMEx_MasterConfigSynchronization    0x08003ef5   Thumb Code   116  stm32f4xx_hal_tim_ex.o(i.HAL_TIMEx_MasterConfigSynchronization)
    HAL_TIM_Base_Init                        0x08003f85   Thumb Code    90  stm32f4xx_hal_tim.o(i.HAL_TIM_Base_Init)
    HAL_TIM_Base_MspInit                     0x08003fe1   Thumb Code    90  tim.o(i.HAL_TIM_Base_MspInit)
    HAL_TIM_ConfigClockSource                0x0800404d   Thumb Code   220  stm32f4xx_hal_tim.o(i.HAL_TIM_ConfigClockSource)
    HAL_TIM_MspPostInit                      0x08004129   Thumb Code   110  tim.o(i.HAL_TIM_MspPostInit)
    HAL_TIM_PWM_ConfigChannel                0x080041a9   Thumb Code   204  stm32f4xx_hal_tim.o(i.HAL_TIM_PWM_ConfigChannel)
    HAL_TIM_PWM_Init                         0x08004275   Thumb Code    90  stm32f4xx_hal_tim.o(i.HAL_TIM_PWM_Init)
    HAL_TIM_PWM_MspInit                      0x080042cf   Thumb Code     2  stm32f4xx_hal_tim.o(i.HAL_TIM_PWM_MspInit)
    HAL_TIM_PWM_Start                        0x080042d1   Thumb Code   172  stm32f4xx_hal_tim.o(i.HAL_TIM_PWM_Start)
    HAL_TIM_PWM_Stop                         0x08004399   Thumb Code   114  stm32f4xx_hal_tim.o(i.HAL_TIM_PWM_Stop)
    HAL_UARTEx_RxEventCallback               0x08004415   Thumb Code     2  stm32f4xx_hal_uart.o(i.HAL_UARTEx_RxEventCallback)
    HAL_UART_ErrorCallback                   0x08004417   Thumb Code     2  stm32f4xx_hal_uart.o(i.HAL_UART_ErrorCallback)
    HAL_UART_IRQHandler                      0x08004419   Thumb Code   636  stm32f4xx_hal_uart.o(i.HAL_UART_IRQHandler)
    HAL_UART_Init                            0x08004699   Thumb Code   100  stm32f4xx_hal_uart.o(i.HAL_UART_Init)
    HAL_UART_MspInit                         0x080046fd   Thumb Code   216  usart.o(i.HAL_UART_MspInit)
    HAL_UART_Receive_IT                      0x080047f1   Thumb Code    28  stm32f4xx_hal_uart.o(i.HAL_UART_Receive_IT)
    HAL_UART_RxCpltCallback                  0x0800480d   Thumb Code    58  app_process.o(i.HAL_UART_RxCpltCallback)
    HAL_UART_Transmit                        0x08004851   Thumb Code   160  stm32f4xx_hal_uart.o(i.HAL_UART_Transmit)
    HAL_UART_TxCpltCallback                  0x080048f1   Thumb Code     2  stm32f4xx_hal_uart.o(i.HAL_UART_TxCpltCallback)
    HMI_Process_Init                         0x080048f5   Thumb Code    60  app_process.o(i.HMI_Process_Init)
    HMI_Send_Cmd                             0x080049b1   Thumb Code    44  app_process.o(i.HMI_Send_Cmd)
    HardFault_Handler                        0x080049e9   Thumb Code     2  stm32f4xx_it.o(i.HardFault_Handler)
    MX_DAC_Init                              0x080049ed   Thumb Code    50  dac.o(i.MX_DAC_Init)
    MX_DMA_Init                              0x08004a29   Thumb Code    56  dma.o(i.MX_DMA_Init)
    MX_GPIO_Init                             0x08004a65   Thumb Code   148  gpio.o(i.MX_GPIO_Init)
    MX_TIM1_Init                             0x08004b05   Thumb Code   210  tim.o(i.MX_TIM1_Init)
    MX_USART1_UART_Init                      0x08004be1   Thumb Code    48  usart.o(i.MX_USART1_UART_Init)
    MX_USART3_UART_Init                      0x08004c19   Thumb Code    48  usart.o(i.MX_USART3_UART_Init)
    MemManage_Handler                        0x08004c51   Thumb Code     2  stm32f4xx_it.o(i.MemManage_Handler)
    NMI_Handler                              0x08004c53   Thumb Code     2  stm32f4xx_it.o(i.NMI_Handler)
    PendSV_Handler                           0x08004c55   Thumb Code     2  stm32f4xx_it.o(i.PendSV_Handler)
    SVC_Handler                              0x08004c57   Thumb Code     2  stm32f4xx_it.o(i.SVC_Handler)
    SysTick_Handler                          0x08004c59   Thumb Code     4  stm32f4xx_it.o(i.SysTick_Handler)
    SystemClock_Config                       0x08004c5d   Thumb Code   142  main.o(i.SystemClock_Config)
    SystemInit                               0x08004cf5   Thumb Code    12  system_stm32f4xx.o(i.SystemInit)
    TIM_Base_SetConfig                       0x08004d05   Thumb Code   164  stm32f4xx_hal_tim.o(i.TIM_Base_SetConfig)
    TIM_CCxChannelCmd                        0x08004dd5   Thumb Code    26  stm32f4xx_hal_tim.o(i.TIM_CCxChannelCmd)
    TIM_ETR_SetConfig                        0x08004def   Thumb Code    20  stm32f4xx_hal_tim.o(i.TIM_ETR_SetConfig)
    TIM_OC2_SetConfig                        0x08004e75   Thumb Code    98  stm32f4xx_hal_tim.o(i.TIM_OC2_SetConfig)
    UART_Start_Receive_IT                    0x08005209   Thumb Code    54  stm32f4xx_hal_uart.o(i.UART_Start_Receive_IT)
    USART1_IRQHandler                        0x080052b1   Thumb Code     6  stm32f4xx_it.o(i.USART1_IRQHandler)
    UsageFault_Handler                       0x080052bd   Thumb Code     2  stm32f4xx_it.o(i.UsageFault_Handler)
    __ARM_fpclassify                         0x080052bf   Thumb Code    48  fpclassify.o(i.__ARM_fpclassify)
    __ARM_fpclassifyf                        0x080052ef   Thumb Code    38  fpclassifyf.o(i.__ARM_fpclassifyf)
    __hardfp_atan2f                          0x08005335   Thumb Code   594  atan2f.o(i.__hardfp_atan2f)
    __hardfp_floorf                          0x080055e1   Thumb Code    98  floorf.o(i.__hardfp_floorf)
    __hardfp_logf                            0x08005651   Thumb Code   320  logf.o(i.__hardfp_logf)
    __mathlib_logf                           0x08005651   Thumb Code     0  logf.o(i.__hardfp_logf)
    __hardfp_roundf                          0x080057bd   Thumb Code   154  roundf.o(i.__hardfp_roundf)
    __hardfp_sqrtf                           0x08005857   Thumb Code    58  sqrtf.o(i.__hardfp_sqrtf)
    __mathlib_flt_divzero                    0x08005891   Thumb Code    14  funder.o(i.__mathlib_flt_divzero)
    __mathlib_flt_infnan                     0x080058a5   Thumb Code     6  funder.o(i.__mathlib_flt_infnan)
    __mathlib_flt_infnan2                    0x080058ab   Thumb Code     6  funder.o(i.__mathlib_flt_infnan2)
    __mathlib_flt_invalid                    0x080058b1   Thumb Code    10  funder.o(i.__mathlib_flt_invalid)
    __mathlib_flt_underflow                  0x080058c1   Thumb Code    10  funder.o(i.__mathlib_flt_underflow)
    _is_digit                                0x080058d1   Thumb Code    14  __printf_wp.o(i._is_digit)
    alog_analyze                             0x08005915   Thumb Code   120  alog_signal.o(i.alog_analyze)
    alog_init                                0x08005991   Thumb Code   156  alog_signal.o(i.alog_init)
    bsp_ad9220_capture                       0x08005a51   Thumb Code  2340  bsp_ad9220.o(i.bsp_ad9220_capture)
    bsp_ad9220_init                          0x08006389   Thumb Code    80  bsp_ad9220.o(i.bsp_ad9220_init)
    main                                     0x0800738d   Thumb Code    70  main.o(i.main)
    _get_lc_numeric                          0x08007a4d   Thumb Code    44  lc_numeric_c.o(locale$$code)
    _get_lc_ctype                            0x08007a79   Thumb Code    44  lc_ctype_c.o(locale$$code)
    __fpl_dretinf                            0x08007aa5   Thumb Code    12  dretinf.o(x$fpl$dretinf)
    __aeabi_f2d                              0x08007ab1   Thumb Code     0  f2d.o(x$fpl$f2d)
    _f2d                                     0x08007ab1   Thumb Code    86  f2d.o(x$fpl$f2d)
    __fpl_fnaninf                            0x08007b07   Thumb Code   140  fnaninf.o(x$fpl$fnaninf)
    _fp_init                                 0x08007b93   Thumb Code    10  fpinit.o(x$fpl$fpinit)
    __fplib_config_fpu_vfp                   0x08007b9b   Thumb Code     0  fpinit.o(x$fpl$fpinit)
    __fplib_config_pureend_doubles           0x08007b9b   Thumb Code     0  fpinit.o(x$fpl$fpinit)
    _frnd                                    0x08007b9d   Thumb Code    96  frnd.o(x$fpl$frnd)
    _printf_fp_dec                           0x08007bfd   Thumb Code     4  printf1.o(x$fpl$printf1)
    _printf_fp_hex                           0x08007c01   Thumb Code     4  printf2.o(x$fpl$printf2)
    __I$use$fp                               0x08007c04   Number         0  usenofp.o(x$fpl$usenofp)
    AHBPrescTable                            0x08007c0c   Data          16  system_stm32f4xx.o(.constdata)
    APBPrescTable                            0x08007c1c   Data           8  system_stm32f4xx.o(.constdata)
    armBitRevIndexTable1024                  0x08007dcc   Data        3600  arm_common_tables.o(.rodata.armBitRevIndexTable1024)
    armBitRevIndexTable128                   0x08008bdc   Data         416  arm_common_tables.o(.rodata.armBitRevIndexTable128)
    armBitRevIndexTable16                    0x08008d7c   Data          40  arm_common_tables.o(.rodata.armBitRevIndexTable16)
    armBitRevIndexTable2048                  0x08008da4   Data        7616  arm_common_tables.o(.rodata.armBitRevIndexTable2048)
    armBitRevIndexTable256                   0x0800ab64   Data         880  arm_common_tables.o(.rodata.armBitRevIndexTable256)
    armBitRevIndexTable32                    0x0800aed4   Data          96  arm_common_tables.o(.rodata.armBitRevIndexTable32)
    armBitRevIndexTable4096                  0x0800af34   Data        8064  arm_common_tables.o(.rodata.armBitRevIndexTable4096)
    armBitRevIndexTable512                   0x0800ceb4   Data         896  arm_common_tables.o(.rodata.armBitRevIndexTable512)
    armBitRevIndexTable64                    0x0800d234   Data         112  arm_common_tables.o(.rodata.armBitRevIndexTable64)
    arm_cfft_sR_f32_len1024                  0x0800d2a4   Data          16  arm_const_structs.o(.rodata.arm_cfft_sR_f32_len1024)
    arm_cfft_sR_f32_len128                   0x0800d2b4   Data          16  arm_const_structs.o(.rodata.arm_cfft_sR_f32_len128)
    arm_cfft_sR_f32_len16                    0x0800d2c4   Data          16  arm_const_structs.o(.rodata.arm_cfft_sR_f32_len16)
    arm_cfft_sR_f32_len2048                  0x0800d2d4   Data          16  arm_const_structs.o(.rodata.arm_cfft_sR_f32_len2048)
    arm_cfft_sR_f32_len256                   0x0800d2e4   Data          16  arm_const_structs.o(.rodata.arm_cfft_sR_f32_len256)
    arm_cfft_sR_f32_len32                    0x0800d2f4   Data          16  arm_const_structs.o(.rodata.arm_cfft_sR_f32_len32)
    arm_cfft_sR_f32_len4096                  0x0800d304   Data          16  arm_const_structs.o(.rodata.arm_cfft_sR_f32_len4096)
    arm_cfft_sR_f32_len512                   0x0800d314   Data          16  arm_const_structs.o(.rodata.arm_cfft_sR_f32_len512)
    arm_cfft_sR_f32_len64                    0x0800d324   Data          16  arm_const_structs.o(.rodata.arm_cfft_sR_f32_len64)
    sinTable_f32                             0x0800d334   Data        2052  arm_common_tables.o(.rodata.sinTable_f32)
    twiddleCoef_1024                         0x0800db38   Data        8192  arm_common_tables.o(.rodata.twiddleCoef_1024)
    twiddleCoef_128                          0x0800fb38   Data        1024  arm_common_tables.o(.rodata.twiddleCoef_128)
    twiddleCoef_16                           0x0800ff38   Data         128  arm_common_tables.o(.rodata.twiddleCoef_16)
    twiddleCoef_2048                         0x0800ffb8   Data       16384  arm_common_tables.o(.rodata.twiddleCoef_2048)
    twiddleCoef_256                          0x08013fb8   Data        2048  arm_common_tables.o(.rodata.twiddleCoef_256)
    twiddleCoef_32                           0x080147b8   Data         256  arm_common_tables.o(.rodata.twiddleCoef_32)
    twiddleCoef_4096                         0x080148b8   Data       32768  arm_common_tables.o(.rodata.twiddleCoef_4096)
    twiddleCoef_512                          0x0801c8b8   Data        4096  arm_common_tables.o(.rodata.twiddleCoef_512)
    twiddleCoef_64                           0x0801d8b8   Data         512  arm_common_tables.o(.rodata.twiddleCoef_64)
    twiddleCoef_rfft_1024                    0x0801dab8   Data        4096  arm_common_tables.o(.rodata.twiddleCoef_rfft_1024)
    twiddleCoef_rfft_128                     0x0801eab8   Data         512  arm_common_tables.o(.rodata.twiddleCoef_rfft_128)
    twiddleCoef_rfft_2048                    0x0801ecb8   Data        8192  arm_common_tables.o(.rodata.twiddleCoef_rfft_2048)
    twiddleCoef_rfft_256                     0x08020cb8   Data        1024  arm_common_tables.o(.rodata.twiddleCoef_rfft_256)
    twiddleCoef_rfft_32                      0x080210b8   Data         128  arm_common_tables.o(.rodata.twiddleCoef_rfft_32)
    twiddleCoef_rfft_4096                    0x08021138   Data       16384  arm_common_tables.o(.rodata.twiddleCoef_rfft_4096)
    twiddleCoef_rfft_512                     0x08025138   Data        2048  arm_common_tables.o(.rodata.twiddleCoef_rfft_512)
    twiddleCoef_rfft_64                      0x08025938   Data         256  arm_common_tables.o(.rodata.twiddleCoef_rfft_64)
    Region$$Table$$Base                      0x08025a38   Number         0  anon$$obj.o(Region$$Table)
    Region$$Table$$Limit                     0x08025a58   Number         0  anon$$obj.o(Region$$Table)
    __ctype                                  0x08025a81   Data           0  lc_ctype_c.o(locale$$data)
    uwTickFreq                               0x20000000   Data           1  stm32f4xx_hal.o(.data)
    uwTickPrio                               0x20000004   Data           4  stm32f4xx_hal.o(.data)
    uwTick                                   0x20000008   Data           4  stm32f4xx_hal.o(.data)
    SystemCoreClock                          0x2000000c   Data           4  system_stm32f4xx.o(.data)
    hdac                                     0x2000001c   Data          20  dac.o(.bss)
    htim1                                    0x20000030   Data          72  tim.o(.bss)
    hdma_tim1_ch3                            0x20000078   Data          96  tim.o(.bss)
    huart1                                   0x200000d8   Data          72  usart.o(.bss)
    huart3                                   0x20000120   Data          72  usart.o(.bss)
    hdma_usart1_rx                           0x20000168   Data          96  usart.o(.bss)
    __libspace_start                         0x20014d38   Data          96  libspace.o(.bss)
    __temporary_stack_top$libspace           0x20014d98   Data           0  libspace.o(.bss)



==============================================================================

Memory Map of the image

  Image Entry point : 0x08000189

  Load Region LR_IROM1 (Base: 0x08000000, Size: 0x00025ba0, Max: 0x00100000, ABSOLUTE)

    Execution Region ER_IROM1 (Exec base: 0x08000000, Load base: 0x08000000, Size: 0x00025b84, Max: 0x00100000, ABSOLUTE)

    Exec Addr    Load Addr    Size         Type   Attr      Idx    E Section Name        Object

    0x08000000   0x08000000   0x00000188   Data   RO            3    RESET               startup_stm32f407xx.o
    0x08000188   0x08000188   0x00000008   Code   RO         3886  * !!!main             c_w.l(__main.o)
    0x08000190   0x08000190   0x00000034   Code   RO         4270    !!!scatter          c_w.l(__scatter.o)
    0x080001c4   0x080001c4   0x0000001a   Code   RO         4272    !!handler_copy      c_w.l(__scatter_copy.o)
    0x080001de   0x080001de   0x00000002   PAD
    0x080001e0   0x080001e0   0x0000001c   Code   RO         4274    !!handler_zi        c_w.l(__scatter_zi.o)
    0x080001fc   0x080001fc   0x00000000   Code   RO         3881    .ARM.Collect$$_printf_percent$$00000000  c_w.l(_printf_percent.o)
    0x080001fc   0x080001fc   0x00000006   Code   RO         3998    .ARM.Collect$$_printf_percent$$00000001  c_w.l(_printf_n.o)
    0x08000202   0x08000202   0x00000006   Code   RO         4000    .ARM.Collect$$_printf_percent$$00000002  c_w.l(_printf_p.o)
    0x08000208   0x08000208   0x00000006   Code   RO         3880    .ARM.Collect$$_printf_percent$$00000003  c_w.l(_printf_f.o)
    0x0800020e   0x0800020e   0x00000006   Code   RO         4004    .ARM.Collect$$_printf_percent$$00000004  c_w.l(_printf_e.o)
    0x08000214   0x08000214   0x00000006   Code   RO         4005    .ARM.Collect$$_printf_percent$$00000005  c_w.l(_printf_g.o)
    0x0800021a   0x0800021a   0x00000006   Code   RO         4006    .ARM.Collect$$_printf_percent$$00000006  c_w.l(_printf_a.o)
    0x08000220   0x08000220   0x0000000a   Code   RO         4011    .ARM.Collect$$_printf_percent$$00000007  c_w.l(_printf_ll.o)
    0x0800022a   0x0800022a   0x00000006   Code   RO         4002    .ARM.Collect$$_printf_percent$$00000008  c_w.l(_printf_i.o)
    0x08000230   0x08000230   0x00000006   Code   RO         4003    .ARM.Collect$$_printf_percent$$00000009  c_w.l(_printf_d.o)
    0x08000236   0x08000236   0x00000006   Code   RO         3879    .ARM.Collect$$_printf_percent$$0000000A  c_w.l(_printf_u.o)
    0x0800023c   0x0800023c   0x00000006   Code   RO         4001    .ARM.Collect$$_printf_percent$$0000000B  c_w.l(_printf_o.o)
    0x08000242   0x08000242   0x00000006   Code   RO         3999    .ARM.Collect$$_printf_percent$$0000000C  c_w.l(_printf_x.o)
    0x08000248   0x08000248   0x00000006   Code   RO         4008    .ARM.Collect$$_printf_percent$$0000000D  c_w.l(_printf_lli.o)
    0x0800024e   0x0800024e   0x00000006   Code   RO         4009    .ARM.Collect$$_printf_percent$$0000000E  c_w.l(_printf_lld.o)
    0x08000254   0x08000254   0x00000006   Code   RO         4010    .ARM.Collect$$_printf_percent$$0000000F  c_w.l(_printf_llu.o)
    0x0800025a   0x0800025a   0x00000006   Code   RO         4015    .ARM.Collect$$_printf_percent$$00000010  c_w.l(_printf_llo.o)
    0x08000260   0x08000260   0x00000006   Code   RO         4016    .ARM.Collect$$_printf_percent$$00000011  c_w.l(_printf_llx.o)
    0x08000266   0x08000266   0x0000000a   Code   RO         4012    .ARM.Collect$$_printf_percent$$00000012  c_w.l(_printf_l.o)
    0x08000270   0x08000270   0x00000006   Code   RO         3997    .ARM.Collect$$_printf_percent$$00000013  c_w.l(_printf_c.o)
    0x08000276   0x08000276   0x00000006   Code   RO         3878    .ARM.Collect$$_printf_percent$$00000014  c_w.l(_printf_s.o)
    0x0800027c   0x0800027c   0x00000006   Code   RO         4013    .ARM.Collect$$_printf_percent$$00000015  c_w.l(_printf_lc.o)
    0x08000282   0x08000282   0x00000006   Code   RO         4014    .ARM.Collect$$_printf_percent$$00000016  c_w.l(_printf_ls.o)
    0x08000288   0x08000288   0x00000004   Code   RO         4007    .ARM.Collect$$_printf_percent$$00000017  c_w.l(_printf_percent_end.o)
    0x0800028c   0x0800028c   0x00000002   Code   RO         4138    .ARM.Collect$$libinit$$00000000  c_w.l(libinit.o)
    0x0800028e   0x0800028e   0x00000004   Code   RO         4139    .ARM.Collect$$libinit$$00000001  c_w.l(libinit2.o)
    0x08000292   0x08000292   0x00000000   Code   RO         4142    .ARM.Collect$$libinit$$00000004  c_w.l(libinit2.o)
    0x08000292   0x08000292   0x00000000   Code   RO         4145    .ARM.Collect$$libinit$$0000000A  c_w.l(libinit2.o)
    0x08000292   0x08000292   0x00000000   Code   RO         4147    .ARM.Collect$$libinit$$0000000C  c_w.l(libinit2.o)
    0x08000292   0x08000292   0x00000000   Code   RO         4149    .ARM.Collect$$libinit$$0000000E  c_w.l(libinit2.o)
    0x08000292   0x08000292   0x00000006   Code   RO         4150    .ARM.Collect$$libinit$$0000000F  c_w.l(libinit2.o)
    0x08000298   0x08000298   0x00000000   Code   RO         4152    .ARM.Collect$$libinit$$00000011  c_w.l(libinit2.o)
    0x08000298   0x08000298   0x0000000c   Code   RO         4153    .ARM.Collect$$libinit$$00000012  c_w.l(libinit2.o)
    0x080002a4   0x080002a4   0x00000000   Code   RO         4154    .ARM.Collect$$libinit$$00000013  c_w.l(libinit2.o)
    0x080002a4   0x080002a4   0x00000000   Code   RO         4156    .ARM.Collect$$libinit$$00000015  c_w.l(libinit2.o)
    0x080002a4   0x080002a4   0x0000000a   Code   RO         4157    .ARM.Collect$$libinit$$00000016  c_w.l(libinit2.o)
    0x080002ae   0x080002ae   0x00000000   Code   RO         4158    .ARM.Collect$$libinit$$00000017  c_w.l(libinit2.o)
    0x080002ae   0x080002ae   0x00000000   Code   RO         4160    .ARM.Collect$$libinit$$00000019  c_w.l(libinit2.o)
    0x080002ae   0x080002ae   0x00000000   Code   RO         4162    .ARM.Collect$$libinit$$0000001B  c_w.l(libinit2.o)
    0x080002ae   0x080002ae   0x00000000   Code   RO         4164    .ARM.Collect$$libinit$$0000001D  c_w.l(libinit2.o)
    0x080002ae   0x080002ae   0x00000000   Code   RO         4166    .ARM.Collect$$libinit$$0000001F  c_w.l(libinit2.o)
    0x080002ae   0x080002ae   0x00000000   Code   RO         4168    .ARM.Collect$$libinit$$00000021  c_w.l(libinit2.o)
    0x080002ae   0x080002ae   0x00000000   Code   RO         4170    .ARM.Collect$$libinit$$00000023  c_w.l(libinit2.o)
    0x080002ae   0x080002ae   0x00000000   Code   RO         4172    .ARM.Collect$$libinit$$00000025  c_w.l(libinit2.o)
    0x080002ae   0x080002ae   0x00000000   Code   RO         4176    .ARM.Collect$$libinit$$0000002C  c_w.l(libinit2.o)
    0x080002ae   0x080002ae   0x00000000   Code   RO         4178    .ARM.Collect$$libinit$$0000002E  c_w.l(libinit2.o)
    0x080002ae   0x080002ae   0x00000000   Code   RO         4180    .ARM.Collect$$libinit$$00000030  c_w.l(libinit2.o)
    0x080002ae   0x080002ae   0x00000000   Code   RO         4182    .ARM.Collect$$libinit$$00000032  c_w.l(libinit2.o)
    0x080002ae   0x080002ae   0x00000002   Code   RO         4183    .ARM.Collect$$libinit$$00000033  c_w.l(libinit2.o)
    0x080002b0   0x080002b0   0x00000002   Code   RO         4233    .ARM.Collect$$libshutdown$$00000000  c_w.l(libshutdown.o)
    0x080002b2   0x080002b2   0x00000000   Code   RO         4251    .ARM.Collect$$libshutdown$$00000002  c_w.l(libshutdown2.o)
    0x080002b2   0x080002b2   0x00000000   Code   RO         4253    .ARM.Collect$$libshutdown$$00000004  c_w.l(libshutdown2.o)
    0x080002b2   0x080002b2   0x00000000   Code   RO         4255    .ARM.Collect$$libshutdown$$00000006  c_w.l(libshutdown2.o)
    0x080002b2   0x080002b2   0x00000000   Code   RO         4258    .ARM.Collect$$libshutdown$$00000009  c_w.l(libshutdown2.o)
    0x080002b2   0x080002b2   0x00000000   Code   RO         4261    .ARM.Collect$$libshutdown$$0000000C  c_w.l(libshutdown2.o)
    0x080002b2   0x080002b2   0x00000000   Code   RO         4263    .ARM.Collect$$libshutdown$$0000000E  c_w.l(libshutdown2.o)
    0x080002b2   0x080002b2   0x00000000   Code   RO         4266    .ARM.Collect$$libshutdown$$00000011  c_w.l(libshutdown2.o)
    0x080002b2   0x080002b2   0x00000002   Code   RO         4267    .ARM.Collect$$libshutdown$$00000012  c_w.l(libshutdown2.o)
    0x080002b4   0x080002b4   0x00000000   Code   RO         3940    .ARM.Collect$$rtentry$$00000000  c_w.l(__rtentry.o)
    0x080002b4   0x080002b4   0x00000000   Code   RO         4047    .ARM.Collect$$rtentry$$00000002  c_w.l(__rtentry2.o)
    0x080002b4   0x080002b4   0x00000006   Code   RO         4059    .ARM.Collect$$rtentry$$00000004  c_w.l(__rtentry4.o)
    0x080002ba   0x080002ba   0x00000000   Code   RO         4049    .ARM.Collect$$rtentry$$00000009  c_w.l(__rtentry2.o)
    0x080002ba   0x080002ba   0x00000004   Code   RO         4050    .ARM.Collect$$rtentry$$0000000A  c_w.l(__rtentry2.o)
    0x080002be   0x080002be   0x00000000   Code   RO         4052    .ARM.Collect$$rtentry$$0000000C  c_w.l(__rtentry2.o)
    0x080002be   0x080002be   0x00000008   Code   RO         4053    .ARM.Collect$$rtentry$$0000000D  c_w.l(__rtentry2.o)
    0x080002c6   0x080002c6   0x00000002   Code   RO         4184    .ARM.Collect$$rtexit$$00000000  c_w.l(rtexit.o)
    0x080002c8   0x080002c8   0x00000000   Code   RO         4202    .ARM.Collect$$rtexit$$00000002  c_w.l(rtexit2.o)
    0x080002c8   0x080002c8   0x00000004   Code   RO         4203    .ARM.Collect$$rtexit$$00000003  c_w.l(rtexit2.o)
    0x080002cc   0x080002cc   0x00000006   Code   RO         4204    .ARM.Collect$$rtexit$$00000004  c_w.l(rtexit2.o)
    0x080002d2   0x080002d2   0x00000002   PAD
    0x080002d4   0x080002d4   0x00000040   Code   RO            4    .text               startup_stm32f407xx.o
    0x08000314   0x08000314   0x000000ee   Code   RO         3844    .text               c_w.l(lludivv7m.o)
    0x08000402   0x08000402   0x00000002   PAD
    0x08000404   0x08000404   0x00000034   Code   RO         3846    .text               c_w.l(vsnprintf.o)
    0x08000438   0x08000438   0x00000038   Code   RO         3848    .text               c_w.l(__2snprintf.o)
    0x08000470   0x08000470   0x00000052   Code   RO         3854    .text               c_w.l(_printf_str.o)
    0x080004c2   0x080004c2   0x00000002   PAD
    0x080004c4   0x080004c4   0x00000078   Code   RO         3856    .text               c_w.l(_printf_dec.o)
    0x0800053c   0x0800053c   0x00000188   Code   RO         3875    .text               c_w.l(__printf_flags_ss_wp.o)
    0x080006c4   0x080006c4   0x0000004e   Code   RO         3882    .text               c_w.l(rt_memclr_w.o)
    0x08000712   0x08000712   0x00000006   Code   RO         3884    .text               c_w.l(heapauxi.o)
    0x08000718   0x08000718   0x00000016   Code   RO         3945    .text               c_w.l(_rserrno.o)
    0x0800072e   0x0800072e   0x0000004e   Code   RO         3947    .text               c_w.l(_printf_pad.o)
    0x0800077c   0x0800077c   0x00000024   Code   RO         3949    .text               c_w.l(_printf_truncate.o)
    0x080007a0   0x080007a0   0x000000b2   Code   RO         3951    .text               c_w.l(_printf_intcommon.o)
    0x08000852   0x08000852   0x00000028   Code   RO         3953    .text               c_w.l(_printf_charcount.o)
    0x0800087a   0x0800087a   0x0000041e   Code   RO         3955    .text               c_w.l(_printf_fp_dec.o)
    0x08000c98   0x08000c98   0x00000030   Code   RO         3957    .text               c_w.l(_printf_char_common.o)
    0x08000cc8   0x08000cc8   0x0000000a   Code   RO         3959    .text               c_w.l(_sputc.o)
    0x08000cd2   0x08000cd2   0x00000010   Code   RO         3961    .text               c_w.l(_snputc.o)
    0x08000ce2   0x08000ce2   0x0000002c   Code   RO         3963    .text               c_w.l(_printf_char.o)
    0x08000d0e   0x08000d0e   0x00000002   PAD
    0x08000d10   0x08000d10   0x000000bc   Code   RO         3965    .text               c_w.l(_printf_wctomb.o)
    0x08000dcc   0x08000dcc   0x0000007c   Code   RO         3968    .text               c_w.l(_printf_longlong_dec.o)
    0x08000e48   0x08000e48   0x00000070   Code   RO         3974    .text               c_w.l(_printf_oct_int_ll.o)
    0x08000eb8   0x08000eb8   0x00000094   Code   RO         3994    .text               c_w.l(_printf_hex_int_ll_ptr.o)
    0x08000f4c   0x08000f4c   0x00000008   Code   RO         4066    .text               c_w.l(rt_locale_intlibspace.o)
    0x08000f54   0x08000f54   0x00000008   Code   RO         4071    .text               c_w.l(rt_errno_addr_intlibspace.o)
    0x08000f5c   0x08000f5c   0x0000008a   Code   RO         4073    .text               c_w.l(lludiv10.o)
    0x08000fe6   0x08000fe6   0x00000002   PAD
    0x08000fe8   0x08000fe8   0x000002fc   Code   RO         4075    .text               c_w.l(_printf_fp_hex.o)
    0x080012e4   0x080012e4   0x00000080   Code   RO         4078    .text               c_w.l(_printf_fp_infnan.o)
    0x08001364   0x08001364   0x0000002c   Code   RO         4082    .text               c_w.l(_printf_wchar.o)
    0x08001390   0x08001390   0x000000e4   Code   RO         4084    .text               c_w.l(bigflt0.o)
    0x08001474   0x08001474   0x00000040   Code   RO         4109    .text               c_w.l(_wcrtomb.o)
    0x080014b4   0x080014b4   0x00000008   Code   RO         4118    .text               c_w.l(libspace.o)
    0x080014bc   0x080014bc   0x0000004a   Code   RO         4121    .text               c_w.l(sys_stackheap_outer.o)
    0x08001506   0x08001506   0x00000002   PAD
    0x08001508   0x08001508   0x00000010   Code   RO         4123    .text               c_w.l(rt_ctype_table.o)
    0x08001518   0x08001518   0x00000012   Code   RO         4125    .text               c_w.l(exit.o)
    0x0800152a   0x0800152a   0x00000002   PAD
    0x0800152c   0x0800152c   0x00000080   Code   RO         4131    .text               c_w.l(strcmpv7m.o)
    0x080015ac   0x080015ac   0x0000000c   Code   RO         4199    .text               c_w.l(sys_exit.o)
    0x080015b8   0x080015b8   0x00000002   Code   RO         4220    .text               c_w.l(use_no_semi.o)
    0x080015ba   0x080015ba   0x00000000   Code   RO         4222    .text               c_w.l(indicate_semi.o)
    0x080015ba   0x080015ba   0x00000002   PAD
    0x080015bc   0x080015bc   0x00000044   Code   RO         3747    .text.arm_bitreversal_32  arm_cortexM4lf_math.lib(arm_bitreversal2.o)
    0x08001600   0x08001600   0x000000e0   Code   RO         3606    .text.arm_cfft_f32  arm_cortexM4lf_math.lib(arm_cfft_f32.o)
    0x080016e0   0x080016e0   0x000000b4   Code   RO         3616    .text.arm_cfft_init_f32  arm_cortexM4lf_math.lib(arm_cfft_init_f32.o)
    0x08001794   0x08001794   0x00000198   Code   RO         3602    .text.arm_cfft_radix8by2_f32  arm_cortexM4lf_math.lib(arm_cfft_f32.o)
    0x0800192c   0x0800192c   0x000003fc   Code   RO         3604    .text.arm_cfft_radix8by4_f32  arm_cortexM4lf_math.lib(arm_cfft_f32.o)
    0x08001d28   0x08001d28   0x00000098   Code   RO         3544    .text.arm_cos_f32   arm_cortexM4lf_math.lib(arm_cos_f32.o)
    0x08001dc0   0x08001dc0   0x000005b2   Code   RO         3759    .text.arm_radix8_butterfly_f32  arm_cortexM4lf_math.lib(arm_cfft_radix8_f32.o)
    0x08002372   0x08002372   0x0000002a   Code   RO         3582    .text.arm_rfft_1024_fast_init_f32  arm_cortexM4lf_math.lib(arm_rfft_fast_init_f32.o)
    0x0800239c   0x0800239c   0x00000026   Code   RO         3588    .text.arm_rfft_128_fast_init_f32  arm_cortexM4lf_math.lib(arm_rfft_fast_init_f32.o)
    0x080023c2   0x080023c2   0x0000002a   Code   RO         3580    .text.arm_rfft_2048_fast_init_f32  arm_cortexM4lf_math.lib(arm_rfft_fast_init_f32.o)
    0x080023ec   0x080023ec   0x00000028   Code   RO         3586    .text.arm_rfft_256_fast_init_f32  arm_cortexM4lf_math.lib(arm_rfft_fast_init_f32.o)
    0x08002414   0x08002414   0x00000026   Code   RO         3592    .text.arm_rfft_32_fast_init_f32  arm_cortexM4lf_math.lib(arm_rfft_fast_init_f32.o)
    0x0800243a   0x0800243a   0x0000002a   Code   RO         3578    .text.arm_rfft_4096_fast_init_f32  arm_cortexM4lf_math.lib(arm_rfft_fast_init_f32.o)
    0x08002464   0x08002464   0x0000002a   Code   RO         3584    .text.arm_rfft_512_fast_init_f32  arm_cortexM4lf_math.lib(arm_rfft_fast_init_f32.o)
    0x0800248e   0x0800248e   0x00000026   Code   RO         3590    .text.arm_rfft_64_fast_init_f32  arm_cortexM4lf_math.lib(arm_rfft_fast_init_f32.o)
    0x080024b4   0x080024b4   0x00000046   Code   RO         3566    .text.arm_rfft_fast_f32  arm_cortexM4lf_math.lib(arm_rfft_fast_f32.o)
    0x080024fa   0x080024fa   0x00000090   Code   RO         3576    .text.arm_rfft_fast_init_f32  arm_cortexM4lf_math.lib(arm_rfft_fast_init_f32.o)
    0x0800258a   0x0800258a   0x00000002   PAD
    0x0800258c   0x0800258c   0x00000090   Code   RO         3553    .text.arm_sin_f32   arm_cortexM4lf_math.lib(arm_sin_f32.o)
    0x0800261c   0x0800261c   0x000000b4   Code   RO         3564    .text.merge_rfft_f32  arm_cortexM4lf_math.lib(arm_rfft_fast_f32.o)
    0x080026d0   0x080026d0   0x000000b4   Code   RO         3562    .text.stage_rfft_f32  arm_cortexM4lf_math.lib(arm_rfft_fast_f32.o)
    0x08002784   0x08002784   0x0000003e   Code   RO         4087    CL$$btod_d2e        c_w.l(btod.o)
    0x080027c2   0x080027c2   0x00000046   Code   RO         4089    CL$$btod_d2e_denorm_low  c_w.l(btod.o)
    0x08002808   0x08002808   0x00000060   Code   RO         4088    CL$$btod_d2e_norm_op1  c_w.l(btod.o)
    0x08002868   0x08002868   0x00000338   Code   RO         4097    CL$$btod_div_common  c_w.l(btod.o)
    0x08002ba0   0x08002ba0   0x000000dc   Code   RO         4094    CL$$btod_e2e        c_w.l(btod.o)
    0x08002c7c   0x08002c7c   0x0000002a   Code   RO         4091    CL$$btod_ediv       c_w.l(btod.o)
    0x08002ca6   0x08002ca6   0x0000002a   Code   RO         4090    CL$$btod_emul       c_w.l(btod.o)
    0x08002cd0   0x08002cd0   0x00000244   Code   RO         4096    CL$$btod_mult_common  c_w.l(btod.o)
    0x08002f14   0x08002f14   0x00000044   Code   RO         3250    i.App_Main_Process_Poll  app_process.o
    0x08002f58   0x08002f58   0x00000002   Code   RO          368    i.BusFault_Handler  stm32f4xx_it.o
    0x08002f5a   0x08002f5a   0x00000002   PAD
    0x08002f5c   0x08002f5c   0x0000000c   Code   RO          369    i.DMA2_Stream2_IRQHandler  stm32f4xx_it.o
    0x08002f68   0x08002f68   0x0000000c   Code   RO          370    i.DMA2_Stream6_IRQHandler  stm32f4xx_it.o
    0x08002f74   0x08002f74   0x00000028   Code   RO         1185    i.DMA_CalcBaseAndBitshift  stm32f4xx_hal_dma.o
    0x08002f9c   0x08002f9c   0x00000054   Code   RO         1186    i.DMA_CheckFifoParam  stm32f4xx_hal_dma.o
    0x08002ff0   0x08002ff0   0x00000028   Code   RO         1187    i.DMA_SetConfig     stm32f4xx_hal_dma.o
    0x08003018   0x08003018   0x00000002   Code   RO          371    i.DebugMon_Handler  stm32f4xx_it.o
    0x0800301a   0x0800301a   0x00000002   PAD
    0x0800301c   0x0800301c   0x00000038   Code   RO         3251    i.Debug_printf      app_process.o
    0x08003054   0x08003054   0x00000004   Code   RO           13    i.Error_Handler     main.o
    0x08003058   0x08003058   0x0000004e   Code   RO          591    i.HAL_DAC_ConfigChannel  stm32f4xx_hal_dac.o
    0x080030a6   0x080030a6   0x00000028   Code   RO          601    i.HAL_DAC_Init      stm32f4xx_hal_dac.o
    0x080030ce   0x080030ce   0x00000002   PAD
    0x080030d0   0x080030d0   0x00000060   Code   RO          207    i.HAL_DAC_MspInit   dac.o
    0x08003130   0x08003130   0x00000092   Code   RO         1188    i.HAL_DMA_Abort     stm32f4xx_hal_dma.o
    0x080031c2   0x080031c2   0x00000024   Code   RO         1189    i.HAL_DMA_Abort_IT  stm32f4xx_hal_dma.o
    0x080031e6   0x080031e6   0x00000006   Code   RO         1192    i.HAL_DMA_GetState  stm32f4xx_hal_dma.o
    0x080031ec   0x080031ec   0x000001a0   Code   RO         1193    i.HAL_DMA_IRQHandler  stm32f4xx_hal_dma.o
    0x0800338c   0x0800338c   0x000000d4   Code   RO         1194    i.HAL_DMA_Init      stm32f4xx_hal_dma.o
    0x08003460   0x08003460   0x00000120   Code   RO         1195    i.HAL_DMA_PollForTransfer  stm32f4xx_hal_dma.o
    0x08003580   0x08003580   0x00000046   Code   RO         1197    i.HAL_DMA_Start     stm32f4xx_hal_dma.o
    0x080035c6   0x080035c6   0x00000002   PAD
    0x080035c8   0x080035c8   0x00000024   Code   RO         1625    i.HAL_Delay         stm32f4xx_hal.o
    0x080035ec   0x080035ec   0x000001f0   Code   RO         1081    i.HAL_GPIO_Init     stm32f4xx_hal_gpio.o
    0x080037dc   0x080037dc   0x00000010   Code   RO         1084    i.HAL_GPIO_TogglePin  stm32f4xx_hal_gpio.o
    0x080037ec   0x080037ec   0x0000000a   Code   RO         1085    i.HAL_GPIO_WritePin  stm32f4xx_hal_gpio.o
    0x080037f6   0x080037f6   0x00000002   PAD
    0x080037f8   0x080037f8   0x0000000c   Code   RO         1631    i.HAL_GetTick       stm32f4xx_hal.o
    0x08003804   0x08003804   0x00000010   Code   RO         1637    i.HAL_IncTick       stm32f4xx_hal.o
    0x08003814   0x08003814   0x00000034   Code   RO         1638    i.HAL_Init          stm32f4xx_hal.o
    0x08003848   0x08003848   0x00000040   Code   RO         1639    i.HAL_InitTick      stm32f4xx_hal.o
    0x08003888   0x08003888   0x00000030   Code   RO          462    i.HAL_MspInit       stm32f4xx_hal_msp.o
    0x080038b8   0x080038b8   0x0000001a   Code   RO         1473    i.HAL_NVIC_EnableIRQ  stm32f4xx_hal_cortex.o
    0x080038d2   0x080038d2   0x00000002   PAD
    0x080038d4   0x080038d4   0x00000040   Code   RO         1479    i.HAL_NVIC_SetPriority  stm32f4xx_hal_cortex.o
    0x08003914   0x08003914   0x00000024   Code   RO         1480    i.HAL_NVIC_SetPriorityGrouping  stm32f4xx_hal_cortex.o
    0x08003938   0x08003938   0x00000134   Code   RO          487    i.HAL_RCC_ClockConfig  stm32f4xx_hal_rcc.o
    0x08003a6c   0x08003a6c   0x00000020   Code   RO          494    i.HAL_RCC_GetPCLK1Freq  stm32f4xx_hal_rcc.o
    0x08003a8c   0x08003a8c   0x00000020   Code   RO          495    i.HAL_RCC_GetPCLK2Freq  stm32f4xx_hal_rcc.o
    0x08003aac   0x08003aac   0x00000060   Code   RO          496    i.HAL_RCC_GetSysClockFreq  stm32f4xx_hal_rcc.o
    0x08003b0c   0x08003b0c   0x0000036c   Code   RO          499    i.HAL_RCC_OscConfig  stm32f4xx_hal_rcc.o
    0x08003e78   0x08003e78   0x00000028   Code   RO         1484    i.HAL_SYSTICK_Config  stm32f4xx_hal_cortex.o
    0x08003ea0   0x08003ea0   0x00000054   Code   RO         2585    i.HAL_TIMEx_ConfigBreakDeadTime  stm32f4xx_hal_tim_ex.o
    0x08003ef4   0x08003ef4   0x00000090   Code   RO         2601    i.HAL_TIMEx_MasterConfigSynchronization  stm32f4xx_hal_tim_ex.o
    0x08003f84   0x08003f84   0x0000005a   Code   RO         1878    i.HAL_TIM_Base_Init  stm32f4xx_hal_tim.o
    0x08003fde   0x08003fde   0x00000002   PAD
    0x08003fe0   0x08003fe0   0x0000006c   Code   RO          273    i.HAL_TIM_Base_MspInit  tim.o
    0x0800404c   0x0800404c   0x000000dc   Code   RO         1887    i.HAL_TIM_ConfigClockSource  stm32f4xx_hal_tim.o
    0x08004128   0x08004128   0x00000080   Code   RO          274    i.HAL_TIM_MspPostInit  tim.o
    0x080041a8   0x080041a8   0x000000cc   Code   RO         1950    i.HAL_TIM_PWM_ConfigChannel  stm32f4xx_hal_tim.o
    0x08004274   0x08004274   0x0000005a   Code   RO         1953    i.HAL_TIM_PWM_Init  stm32f4xx_hal_tim.o
    0x080042ce   0x080042ce   0x00000002   Code   RO         1955    i.HAL_TIM_PWM_MspInit  stm32f4xx_hal_tim.o
    0x080042d0   0x080042d0   0x000000c8   Code   RO         1958    i.HAL_TIM_PWM_Start  stm32f4xx_hal_tim.o
    0x08004398   0x08004398   0x0000007c   Code   RO         1961    i.HAL_TIM_PWM_Stop  stm32f4xx_hal_tim.o
    0x08004414   0x08004414   0x00000002   Code   RO         2861    i.HAL_UARTEx_RxEventCallback  stm32f4xx_hal_uart.o
    0x08004416   0x08004416   0x00000002   Code   RO         2875    i.HAL_UART_ErrorCallback  stm32f4xx_hal_uart.o
    0x08004418   0x08004418   0x00000280   Code   RO         2878    i.HAL_UART_IRQHandler  stm32f4xx_hal_uart.o
    0x08004698   0x08004698   0x00000064   Code   RO         2879    i.HAL_UART_Init     stm32f4xx_hal_uart.o
    0x080046fc   0x080046fc   0x000000f4   Code   RO          321    i.HAL_UART_MspInit  usart.o
    0x080047f0   0x080047f0   0x0000001c   Code   RO         2884    i.HAL_UART_Receive_IT  stm32f4xx_hal_uart.o
    0x0800480c   0x0800480c   0x00000044   Code   RO         3252    i.HAL_UART_RxCpltCallback  app_process.o
    0x08004850   0x08004850   0x000000a0   Code   RO         2887    i.HAL_UART_Transmit  stm32f4xx_hal_uart.o
    0x080048f0   0x080048f0   0x00000002   Code   RO         2890    i.HAL_UART_TxCpltCallback  stm32f4xx_hal_uart.o
    0x080048f2   0x080048f2   0x00000002   PAD
    0x080048f4   0x080048f4   0x000000bc   Code   RO         3253    i.HMI_Process_Init  app_process.o
    0x080049b0   0x080049b0   0x00000038   Code   RO         3254    i.HMI_Send_Cmd      app_process.o
    0x080049e8   0x080049e8   0x00000002   Code   RO          372    i.HardFault_Handler  stm32f4xx_it.o
    0x080049ea   0x080049ea   0x00000002   PAD
    0x080049ec   0x080049ec   0x0000003c   Code   RO          208    i.MX_DAC_Init       dac.o
    0x08004a28   0x08004a28   0x0000003c   Code   RO          248    i.MX_DMA_Init       dma.o
    0x08004a64   0x08004a64   0x000000a0   Code   RO          182    i.MX_GPIO_Init      gpio.o
    0x08004b04   0x08004b04   0x000000dc   Code   RO          275    i.MX_TIM1_Init      tim.o
    0x08004be0   0x08004be0   0x00000038   Code   RO          322    i.MX_USART1_UART_Init  usart.o
    0x08004c18   0x08004c18   0x00000038   Code   RO          323    i.MX_USART3_UART_Init  usart.o
    0x08004c50   0x08004c50   0x00000002   Code   RO          373    i.MemManage_Handler  stm32f4xx_it.o
    0x08004c52   0x08004c52   0x00000002   Code   RO          374    i.NMI_Handler       stm32f4xx_it.o
    0x08004c54   0x08004c54   0x00000002   Code   RO          375    i.PendSV_Handler    stm32f4xx_it.o
    0x08004c56   0x08004c56   0x00000002   Code   RO          376    i.SVC_Handler       stm32f4xx_it.o
    0x08004c58   0x08004c58   0x00000004   Code   RO          377    i.SysTick_Handler   stm32f4xx_it.o
    0x08004c5c   0x08004c5c   0x00000098   Code   RO           14    i.SystemClock_Config  main.o
    0x08004cf4   0x08004cf4   0x00000010   Code   RO         3213    i.SystemInit        system_stm32f4xx.o
    0x08004d04   0x08004d04   0x000000d0   Code   RO         1971    i.TIM_Base_SetConfig  stm32f4xx_hal_tim.o
    0x08004dd4   0x08004dd4   0x0000001a   Code   RO         1972    i.TIM_CCxChannelCmd  stm32f4xx_hal_tim.o
    0x08004dee   0x08004dee   0x00000014   Code   RO         1982    i.TIM_ETR_SetConfig  stm32f4xx_hal_tim.o
    0x08004e02   0x08004e02   0x00000010   Code   RO         1983    i.TIM_ITRx_SetConfig  stm32f4xx_hal_tim.o
    0x08004e12   0x08004e12   0x00000002   PAD
    0x08004e14   0x08004e14   0x00000060   Code   RO         1984    i.TIM_OC1_SetConfig  stm32f4xx_hal_tim.o
    0x08004e74   0x08004e74   0x0000006c   Code   RO         1985    i.TIM_OC2_SetConfig  stm32f4xx_hal_tim.o
    0x08004ee0   0x08004ee0   0x00000068   Code   RO         1986    i.TIM_OC3_SetConfig  stm32f4xx_hal_tim.o
    0x08004f48   0x08004f48   0x00000050   Code   RO         1987    i.TIM_OC4_SetConfig  stm32f4xx_hal_tim.o
    0x08004f98   0x08004f98   0x00000022   Code   RO         1989    i.TIM_TI1_ConfigInputStage  stm32f4xx_hal_tim.o
    0x08004fba   0x08004fba   0x00000024   Code   RO         1991    i.TIM_TI2_ConfigInputStage  stm32f4xx_hal_tim.o
    0x08004fde   0x08004fde   0x0000000e   Code   RO         2892    i.UART_DMAAbortOnError  stm32f4xx_hal_uart.o
    0x08004fec   0x08004fec   0x0000004e   Code   RO         2902    i.UART_EndRxTransfer  stm32f4xx_hal_uart.o
    0x0800503a   0x0800503a   0x000000c2   Code   RO         2904    i.UART_Receive_IT   stm32f4xx_hal_uart.o
    0x080050fc   0x080050fc   0x0000010c   Code   RO         2905    i.UART_SetConfig    stm32f4xx_hal_uart.o
    0x08005208   0x08005208   0x00000036   Code   RO         2907    i.UART_Start_Receive_IT  stm32f4xx_hal_uart.o
    0x0800523e   0x0800523e   0x00000072   Code   RO         2908    i.UART_WaitOnFlagUntilTimeout  stm32f4xx_hal_uart.o
    0x080052b0   0x080052b0   0x0000000c   Code   RO          378    i.USART1_IRQHandler  stm32f4xx_it.o
    0x080052bc   0x080052bc   0x00000002   Code   RO          379    i.UsageFault_Handler  stm32f4xx_it.o
    0x080052be   0x080052be   0x00000030   Code   RO         4116    i.__ARM_fpclassify  m_wm.l(fpclassify.o)
    0x080052ee   0x080052ee   0x00000026   Code   RO         4030    i.__ARM_fpclassifyf  m_wm.l(fpclassifyf.o)
    0x08005314   0x08005314   0x00000020   Code   RO         1486    i.__NVIC_SetPriority  stm32f4xx_hal_cortex.o
    0x08005334   0x08005334   0x000002ac   Code   RO         3892    i.__hardfp_atan2f   m_wm.l(atan2f.o)
    0x080055e0   0x080055e0   0x00000070   Code   RO         3904    i.__hardfp_floorf   m_wm.l(floorf.o)
    0x08005650   0x08005650   0x0000016c   Code   RO         3910    i.__hardfp_logf     m_wm.l(logf.o)
    0x080057bc   0x080057bc   0x0000009a   Code   RO         3936    i.__hardfp_roundf   m_wm.l(roundf.o)
    0x08005856   0x08005856   0x0000003a   Code   RO         3924    i.__hardfp_sqrtf    m_wm.l(sqrtf.o)
    0x08005890   0x08005890   0x00000014   Code   RO         4032    i.__mathlib_flt_divzero  m_wm.l(funder.o)
    0x080058a4   0x080058a4   0x00000006   Code   RO         4033    i.__mathlib_flt_infnan  m_wm.l(funder.o)
    0x080058aa   0x080058aa   0x00000006   Code   RO         4034    i.__mathlib_flt_infnan2  m_wm.l(funder.o)
    0x080058b0   0x080058b0   0x00000010   Code   RO         4035    i.__mathlib_flt_invalid  m_wm.l(funder.o)
    0x080058c0   0x080058c0   0x00000010   Code   RO         4038    i.__mathlib_flt_underflow  m_wm.l(funder.o)
    0x080058d0   0x080058d0   0x0000000e   Code   RO         3868    i._is_digit         c_w.l(__printf_wp.o)
    0x080058de   0x080058de   0x00000002   PAD
    0x080058e0   0x080058e0   0x00000034   Code   RO         3383    i.ad9220_stop_dma   bsp_ad9220.o
    0x08005914   0x08005914   0x0000007c   Code   RO         3440    i.alog_analyze      alog_signal.o
    0x08005990   0x08005990   0x000000c0   Code   RO         3442    i.alog_init         alog_signal.o
    0x08005a50   0x08005a50   0x00000938   Code   RO         3384    i.bsp_ad9220_capture  bsp_ad9220.o
    0x08006388   0x08006388   0x00000060   Code   RO         3387    i.bsp_ad9220_init   bsp_ad9220.o
    0x080063e8   0x080063e8   0x00000088   Code   RO         3255    i.cal_gain          app_process.o
    0x08006470   0x08006470   0x0000016c   Code   RO         3256    i.calc_mv           app_process.o
    0x080065dc   0x080065dc   0x000000f8   Code   RO         3444    i.calc_result       alog_signal.o
    0x080066d4   0x080066d4   0x000000b8   Code   RO         3445    i.calc_spectrum     alog_signal.o
    0x0800678c   0x0800678c   0x000000ac   Code   RO         3446    i.calc_time         alog_signal.o
    0x08006838   0x08006838   0x00000006   Code   RO         3447    i.clear_result      alog_signal.o
    0x0800683e   0x0800683e   0x00000002   PAD
    0x08006840   0x08006840   0x000004f4   Code   RO         3257    i.debug_measure     app_process.o
    0x08006d34   0x08006d34   0x00000160   Code   RO         3448    i.find_peaks        alog_signal.o
    0x08006e94   0x08006e94   0x000001dc   Code   RO         3449    i.fit_components    alog_signal.o
    0x08007070   0x08007070   0x00000020   Code   RO         3258    i.hmi_freq_khz      app_process.o
    0x08007090   0x08007090   0x00000188   Code   RO         3259    i.hmi_show_result   app_process.o
    0x08007218   0x08007218   0x00000034   Code   RO         3260    i.hmi_wait          app_process.o
    0x0800724c   0x0800724c   0x00000080   Code   RO         3261    i.hmi_wave_send     app_process.o
    0x080072cc   0x080072cc   0x000000c0   Code   RO         3450    i.interp_freq       alog_signal.o
    0x0800738c   0x0800738c   0x00000064   Code   RO           15    i.main              main.o
    0x080073f0   0x080073f0   0x00000118   Code   RO         3262    i.make_spec         app_process.o
    0x08007508   0x08007508   0x000000b8   Code   RO         3263    i.make_wave         app_process.o
    0x080075c0   0x080075c0   0x00000270   Code   RO         3451    i.select_model      alog_signal.o
    0x08007830   0x08007830   0x0000009c   Code   RO         3264    i.signal_rebuild_zero_phase  app_process.o
    0x080078cc   0x080078cc   0x00000164   Code   RO         3265    i.task_measure      app_process.o
    0x08007a30   0x08007a30   0x0000001c   Code   RO         3452    i.valid_float       alog_signal.o
    0x08007a4c   0x08007a4c   0x0000002c   Code   RO         4112    locale$$code        c_w.l(lc_numeric_c.o)
    0x08007a78   0x08007a78   0x0000002c   Code   RO         4189    locale$$code        c_w.l(lc_ctype_c.o)
    0x08007aa4   0x08007aa4   0x0000000c   Code   RO         4017    x$fpl$dretinf       fz_wm.l(dretinf.o)
    0x08007ab0   0x08007ab0   0x00000056   Code   RO         3888    x$fpl$f2d           fz_wm.l(f2d.o)
    0x08007b06   0x08007b06   0x0000008c   Code   RO         4019    x$fpl$fnaninf       fz_wm.l(fnaninf.o)
    0x08007b92   0x08007b92   0x0000000a   Code   RO         4197    x$fpl$fpinit        fz_wm.l(fpinit.o)
    0x08007b9c   0x08007b9c   0x00000060   Code   RO         4021    x$fpl$frnd          fz_wm.l(frnd.o)
    0x08007bfc   0x08007bfc   0x00000004   Code   RO         3890    x$fpl$printf1       fz_wm.l(printf1.o)
    0x08007c00   0x08007c00   0x00000004   Code   RO         4023    x$fpl$printf2       fz_wm.l(printf2.o)
    0x08007c04   0x08007c04   0x00000000   Code   RO         4029    x$fpl$usenofp       fz_wm.l(usenofp.o)
    0x08007c04   0x08007c04   0x00000008   Data   RO         1200    .constdata          stm32f4xx_hal_dma.o
    0x08007c0c   0x08007c0c   0x00000010   Data   RO         3214    .constdata          system_stm32f4xx.o
    0x08007c1c   0x08007c1c   0x00000008   Data   RO         3215    .constdata          system_stm32f4xx.o
    0x08007c24   0x08007c24   0x00000068   Data   RO         3267    .constdata          app_process.o
    0x08007c8c   0x08007c8c   0x00000011   Data   RO         3876    .constdata          c_w.l(__printf_flags_ss_wp.o)
    0x08007c9d   0x08007c9d   0x00000003   PAD
    0x08007ca0   0x08007ca0   0x00000040   Data   RO         3913    .constdata          m_wm.l(logf.o)
    0x08007ce0   0x08007ce0   0x00000008   Data   RO         3966    .constdata          c_w.l(_printf_wctomb.o)
    0x08007ce8   0x08007ce8   0x00000028   Data   RO         3995    .constdata          c_w.l(_printf_hex_int_ll_ptr.o)
    0x08007d10   0x08007d10   0x00000026   Data   RO         4076    .constdata          c_w.l(_printf_fp_hex.o)
    0x08007d36   0x08007d36   0x00000002   PAD
    0x08007d38   0x08007d38   0x00000094   Data   RO         4085    .constdata          c_w.l(bigflt0.o)
    0x08007dcc   0x08007dcc   0x00000e10   Data   RO         3677    .rodata.armBitRevIndexTable1024  arm_cortexM4lf_math.lib(arm_common_tables.o)
    0x08008bdc   0x08008bdc   0x000001a0   Data   RO         3674    .rodata.armBitRevIndexTable128  arm_cortexM4lf_math.lib(arm_common_tables.o)
    0x08008d7c   0x08008d7c   0x00000028   Data   RO         3671    .rodata.armBitRevIndexTable16  arm_cortexM4lf_math.lib(arm_common_tables.o)
    0x08008da4   0x08008da4   0x00001dc0   Data   RO         3678    .rodata.armBitRevIndexTable2048  arm_cortexM4lf_math.lib(arm_common_tables.o)
    0x0800ab64   0x0800ab64   0x00000370   Data   RO         3675    .rodata.armBitRevIndexTable256  arm_cortexM4lf_math.lib(arm_common_tables.o)
    0x0800aed4   0x0800aed4   0x00000060   Data   RO         3672    .rodata.armBitRevIndexTable32  arm_cortexM4lf_math.lib(arm_common_tables.o)
    0x0800af34   0x0800af34   0x00001f80   Data   RO         3679    .rodata.armBitRevIndexTable4096  arm_cortexM4lf_math.lib(arm_common_tables.o)
    0x0800ceb4   0x0800ceb4   0x00000380   Data   RO         3676    .rodata.armBitRevIndexTable512  arm_cortexM4lf_math.lib(arm_common_tables.o)
    0x0800d234   0x0800d234   0x00000070   Data   RO         3673    .rodata.armBitRevIndexTable64  arm_cortexM4lf_math.lib(arm_common_tables.o)
    0x0800d2a4   0x0800d2a4   0x00000010   Data   RO         3783    .rodata.arm_cfft_sR_f32_len1024  arm_cortexM4lf_math.lib(arm_const_structs.o)
    0x0800d2b4   0x0800d2b4   0x00000010   Data   RO         3780    .rodata.arm_cfft_sR_f32_len128  arm_cortexM4lf_math.lib(arm_const_structs.o)
    0x0800d2c4   0x0800d2c4   0x00000010   Data   RO         3777    .rodata.arm_cfft_sR_f32_len16  arm_cortexM4lf_math.lib(arm_const_structs.o)
    0x0800d2d4   0x0800d2d4   0x00000010   Data   RO         3784    .rodata.arm_cfft_sR_f32_len2048  arm_cortexM4lf_math.lib(arm_const_structs.o)
    0x0800d2e4   0x0800d2e4   0x00000010   Data   RO         3781    .rodata.arm_cfft_sR_f32_len256  arm_cortexM4lf_math.lib(arm_const_structs.o)
    0x0800d2f4   0x0800d2f4   0x00000010   Data   RO         3778    .rodata.arm_cfft_sR_f32_len32  arm_cortexM4lf_math.lib(arm_const_structs.o)
    0x0800d304   0x0800d304   0x00000010   Data   RO         3785    .rodata.arm_cfft_sR_f32_len4096  arm_cortexM4lf_math.lib(arm_const_structs.o)
    0x0800d314   0x0800d314   0x00000010   Data   RO         3782    .rodata.arm_cfft_sR_f32_len512  arm_cortexM4lf_math.lib(arm_const_structs.o)
    0x0800d324   0x0800d324   0x00000010   Data   RO         3779    .rodata.arm_cfft_sR_f32_len64  arm_cortexM4lf_math.lib(arm_const_structs.o)
    0x0800d334   0x0800d334   0x00000804   Data   RO         3737    .rodata.sinTable_f32  arm_cortexM4lf_math.lib(arm_common_tables.o)
    0x0800db38   0x0800db38   0x00002000   Data   RO         3641    .rodata.twiddleCoef_1024  arm_cortexM4lf_math.lib(arm_common_tables.o)
    0x0800fb38   0x0800fb38   0x00000400   Data   RO         3638    .rodata.twiddleCoef_128  arm_cortexM4lf_math.lib(arm_common_tables.o)
    0x0800ff38   0x0800ff38   0x00000080   Data   RO         3635    .rodata.twiddleCoef_16  arm_cortexM4lf_math.lib(arm_common_tables.o)
    0x0800ffb8   0x0800ffb8   0x00004000   Data   RO         3642    .rodata.twiddleCoef_2048  arm_cortexM4lf_math.lib(arm_common_tables.o)
    0x08013fb8   0x08013fb8   0x00000800   Data   RO         3639    .rodata.twiddleCoef_256  arm_cortexM4lf_math.lib(arm_common_tables.o)
    0x080147b8   0x080147b8   0x00000100   Data   RO         3636    .rodata.twiddleCoef_32  arm_cortexM4lf_math.lib(arm_common_tables.o)
    0x080148b8   0x080148b8   0x00008000   Data   RO         3643    .rodata.twiddleCoef_4096  arm_cortexM4lf_math.lib(arm_common_tables.o)
    0x0801c8b8   0x0801c8b8   0x00001000   Data   RO         3640    .rodata.twiddleCoef_512  arm_cortexM4lf_math.lib(arm_common_tables.o)
    0x0801d8b8   0x0801d8b8   0x00000200   Data   RO         3637    .rodata.twiddleCoef_64  arm_cortexM4lf_math.lib(arm_common_tables.o)
    0x0801dab8   0x0801dab8   0x00001000   Data   RO         3702    .rodata.twiddleCoef_rfft_1024  arm_cortexM4lf_math.lib(arm_common_tables.o)
    0x0801eab8   0x0801eab8   0x00000200   Data   RO         3699    .rodata.twiddleCoef_rfft_128  arm_cortexM4lf_math.lib(arm_common_tables.o)
    0x0801ecb8   0x0801ecb8   0x00002000   Data   RO         3703    .rodata.twiddleCoef_rfft_2048  arm_cortexM4lf_math.lib(arm_common_tables.o)
    0x08020cb8   0x08020cb8   0x00000400   Data   RO         3700    .rodata.twiddleCoef_rfft_256  arm_cortexM4lf_math.lib(arm_common_tables.o)
    0x080210b8   0x080210b8   0x00000080   Data   RO         3697    .rodata.twiddleCoef_rfft_32  arm_cortexM4lf_math.lib(arm_common_tables.o)
    0x08021138   0x08021138   0x00004000   Data   RO         3704    .rodata.twiddleCoef_rfft_4096  arm_cortexM4lf_math.lib(arm_common_tables.o)
    0x08025138   0x08025138   0x00000800   Data   RO         3701    .rodata.twiddleCoef_rfft_512  arm_cortexM4lf_math.lib(arm_common_tables.o)
    0x08025938   0x08025938   0x00000100   Data   RO         3698    .rodata.twiddleCoef_rfft_64  arm_cortexM4lf_math.lib(arm_common_tables.o)
    0x08025a38   0x08025a38   0x00000020   Data   RO         4268    Region$$Table       anon$$obj.o
    0x08025a58   0x08025a58   0x0000001c   Data   RO         4111    locale$$data        c_w.l(lc_numeric_c.o)
    0x08025a74   0x08025a74   0x00000110   Data   RO         4188    locale$$data        c_w.l(lc_ctype_c.o)


    Execution Region RW_IRAM1 (Exec base: 0x20000000, Load base: 0x08025b84, Size: 0x00015398, Max: 0x0001c000, ABSOLUTE)

    Exec Addr    Load Addr    Size         Type   Attr      Idx    E Section Name        Object

    0x20000000   0x08025b84   0x0000000c   Data   RW         1645    .data               stm32f4xx_hal.o
    0x2000000c   0x08025b90   0x00000004   Data   RW         3216    .data               system_stm32f4xx.o
    0x20000010   0x08025b94   0x00000004   Data   RW         3268    .data               app_process.o
    0x20000014   0x08025b98   0x00000008   Data   RW         3454    .data               alog_signal.o
    0x2000001c        -       0x00000014   Zero   RW          209    .bss                dac.o
    0x20000030        -       0x000000a8   Zero   RW          276    .bss                tim.o
    0x200000d8        -       0x000000f0   Zero   RW          324    .bss                usart.o
    0x200001c8        -       0x00006b58   Zero   RW         3266    .bss                app_process.o
    0x20006d20        -       0x0000e018   Zero   RW         3453    .bss                alog_signal.o
    0x20014d38        -       0x00000060   Zero   RW         4119    .bss                c_w.l(libspace.o)
    0x20014d98        -       0x00000200   Zero   RW            2    HEAP                startup_stm32f407xx.o
    0x20014f98        -       0x00000400   Zero   RW            1    STACK               startup_stm32f407xx.o


    Execution Region RW_IRAM2 (Exec base: 0x2001c000, Load base: 0x08025ba0, Size: 0x00000000, Max: 0x00004000, ABSOLUTE)

    **** No section assigned to this execution region ****


==============================================================================

Image component sizes


      Code (inc. data)   RO Data    RW Data    ZI Data      Debug   Object Name

      2598        174          0          8      57368      14431   alog_signal.o
      3784       1254        104          4      27480      31661   app_process.o
      2508         66          0          0          0       2771   bsp_ad9220.o
       156         22          0          0         20       1727   dac.o
        60          4          0          0          0        810   dma.o
       160         12          0          0          0       1027   gpio.o
       256         40          0          0          0     697528   main.o
        64         26        392          0       1536        856   startup_stm32f407xx.o
       180         28          0         12          0       9517   stm32f4xx_hal.o
       198         14          0          0          0      33919   stm32f4xx_hal_cortex.o
       118          0          0          0          0       1991   stm32f4xx_hal_dac.o
      1338         16          8          0          0       9344   stm32f4xx_hal_dma.o
       522         46          0          0          0       2893   stm32f4xx_hal_gpio.o
        48          6          0          0          0        886   stm32f4xx_hal_msp.o
      1344         72          0          0          0       5344   stm32f4xx_hal_rcc.o
      1658        118          0          0          0      14099   stm32f4xx_hal_tim.o
       228         28          0          0          0       2240   stm32f4xx_hal_tim_ex.o
      1656         14          0          0          0      11620   stm32f4xx_hal_uart.o
        56         18          0          0          0       5766   stm32f4xx_it.o
        16          4         24          4          0       1171   system_stm32f4xx.o
       456         46          0          0        168       2674   tim.o
       356         44          0          0        240       2582   usart.o

    ----------------------------------------------------------------------
     17782       2052        560         28      86812     854857   Object Totals
         0          0         32          0          0          0   (incl. Generated)
        22          0          0          0          0          0   (incl. Padding)

    ----------------------------------------------------------------------

      Code (inc. data)   RO Data    RW Data    ZI Data      Debug   Library Member Name

        68          0          0          0          0       1792   arm_bitreversal2.o
      1652          0          0          0          0       7236   arm_cfft_f32.o
       180          0          0          0          0       1283   arm_cfft_init_f32.o
      1458          4          0          0          0       5452   arm_cfft_radix8_f32.o
         0          0     121820          0          0       6294   arm_common_tables.o
         0          0        144          0          0       4820   arm_const_structs.o
       152         12          0          0          0       1104   arm_cos_f32.o
       430          0          0          0          0       3280   arm_rfft_fast_f32.o
       466          0          0          0          0       3844   arm_rfft_fast_init_f32.o
       144         12          0          0          0       1092   arm_sin_f32.o
        56          6          0          0          0         88   __2snprintf.o
         8          0          0          0          0         68   __main.o
       392          4         17          0          0         92   __printf_flags_ss_wp.o
        14          0          0          0          0         68   __printf_wp.o
         0          0          0          0          0          0   __rtentry.o
        12          0          0          0          0          0   __rtentry2.o
         6          0          0          0          0          0   __rtentry4.o
        52          8          0          0          0          0   __scatter.o
        26          0          0          0          0          0   __scatter_copy.o
        28          0          0          0          0          0   __scatter_zi.o
         6          0          0          0          0          0   _printf_a.o
         6          0          0          0          0          0   _printf_c.o
        44          0          0          0          0        108   _printf_char.o
        48          6          0          0          0         96   _printf_char_common.o
        40          0          0          0          0         68   _printf_charcount.o
         6          0          0          0          0          0   _printf_d.o
       120         16          0          0          0         92   _printf_dec.o
         6          0          0          0          0          0   _printf_e.o
         6          0          0          0          0          0   _printf_f.o
      1054          0          0          0          0        216   _printf_fp_dec.o
       764          8         38          0          0        100   _printf_fp_hex.o
       128         16          0          0          0         84   _printf_fp_infnan.o
         6          0          0          0          0          0   _printf_g.o
       148          4         40          0          0        160   _printf_hex_int_ll_ptr.o
         6          0          0          0          0          0   _printf_i.o
       178          0          0          0          0         88   _printf_intcommon.o
        10          0          0          0          0          0   _printf_l.o
         6          0          0          0          0          0   _printf_lc.o
        10          0          0          0          0          0   _printf_ll.o
         6          0          0          0          0          0   _printf_lld.o
         6          0          0          0          0          0   _printf_lli.o
         6          0          0          0          0          0   _printf_llo.o
         6          0          0          0          0          0   _printf_llu.o
         6          0          0          0          0          0   _printf_llx.o
       124         16          0          0          0         92   _printf_longlong_dec.o
         6          0          0          0          0          0   _printf_ls.o
         6          0          0          0          0          0   _printf_n.o
         6          0          0          0          0          0   _printf_o.o
       112         10          0          0          0        124   _printf_oct_int_ll.o
         6          0          0          0          0          0   _printf_p.o
        78          0          0          0          0        108   _printf_pad.o
         0          0          0          0          0          0   _printf_percent.o
         4          0          0          0          0          0   _printf_percent_end.o
         6          0          0          0          0          0   _printf_s.o
        82          0          0          0          0         80   _printf_str.o
        36          0          0          0          0         84   _printf_truncate.o
         6          0          0          0          0          0   _printf_u.o
        44          0          0          0          0        108   _printf_wchar.o
       188          6          8          0          0         92   _printf_wctomb.o
         6          0          0          0          0          0   _printf_x.o
        22          0          0          0          0        100   _rserrno.o
        16          0          0          0          0         68   _snputc.o
        10          0          0          0          0         68   _sputc.o
        64          0          0          0          0         92   _wcrtomb.o
       228          4        148          0          0         96   bigflt0.o
      1936        128          0          0          0        672   btod.o
        18          0          0          0          0         80   exit.o
         6          0          0          0          0        152   heapauxi.o
         0          0          0          0          0          0   indicate_semi.o
        44         10        272          0          0         76   lc_ctype_c.o
        44         10         28          0          0         76   lc_numeric_c.o
         2          0          0          0          0          0   libinit.o
        34          0          0          0          0          0   libinit2.o
         2          0          0          0          0          0   libshutdown.o
         2          0          0          0          0          0   libshutdown2.o
         8          4          0          0         96         68   libspace.o
       138          0          0          0          0         80   lludiv10.o
       238          0          0          0          0        100   lludivv7m.o
        16          4          0          0          0         76   rt_ctype_table.o
         8          4          0          0          0         68   rt_errno_addr_intlibspace.o
         8          4          0          0          0         68   rt_locale_intlibspace.o
        78          0          0          0          0         80   rt_memclr_w.o
         2          0          0          0          0          0   rtexit.o
        10          0          0          0          0          0   rtexit2.o
       128          0          0          0          0         68   strcmpv7m.o
        12          4          0          0          0         68   sys_exit.o
        74          0          0          0          0         80   sys_stackheap_outer.o
         2          0          0          0          0         68   use_no_semi.o
        52          4          0          0          0         80   vsnprintf.o
        12          0          0          0          0        116   dretinf.o
        86          4          0          0          0        132   f2d.o
       140          4          0          0          0        132   fnaninf.o
        10          0          0          0          0        116   fpinit.o
        96          4          0          0          0        124   frnd.o
         4          0          0          0          0        116   printf1.o
         4          0          0          0          0        116   printf2.o
         0          0          0          0          0          0   usenofp.o
       684         90          0          0          0        208   atan2f.o
       112         14          0          0          0        116   floorf.o
        48          0          0          0          0        124   fpclassify.o
        38          0          0          0          0        116   fpclassifyf.o
        64         18          0          0          0        580   funder.o
       364         44         64          0          0        140   logf.o
       154          0          0          0          0        140   roundf.o
        58          0          0          0          0        136   sqrtf.o

    ----------------------------------------------------------------------
     13574        482     122584          0         96      43009   Library Totals
        22          0          5          0          0          0   (incl. Padding)

    ----------------------------------------------------------------------

      Code (inc. data)   RO Data    RW Data    ZI Data      Debug   Library Name

      4550         28     121964          0          0      36197   arm_cortexM4lf_math.lib
      7128        276        551          0         96       4400   c_w.l
       352         12          0          0          0        852   fz_wm.l
      1522        166         64          0          0       1560   m_wm.l

    ----------------------------------------------------------------------
     13574        482     122584          0         96      43009   Library Totals

    ----------------------------------------------------------------------

==============================================================================


      Code (inc. data)   RO Data    RW Data    ZI Data      Debug   

     31356       2534     123144         28      86908     882462   Grand Totals
     31356       2534     123144         28      86908     882462   ELF Image Totals
     31356       2534     123144         28          0          0   ROM Totals

==============================================================================

    Total RO  Size (Code + RO Data)               154500 ( 150.88kB)
    Total RW  Size (RW Data + ZI Data)             86936 (  84.90kB)
    Total ROM Size (Code + RO Data + RW Data)     154528 ( 150.91kB)

==============================================================================

